Component: ARM Compiler 5.06 update 7 (build 960) Tool: armlink [4d3601]

==============================================================================

Section Cross References

    startup_gd32f30x_hd.o(RESET) refers to startup_gd32f30x_hd.o(STACK) for __initial_sp
    startup_gd32f30x_hd.o(RESET) refers to startup_gd32f30x_hd.o(.text) for Reset_Handler
    startup_gd32f30x_hd.o(RESET) refers to bsp_systicker.o(i.SysTick_Handler) for SysTick_Handler
    startup_gd32f30x_hd.o(RESET) refers to bsp_uart.o(i.USART0_IRQHandler) for USART0_IRQHandler
    startup_gd32f30x_hd.o(RESET) refers to bsp_gpio.o(i.TIMER6_IRQHandler) for TIMER6_IRQHandler
    startup_gd32f30x_hd.o(.text) refers to system_gd32f30x.o(i.SystemInit) for SystemInit
    startup_gd32f30x_hd.o(.text) refers to entry.o(.ARM.Collect$$$$00000000) for __main
    gd32f30x_adc.o(i.adc_deinit) refers to gd32f30x_rcu.o(i.rcu_periph_reset_enable) for rcu_periph_reset_enable
    gd32f30x_adc.o(i.adc_deinit) refers to gd32f30x_rcu.o(i.rcu_periph_reset_disable) for rcu_periph_reset_disable
    gd32f30x_fmc.o(i.fmc_bank0_erase) refers to gd32f30x_fmc.o(i.fmc_bank0_ready_wait) for fmc_bank0_ready_wait
    gd32f30x_fmc.o(i.fmc_bank0_ready_wait) refers to gd32f30x_fmc.o(i.fmc_bank0_state_get) for fmc_bank0_state_get
    gd32f30x_fmc.o(i.fmc_bank1_erase) refers to gd32f30x_fmc.o(i.fmc_bank1_ready_wait) for fmc_bank1_ready_wait
    gd32f30x_fmc.o(i.fmc_bank1_ready_wait) refers to gd32f30x_fmc.o(i.fmc_bank1_state_get) for fmc_bank1_state_get
    gd32f30x_fmc.o(i.fmc_halfword_program) refers to gd32f30x_fmc.o(i.fmc_bank0_ready_wait) for fmc_bank0_ready_wait
    gd32f30x_fmc.o(i.fmc_halfword_program) refers to gd32f30x_fmc.o(i.fmc_bank1_ready_wait) for fmc_bank1_ready_wait
    gd32f30x_fmc.o(i.fmc_mass_erase) refers to gd32f30x_fmc.o(i.fmc_bank0_ready_wait) for fmc_bank0_ready_wait
    gd32f30x_fmc.o(i.fmc_mass_erase) refers to gd32f30x_fmc.o(i.fmc_bank1_ready_wait) for fmc_bank1_ready_wait
    gd32f30x_fmc.o(i.fmc_page_erase) refers to gd32f30x_fmc.o(i.fmc_bank0_ready_wait) for fmc_bank0_ready_wait
    gd32f30x_fmc.o(i.fmc_page_erase) refers to gd32f30x_fmc.o(i.fmc_bank1_ready_wait) for fmc_bank1_ready_wait
    gd32f30x_fmc.o(i.fmc_word_program) refers to gd32f30x_fmc.o(i.fmc_bank0_ready_wait) for fmc_bank0_ready_wait
    gd32f30x_fmc.o(i.fmc_word_program) refers to gd32f30x_fmc.o(i.fmc_bank1_ready_wait) for fmc_bank1_ready_wait
    gd32f30x_fmc.o(i.fmc_word_reprogram) refers to gd32f30x_fmc.o(i.fmc_bank0_ready_wait) for fmc_bank0_ready_wait
    gd32f30x_fmc.o(i.fmc_word_reprogram) refers to gd32f30x_fmc.o(i.fmc_bank1_ready_wait) for fmc_bank1_ready_wait
    gd32f30x_fmc.o(i.ob_data_program) refers to gd32f30x_fmc.o(i.fmc_bank0_ready_wait) for fmc_bank0_ready_wait
    gd32f30x_fmc.o(i.ob_erase) refers to gd32f30x_fmc.o(i.fmc_bank0_ready_wait) for fmc_bank0_ready_wait
    gd32f30x_fmc.o(i.ob_erase) refers to gd32f30x_fmc.o(i.ob_spc_get) for ob_spc_get
    gd32f30x_fmc.o(i.ob_security_protection_config) refers to gd32f30x_fmc.o(i.fmc_bank0_ready_wait) for fmc_bank0_ready_wait
    gd32f30x_fmc.o(i.ob_user_write) refers to gd32f30x_fmc.o(i.fmc_bank0_ready_wait) for fmc_bank0_ready_wait
    gd32f30x_fmc.o(i.ob_write_protection_enable) refers to gd32f30x_fmc.o(i.fmc_bank0_ready_wait) for fmc_bank0_ready_wait
    gd32f30x_gpio.o(i.gpio_afio_deinit) refers to gd32f30x_rcu.o(i.rcu_periph_reset_enable) for rcu_periph_reset_enable
    gd32f30x_gpio.o(i.gpio_afio_deinit) refers to gd32f30x_rcu.o(i.rcu_periph_reset_disable) for rcu_periph_reset_disable
    gd32f30x_gpio.o(i.gpio_deinit) refers to gd32f30x_rcu.o(i.rcu_periph_reset_enable) for rcu_periph_reset_enable
    gd32f30x_gpio.o(i.gpio_deinit) refers to gd32f30x_rcu.o(i.rcu_periph_reset_disable) for rcu_periph_reset_disable
    gd32f30x_misc.o(i.nvic_irq_enable) refers to gd32f30x_misc.o(i.nvic_priority_group_set) for nvic_priority_group_set
    gd32f30x_rcu.o(i.rcu_deinit) refers to gd32f30x_rcu.o(i.rcu_osci_stab_wait) for rcu_osci_stab_wait
    gd32f30x_rcu.o(i.rcu_osci_stab_wait) refers to gd32f30x_rcu.o(i.rcu_flag_get) for rcu_flag_get
    gd32f30x_timer.o(i.timer_deinit) refers to gd32f30x_rcu.o(i.rcu_periph_reset_enable) for rcu_periph_reset_enable
    gd32f30x_timer.o(i.timer_deinit) refers to gd32f30x_rcu.o(i.rcu_periph_reset_disable) for rcu_periph_reset_disable
    gd32f30x_timer.o(i.timer_external_clock_mode0_config) refers to gd32f30x_timer.o(i.timer_external_trigger_config) for timer_external_trigger_config
    gd32f30x_timer.o(i.timer_external_clock_mode1_config) refers to gd32f30x_timer.o(i.timer_external_trigger_config) for timer_external_trigger_config
    gd32f30x_timer.o(i.timer_external_trigger_as_external_clock_config) refers to gd32f30x_timer.o(i.timer_input_trigger_source_select) for timer_input_trigger_source_select
    gd32f30x_timer.o(i.timer_input_capture_config) refers to gd32f30x_timer.o(i.timer_channel_input_capture_prescaler_config) for timer_channel_input_capture_prescaler_config
[...]
    Removing gd32f30x_adc.o(i.adc_resolution_config), (20 bytes).
    Removing gd32f30x_adc.o(i.adc_software_trigger_enable), (30 bytes).
    Removing gd32f30x_adc.o(i.adc_special_function_config), (90 bytes).
    Removing gd32f30x_adc.o(i.adc_sync_mode_convert_value_read), (12 bytes).
    Removing gd32f30x_adc.o(i.adc_tempsensor_vrefint_disable), (20 bytes).
    Removing gd32f30x_adc.o(i.adc_tempsensor_vrefint_enable), (20 bytes).
    Removing gd32f30x_adc.o(i.adc_watchdog_disable), (16 bytes).
    Removing gd32f30x_adc.o(i.adc_watchdog_group_channel_enable), (64 bytes).
    Removing gd32f30x_adc.o(i.adc_watchdog_single_channel_enable), (32 bytes).
    Removing gd32f30x_adc.o(i.adc_watchdog_threshold_config), (14 bytes).
    Removing gd32f30x_exti.o(.rev16_text), (4 bytes).
    Removing gd32f30x_exti.o(.revsh_text), (4 bytes).
    Removing gd32f30x_exti.o(i.exti_deinit), (28 bytes).
    Removing gd32f30x_exti.o(i.exti_event_disable), (16 bytes).
    Removing gd32f30x_exti.o(i.exti_event_enable), (16 bytes).
    Removing gd32f30x_exti.o(i.exti_flag_clear), (12 bytes).
    Removing gd32f30x_exti.o(i.exti_flag_get), (24 bytes).
    Removing gd32f30x_exti.o(i.exti_init), (184 bytes).
    Removing gd32f30x_exti.o(i.exti_interrupt_disable), (16 bytes).
    Removing gd32f30x_exti.o(i.exti_interrupt_enable), (16 bytes).
    Removing gd32f30x_exti.o(i.exti_interrupt_flag_clear), (12 bytes).
    Removing gd32f30x_exti.o(i.exti_interrupt_flag_get), (36 bytes).
    Removing gd32f30x_exti.o(i.exti_software_interrupt_disable), (16 bytes).
    Removing gd32f30x_exti.o(i.exti_software_interrupt_enable), (16 bytes).
    Removing gd32f30x_fmc.o(.rev16_text), (4 bytes).
    Removing gd32f30x_fmc.o(.revsh_text), (4 bytes).
    Removing gd32f30x_fmc.o(i.fmc_bank0_erase), (68 bytes).
    Removing gd32f30x_fmc.o(i.fmc_bank0_lock), (20 bytes).
    Removing gd32f30x_fmc.o(i.fmc_bank0_unlock), (36 bytes).
    Removing gd32f30x_fmc.o(i.fmc_bank1_erase), (68 bytes).
    Removing gd32f30x_fmc.o(i.fmc_bank1_lock), (20 bytes).
    Removing gd32f30x_fmc.o(i.fmc_bank1_unlock), (36 bytes).
    Removing gd32f30x_fmc.o(i.fmc_flag_get), (36 bytes).
    Removing gd32f30x_fmc.o(i.fmc_halfword_program), (192 bytes).
    Removing gd32f30x_fmc.o(i.fmc_interrupt_disable), (32 bytes).
    Removing gd32f30x_fmc.o(i.fmc_interrupt_enable), (32 bytes).
    Removing gd32f30x_fmc.o(i.fmc_interrupt_flag_clear), (32 bytes).
    Removing gd32f30x_fmc.o(i.fmc_interrupt_flag_get), (108 bytes).
    Removing gd32f30x_fmc.o(i.fmc_mass_erase), (196 bytes).
    Removing gd32f30x_fmc.o(i.fmc_word_reprogram), (244 bytes).
    Removing gd32f30x_fmc.o(i.fmc_wscnt_set), (24 bytes).
    Removing gd32f30x_fmc.o(i.ob_data_get), (16 bytes).
    Removing gd32f30x_fmc.o(i.ob_data_program), (68 bytes).
    Removing gd32f30x_fmc.o(i.ob_erase), (140 bytes).
    Removing gd32f30x_fmc.o(i.ob_lock), (20 bytes).
    Removing gd32f30x_fmc.o(i.ob_security_protection_config), (132 bytes).
    Removing gd32f30x_fmc.o(i.ob_spc_get), (24 bytes).
    Removing gd32f30x_fmc.o(i.ob_unlock), (36 bytes).
    Removing gd32f30x_fmc.o(i.ob_user_get), (16 bytes).
    Removing gd32f30x_fmc.o(i.ob_user_write), (96 bytes).
    Removing gd32f30x_fmc.o(i.ob_write_protection_enable), (168 bytes).
    Removing gd32f30x_fmc.o(i.ob_write_protection_get), (12 bytes).
    Removing gd32f30x_fwdgt.o(.rev16_text), (4 bytes).
    Removing gd32f30x_fwdgt.o(.revsh_text), (4 bytes).
    Removing gd32f30x_fwdgt.o(i.fwdgt_flag_get), (24 bytes).
    Removing gd32f30x_fwdgt.o(i.fwdgt_write_disable), (12 bytes).
    Removing gd32f30x_gpio.o(.rev16_text), (4 bytes).
    Removing gd32f30x_gpio.o(.revsh_text), (4 bytes).
    Removing gd32f30x_gpio.o(i.gpio_afio_deinit), (20 bytes).
    Removing gd32f30x_gpio.o(i.gpio_bit_reset), (4 bytes).
    Removing gd32f30x_gpio.o(i.gpio_bit_set), (4 bytes).
    Removing gd32f30x_gpio.o(i.gpio_compensation_config), (24 bytes).
    Removing gd32f30x_gpio.o(i.gpio_compensation_flag_get), (24 bytes).
    Removing gd32f30x_gpio.o(i.gpio_deinit), (196 bytes).
    Removing gd32f30x_gpio.o(i.gpio_event_output_config), (28 bytes).
    Removing gd32f30x_gpio.o(i.gpio_event_output_disable), (20 bytes).
    Removing gd32f30x_gpio.o(i.gpio_event_output_enable), (20 bytes).
    Removing gd32f30x_gpio.o(i.gpio_exti_source_select), (152 bytes).
    Removing gd32f30x_gpio.o(i.gpio_input_bit_get), (16 bytes).
    Removing gd32f30x_gpio.o(i.gpio_input_port_get), (8 bytes).
    Removing gd32f30x_gpio.o(i.gpio_output_bit_get), (16 bytes).
    Removing gd32f30x_gpio.o(i.gpio_output_port_get), (8 bytes).
    Removing gd32f30x_gpio.o(i.gpio_pin_lock), (18 bytes).
    Removing gd32f30x_gpio.o(i.gpio_port_write), (4 bytes).
    Removing gd32f30x_misc.o(.rev16_text), (4 bytes).
    Removing gd32f30x_misc.o(.revsh_text), (4 bytes).
    Removing gd32f30x_misc.o(i.nvic_irq_disable), (24 bytes).
    Removing gd32f30x_misc.o(i.nvic_vector_table_set), (20 bytes).
    Removing gd32f30x_misc.o(i.system_lowpower_reset), (16 bytes).
    Removing gd32f30x_misc.o(i.system_lowpower_set), (16 bytes).
    Removing gd32f30x_misc.o(i.systick_clksource_set), (40 bytes).
    Removing gd32f30x_rcu.o(.rev16_text), (4 bytes).
    Removing gd32f30x_rcu.o(.revsh_text), (4 bytes).
    Removing gd32f30x_rcu.o(i.rcu_adc_clock_config), (108 bytes).
    Removing gd32f30x_rcu.o(i.rcu_ahb_clock_config), (24 bytes).
    Removing gd32f30x_rcu.o(i.rcu_all_reset_flag_clear), (20 bytes).
    Removing gd32f30x_rcu.o(i.rcu_apb1_clock_config), (24 bytes).
    Removing gd32f30x_rcu.o(i.rcu_apb2_clock_config), (24 bytes).
    Removing gd32f30x_rcu.o(i.rcu_bkp_reset_disable), (20 bytes).
    Removing gd32f30x_rcu.o(i.rcu_bkp_reset_enable), (20 bytes).
    Removing gd32f30x_rcu.o(i.rcu_ck48m_clock_config), (28 bytes).
    Removing gd32f30x_rcu.o(i.rcu_ckout0_config), (24 bytes).
    Removing gd32f30x_rcu.o(i.rcu_deepsleep_voltage_set), (16 bytes).
    Removing gd32f30x_rcu.o(i.rcu_deinit), (84 bytes).
    Removing gd32f30x_rcu.o(i.rcu_flag_get), (36 bytes).
    Removing gd32f30x_rcu.o(i.rcu_hxtal_clock_monitor_disable), (20 bytes).
    Removing gd32f30x_rcu.o(i.rcu_hxtal_clock_monitor_enable), (20 bytes).
    Removing gd32f30x_rcu.o(i.rcu_interrupt_disable), (32 bytes).
    Removing gd32f30x_rcu.o(i.rcu_interrupt_enable), (32 bytes).
    Removing gd32f30x_rcu.o(i.rcu_interrupt_flag_clear), (32 bytes).
    Removing gd32f30x_rcu.o(i.rcu_interrupt_flag_get), (36 bytes).
    Removing gd32f30x_rcu.o(i.rcu_irc8m_adjust_value_set), (28 bytes).
    Removing gd32f30x_rcu.o(i.rcu_lxtal_drive_capability_config), (24 bytes).
    Removing gd32f30x_rcu.o(i.rcu_osci_bypass_mode_disable), (100 bytes).
    Removing gd32f30x_rcu.o(i.rcu_osci_bypass_mode_enable), (100 bytes).
    Removing gd32f30x_rcu.o(i.rcu_osci_off), (32 bytes).
    Removing gd32f30x_rcu.o(i.rcu_osci_on), (32 bytes).
    Removing gd32f30x_rcu.o(i.rcu_osci_stab_wait), (272 bytes).
    Removing gd32f30x_rcu.o(i.rcu_periph_clock_disable), (32 bytes).
    Removing gd32f30x_rcu.o(i.rcu_periph_clock_sleep_disable), (32 bytes).
    Removing gd32f30x_rcu.o(i.rcu_periph_clock_sleep_enable), (32 bytes).
    Removing gd32f30x_rcu.o(i.rcu_pll_config), (32 bytes).
    Removing gd32f30x_rcu.o(i.rcu_pllpresel_config), (24 bytes).
    Removing gd32f30x_rcu.o(i.rcu_predv0_config), (32 bytes).
    Removing gd32f30x_rcu.o(i.rcu_rtc_clock_config), (24 bytes).
    Removing gd32f30x_rcu.o(i.rcu_system_clock_source_config), (24 bytes).
    Removing gd32f30x_rcu.o(i.rcu_system_clock_source_get), (16 bytes).
    Removing gd32f30x_rcu.o(i.rcu_usb_clock_config), (24 bytes).
    Removing gd32f30x_timer.o(.rev16_text), (4 bytes).
    Removing gd32f30x_timer.o(.revsh_text), (4 bytes).
    Removing gd32f30x_timer.o(i.timer_auto_reload_shadow_disable), (10 bytes).
    Removing gd32f30x_timer.o(i.timer_auto_reload_shadow_enable), (10 bytes).
    Removing gd32f30x_timer.o(i.timer_automatic_output_disable), (10 bytes).
    Removing gd32f30x_timer.o(i.timer_automatic_output_enable), (10 bytes).
    Removing gd32f30x_timer.o(i.timer_autoreload_value_config), (4 bytes).
    Removing gd32f30x_timer.o(i.timer_break_config), (30 bytes).
    Removing gd32f30x_timer.o(i.timer_break_disable), (10 bytes).
    Removing gd32f30x_timer.o(i.timer_break_enable), (10 bytes).
    Removing gd32f30x_timer.o(i.timer_break_struct_para_init), (18 bytes).
    Removing gd32f30x_timer.o(i.timer_channel_capture_value_register_read), (42 bytes).
    Removing gd32f30x_timer.o(i.timer_channel_complementary_output_polarity_config), (70 bytes).
    Removing gd32f30x_timer.o(i.timer_channel_complementary_output_state_config), (70 bytes).
    Removing gd32f30x_timer.o(i.timer_channel_control_shadow_config), (24 bytes).
    Removing gd32f30x_timer.o(i.timer_channel_control_shadow_update_config), (26 bytes).
    Removing gd32f30x_timer.o(i.timer_channel_dma_request_source_select), (26 bytes).
    Removing gd32f30x_timer.o(i.timer_channel_input_capture_prescaler_config), (90 bytes).
    Removing gd32f30x_timer.o(i.timer_channel_input_struct_para_init), (16 bytes).
    Removing gd32f30x_timer.o(i.timer_channel_output_clear_config), (90 bytes).
    Removing gd32f30x_timer.o(i.timer_channel_output_config), (492 bytes).
    Removing gd32f30x_timer.o(i.timer_channel_output_fast_config), (90 bytes).
    Removing gd32f30x_timer.o(i.timer_channel_output_mode_config), (90 bytes).
    Removing gd32f30x_timer.o(i.timer_channel_output_polarity_config), (92 bytes).
    Removing gd32f30x_timer.o(i.timer_channel_output_pulse_value_config), (38 bytes).
    Removing gd32f30x_timer.o(i.timer_channel_output_shadow_config), (90 bytes).
    Removing gd32f30x_timer.o(i.timer_channel_output_state_config), (92 bytes).
    Removing gd32f30x_timer.o(i.timer_channel_output_struct_para_init), (16 bytes).
    Removing gd32f30x_timer.o(i.timer_counter_alignment), (16 bytes).
    Removing gd32f30x_timer.o(i.timer_counter_down_direction), (10 bytes).
    Removing gd32f30x_timer.o(i.timer_counter_read), (8 bytes).
    Removing gd32f30x_timer.o(i.timer_counter_up_direction), (10 bytes).
    Removing gd32f30x_timer.o(i.timer_counter_value_config), (4 bytes).
    Removing gd32f30x_timer.o(i.timer_deinit), (220 bytes).
    Removing gd32f30x_timer.o(i.timer_disable), (10 bytes).
    Removing gd32f30x_timer.o(i.timer_dma_disable), (8 bytes).
    Removing gd32f30x_timer.o(i.timer_dma_enable), (8 bytes).
    Removing gd32f30x_timer.o(i.timer_dma_transfer_config), (24 bytes).
    Removing gd32f30x_timer.o(i.timer_enable), (10 bytes).
    Removing gd32f30x_timer.o(i.timer_event_software_generate), (8 bytes).
    Removing gd32f30x_timer.o(i.timer_external_clock_mode0_config), (40 bytes).
    Removing gd32f30x_timer.o(i.timer_external_clock_mode1_config), (32 bytes).
    Removing gd32f30x_timer.o(i.timer_external_clock_mode1_disable), (10 bytes).
    Removing gd32f30x_timer.o(i.timer_external_trigger_as_external_clock_config), (164 bytes).
    Removing gd32f30x_timer.o(i.timer_external_trigger_config), (30 bytes).
    Removing gd32f30x_timer.o(i.timer_flag_clear), (8 bytes).
    Removing gd32f30x_timer.o(i.timer_flag_get), (16 bytes).
    Removing gd32f30x_timer.o(i.timer_hall_mode_config), (26 bytes).
    Removing gd32f30x_timer.o(i.timer_init), (152 bytes).
    Removing gd32f30x_timer.o(i.timer_input_capture_config), (326 bytes).
    Removing gd32f30x_timer.o(i.timer_input_pwm_capture_config), (356 bytes).
    Removing gd32f30x_timer.o(i.timer_input_trigger_source_select), (16 bytes).
    Removing gd32f30x_timer.o(i.timer_internal_clock_config), (10 bytes).
    Removing gd32f30x_timer.o(i.timer_internal_trigger_as_external_clock_config), (32 bytes).
    Removing gd32f30x_timer.o(i.timer_interrupt_disable), (8 bytes).
    Removing gd32f30x_timer.o(i.timer_interrupt_enable), (8 bytes).
    Removing gd32f30x_timer.o(i.timer_master_output_trigger_source_select), (16 bytes).
    Removing gd32f30x_timer.o(i.timer_master_slave_mode_config), (26 bytes).
    Removing gd32f30x_timer.o(i.timer_output_value_selection_config), (34 bytes).
    Removing gd32f30x_timer.o(i.timer_prescaler_config), (14 bytes).
    Removing gd32f30x_timer.o(i.timer_prescaler_read), (10 bytes).
    Removing gd32f30x_timer.o(i.timer_primary_output_config), (24 bytes).
    Removing gd32f30x_timer.o(i.timer_quadrature_decoder_mode_config), (64 bytes).
    Removing gd32f30x_timer.o(i.timer_repetition_value_config), (4 bytes).
    Removing gd32f30x_timer.o(i.timer_single_pulse_mode_config), (26 bytes).
    Removing gd32f30x_timer.o(i.timer_slave_mode_select), (16 bytes).
    Removing gd32f30x_timer.o(i.timer_struct_para_init), (22 bytes).
    Removing gd32f30x_timer.o(i.timer_update_event_disable), (10 bytes).
    Removing gd32f30x_timer.o(i.timer_update_event_enable), (10 bytes).
    Removing gd32f30x_timer.o(i.timer_update_source_config), (26 bytes).
    Removing gd32f30x_timer.o(i.timer_write_chxval_register_config), (34 bytes).
    Removing gd32f30x_usart.o(.rev16_text), (4 bytes).
    Removing gd32f30x_usart.o(.revsh_text), (4 bytes).
    Removing gd32f30x_usart.o(i.usart_address_config), (20 bytes).
    Removing gd32f30x_usart.o(i.usart_block_length_config), (28 bytes).
    Removing gd32f30x_usart.o(i.usart_data_first_config), (20 bytes).
    Removing gd32f30x_usart.o(i.usart_disable), (10 bytes).
    Removing gd32f30x_usart.o(i.usart_dma_receive_config), (16 bytes).
    Removing gd32f30x_usart.o(i.usart_dma_transmit_config), (16 bytes).
    Removing gd32f30x_usart.o(i.usart_flag_clear), (26 bytes).
    Removing gd32f30x_usart.o(i.usart_flag_get), (30 bytes).
    Removing gd32f30x_usart.o(i.usart_guard_time_config), (24 bytes).
    Removing gd32f30x_usart.o(i.usart_halfduplex_disable), (10 bytes).
    Removing gd32f30x_usart.o(i.usart_halfduplex_enable), (10 bytes).
    Removing gd32f30x_usart.o(i.usart_hardware_flow_cts_config), (16 bytes).
    Removing gd32f30x_usart.o(i.usart_hardware_flow_rts_config), (16 bytes).
    Removing gd32f30x_usart.o(i.usart_interrupt_flag_clear), (26 bytes).
    Removing gd32f30x_usart.o(i.usart_invert_config), (104 bytes).
    Removing gd32f30x_usart.o(i.usart_irda_lowpower_config), (20 bytes).
    Removing gd32f30x_usart.o(i.usart_irda_mode_disable), (10 bytes).
    Removing gd32f30x_usart.o(i.usart_irda_mode_enable), (10 bytes).
    Removing gd32f30x_usart.o(i.usart_lin_break_detection_length_config), (20 bytes).
    Removing gd32f30x_usart.o(i.usart_lin_mode_disable), (10 bytes).
    Removing gd32f30x_usart.o(i.usart_lin_mode_enable), (10 bytes).
    Removing gd32f30x_usart.o(i.usart_mute_mode_disable), (10 bytes).
    Removing gd32f30x_usart.o(i.usart_mute_mode_enable), (10 bytes).
    Removing gd32f30x_usart.o(i.usart_mute_mode_wakeup_config), (16 bytes).
    Removing gd32f30x_usart.o(i.usart_parity_config), (16 bytes).
    Removing gd32f30x_usart.o(i.usart_prescaler_config), (16 bytes).
    Removing gd32f30x_usart.o(i.usart_receiver_timeout_disable), (14 bytes).
    Removing gd32f30x_usart.o(i.usart_receiver_timeout_enable), (14 bytes).
    Removing gd32f30x_usart.o(i.usart_receiver_timeout_threshold_config), (20 bytes).
    Removing gd32f30x_usart.o(i.usart_send_break), (10 bytes).
    Removing gd32f30x_usart.o(i.usart_smartcard_autoretry_config), (26 bytes).
    Removing gd32f30x_usart.o(i.usart_smartcard_mode_disable), (10 bytes).
    Removing gd32f30x_usart.o(i.usart_smartcard_mode_enable), (10 bytes).
    Removing gd32f30x_usart.o(i.usart_smartcard_mode_nack_disable), (10 bytes).
    Removing gd32f30x_usart.o(i.usart_smartcard_mode_nack_enable), (10 bytes).
    Removing gd32f30x_usart.o(i.usart_stop_bit_set), (16 bytes).
    Removing gd32f30x_usart.o(i.usart_synchronous_clock_config), (34 bytes).
    Removing gd32f30x_usart.o(i.usart_synchronous_clock_disable), (10 bytes).
    Removing gd32f30x_usart.o(i.usart_synchronous_clock_enable), (10 bytes).
    Removing gd32f30x_usart.o(i.usart_word_length_set), (16 bytes).
    Removing gd32f30x_wwdgt.o(.rev16_text), (4 bytes).
    Removing gd32f30x_wwdgt.o(.revsh_text), (4 bytes).
    Removing gd32f30x_wwdgt.o(i.wwdgt_config), (56 bytes).
    Removing gd32f30x_wwdgt.o(i.wwdgt_counter_update), (28 bytes).
    Removing gd32f30x_wwdgt.o(i.wwdgt_deinit), (20 bytes).
    Removing gd32f30x_wwdgt.o(i.wwdgt_enable), (20 bytes).
    Removing gd32f30x_wwdgt.o(i.wwdgt_flag_clear), (20 bytes).
    Removing gd32f30x_wwdgt.o(i.wwdgt_flag_get), (24 bytes).
    Removing gd32f30x_wwdgt.o(i.wwdgt_interrupt_enable), (20 bytes).
    Removing system_gd32f30x.o(.rev16_text), (4 bytes).
    Removing system_gd32f30x.o(.revsh_text), (4 bytes).
    Removing system_gd32f30x.o(i.SystemCoreClockUpdate), (184 bytes).
    Removing bsp.o(.rev16_text), (4 bytes).
    Removing bsp.o(.revsh_text), (4 bytes).
    Removing bsp_systicker.o(.rev16_text), (4 bytes).
    Removing bsp_systicker.o(.revsh_text), (4 bytes).
    Removing bsp_systicker.o(i.BSP_SysTicker_GetCurTick), (12 bytes).
    Removing bsp_systicker.o(i.BSP_SysTicker_GetCurUs), (4 bytes).
    Removing bsp_uart.o(.rev16_text), (4 bytes).
    Removing bsp_uart.o(.revsh_text), (4 bytes).
    Removing bsp_uart.o(i.BSP_UART_GetRxData), (4 bytes).
    Removing bsp_uart.o(i.BSP_UART_GetRxLen), (32 bytes).
    Removing bsp_gpio.o(.rev16_text), (4 bytes).
    Removing bsp_gpio.o(.revsh_text), (4 bytes).
    Removing bsp_gpio.o(i.BSP_IO_SetOutput_CloseAll), (2 bytes).
    Removing bsp_gpio.o(i.BSP_IO_SetOutput_LED), (2 bytes).
    Removing bsp_gpio.o(i.BSP_IO_TimerTrigReadInputInit), (88 bytes).
    Removing bsp_gpio.o(i.drv_gpio_remap_TIMER0_DEFAULT_PA8_9_10_11_12_PB12_13_14_15), (14 bytes).
    Removing bsp_gpio.o(i.drv_gpio_remap_TIMER0_NOP), (16 bytes).
    Removing bsp_gpio.o(i.drv_gpio_remap_TIMER0_PA6_7_8_9_10_11_12_PB0_1), (16 bytes).
    Removing bsp_gpio.o(i.drv_gpio_remap_TIMER0_PE7_8_9_10_11_12_13_14_15), (16 bytes).
    Removing bsp_gpio.o(i.drv_gpio_remap_TIMER1_DEFAULT_PA0_1_2_3), (14 bytes).
    Removing bsp_gpio.o(i.drv_gpio_remap_TIMER1_PA0_1_PB10_11), (16 bytes).
    Removing bsp_gpio.o(i.drv_gpio_remap_TIMER1_PA15_PB3_10_11), (16 bytes).
    Removing bsp_gpio.o(i.drv_gpio_remap_TIMER1_PA2_3_15_PB3), (16 bytes).
    Removing bsp_gpio.o(i.drv_gpio_remap_TIMER2_DEFAULT_PA6_7_PB0_1), (14 bytes).
    Removing bsp_gpio.o(i.drv_gpio_remap_TIMER2_NOP), (16 bytes).
    Removing bsp_gpio.o(i.drv_gpio_remap_TIMER2_PB0_1_4_5), (16 bytes).
    Removing bsp_gpio.o(i.drv_gpio_remap_TIMER2_PC6_7_8_9), (16 bytes).
    Removing bsp_gpio.o(i.drv_gpio_remap_TIMER3_DEFAULT_PB6_7_8_9), (14 bytes).
    Removing bsp_gpio.o(i.drv_gpio_remap_USART0_PB6_7), (12 bytes).
    Removing bsp_gpio.o(i.drv_gpio_remap_USART1_DEFAULT_PA0_1_2_3_4), (12 bytes).
    Removing bsp_gpio.o(i.drv_gpio_remap_USART1_PD3_4_5_6_7), (12 bytes).
    Removing bsp_gpio.o(i.drv_gpio_remap_USART2_DEFAULT_PB10_11_12_13_14), (14 bytes).
    Removing bsp_gpio.o(i.drv_gpio_remap_USART2_NOP), (16 bytes).
    Removing bsp_gpio.o(i.drv_gpio_remap_USART2_PC10_11_12_PB13_14), (16 bytes).
    Removing bsp_gpio.o(i.drv_gpio_remap_USART2_PD8_9_10_11_12), (16 bytes).
    Removing bsp_watchdog.o(.rev16_text), (4 bytes).
    Removing bsp_watchdog.o(.revsh_text), (4 bytes).
    Removing bsp_watchdog.o(i.drv_wwdgt_init), (28 bytes).
    Removing bsp_flash.o(.rev16_text), (4 bytes).
    Removing bsp_flash.o(.revsh_text), (4 bytes).
    Removing bsp_feep.o(.rev16_text), (4 bytes).
    Removing bsp_feep.o(.revsh_text), (4 bytes).
    Removing bsp_feep.o(i.BSP_FEEP_Read), (92 bytes).
    Removing bsp_feep.o(i.BSP_FEEP_Write), (352 bytes).
    Removing esf.o(.rev16_text), (4 bytes).
    Removing esf.o(.revsh_text), (4 bytes).
    Removing esf_cpu.o(.rev16_text), (4 bytes).
    Removing esf_cpu.o(.revsh_text), (4 bytes).
    Removing esf_evt.o(.rev16_text), (4 bytes).
    Removing esf_evt.o(.revsh_text), (4 bytes).
    Removing esf_mem.o(.rev16_text), (4 bytes).
    Removing esf_mem.o(.revsh_text), (4 bytes).
    Removing esf_tmr.o(.rev16_text), (4 bytes).
    Removing esf_tmr.o(.revsh_text), (4 bytes).
    Removing esf_tmr.o(i.ESF_TmrExeFuncScheduling), (116 bytes).
    Removing esf_tmr.o(i.ESF_TmrExeFuncTabCheck), (56 bytes).
    Removing commonlib.o(.rev16_text), (4 bytes).
    Removing commonlib.o(.revsh_text), (4 bytes).
    Removing commonlib.o(i.AsciiToHexArray), (152 bytes).
    Removing commonlib.o(i.CRC16_Check), (40 bytes).
    Removing commonlib.o(i.HexArrayToAscii), (60 bytes).
    Removing commonlib.o(i.HexToAscii), (12 bytes).
    Removing commonlib.o(i.Log_OutPut), (124 bytes).
    Removing commonlib.o(i.Log_OutPutChar), (60 bytes).
    Removing commonlib.o(i.PAUSE_OFF), (46 bytes).
    Removing commonlib.o(i.PAUSE_ON), (46 bytes).
    Removing commonlib.o(i.Swap2Byte), (12 bytes).
    Removing commonlib.o(i.Swap4Byte), (26 bytes).
    Removing commonlib.o(i.fputc), (14 bytes).
    Removing commonlib.o(.bss), (262 bytes).
    Removing main.o(.rev16_text), (4 bytes).
    Removing main.o(.revsh_text), (4 bytes).
    Removing system.o(.rev16_text), (4 bytes).
    Removing system.o(.revsh_text), (4 bytes).
    Removing iap.o(.rev16_text), (4 bytes).
    Removing iap.o(.revsh_text), (4 bytes).
    Removing cdp.o(.rev16_text), (4 bytes).
    Removing cdp.o(.revsh_text), (4 bytes).
    Removing cdp.o(i.CDP_DataTxTmrHandle), (2 bytes).
    Removing cdp.o(i.CDP_PDUPackTx), (126 bytes).
    Removing cdp_servers_ctrl.o(.rev16_text), (4 bytes).
    Removing cdp_servers_ctrl.o(.revsh_text), (4 bytes).
    Removing cdp_servers_ctrl.o(i.CDP_ServersCtrl_GetCSFlag), (12 bytes).
    Removing cdp_xxx_ctrl.o(.rev16_text), (4 bytes).
    Removing cdp_xxx_ctrl.o(.revsh_text), (4 bytes).
    Removing cdp_xxx_ctrl.o(i.CDP_XxxCtrl_GetCSFlag), (12 bytes).

358 unused section(s) (total 13844 bytes) removed from the image.

==============================================================================

Image Symbol Table

    Local Symbols

    Symbol Name                              Value     Ov Type        Size  Object(Section)

    ../clib/microlib/init/entry.s            0x00000000   Number         0  entry.o ABSOLUTE
    ../clib/microlib/init/entry.s            0x00000000   Number         0  entry8b.o ABSOLUTE
    ../clib/microlib/init/entry.s            0x00000000   Number         0  entry2.o ABSOLUTE
    ../clib/microlib/init/entry.s            0x00000000   Number         0  entry5.o ABSOLUTE
    ../clib/microlib/init/entry.s            0x00000000   Number         0  entry7a.o ABSOLUTE
    ../clib/microlib/init/entry.s            0x00000000   Number         0  entry8a.o ABSOLUTE
    ../clib/microlib/init/entry.s            0x00000000   Number         0  entry9a.o ABSOLUTE
    ../clib/microlib/init/entry.s            0x00000000   Number         0  entry9b.o ABSOLUTE
    ../clib/microlib/init/entry.s            0x00000000   Number         0  entry12b.o ABSOLUTE
    ../clib/microlib/init/entry.s            0x00000000   Number         0  entry12a.o ABSOLUTE
    ../clib/microlib/init/entry.s            0x00000000   Number         0  entry11b.o ABSOLUTE
    ../clib/microlib/init/entry.s            0x00000000   Number         0  entry11a.o ABSOLUTE
    ../clib/microlib/init/entry.s            0x00000000   Number         0  entry10b.o ABSOLUTE
    ../clib/microlib/init/entry.s            0x00000000   Number         0  entry10a.o ABSOLUTE
    ../clib/microlib/init/entry.s            0x00000000   Number         0  entry7b.o ABSOLUTE
    ../clib/microlib/string/memcmp.c         0x00000000   Number         0  memcmp.o ABSOLUTE
    ../clib/microlib/string/memcpy.c         0x00000000   Number         0  memcpyb.o ABSOLUTE
    ../clib/microlib/string/memcpy.c         0x00000000   Number         0  memcpya.o ABSOLUTE
    ../clib/microlib/string/memset.c         0x00000000   Number         0  memseta.o ABSOLUTE
    ..\SourceFile\BSP\Firmware\CMSIS\GD\GD32F30x\Source\ARM\startup_gd32f30x_hd.s 0x00000000   Number         0  startup_gd32f30x_hd.o ABSOLUTE
    ..\SourceFile\BSP\Firmware\CMSIS\GD\GD32F30x\Source\system_gd32f30x.c 0x00000000   Number         0  system_gd32f30x.o ABSOLUTE
    ..\SourceFile\BSP\Firmware\GD32F30x_standard_peripheral\Source\gd32f30x_adc.c 0x00000000   Number         0  gd32f30x_adc.o ABSOLUTE
    ..\SourceFile\BSP\Firmware\GD32F30x_standard_peripheral\Source\gd32f30x_exti.c 0x00000000   Number         0  gd32f30x_exti.o ABSOLUTE
    ..\SourceFile\BSP\Firmware\GD32F30x_standard_peripheral\Source\gd32f30x_fmc.c 0x00000000   Number         0  gd32f30x_fmc.o ABSOLUTE
    ..\SourceFile\BSP\Firmware\GD32F30x_standard_peripheral\Source\gd32f30x_fwdgt.c 0x00000000   Number         0  gd32f30x_fwdgt.o ABSOLUTE
    ..\SourceFile\BSP\Firmware\GD32F30x_standard_peripheral\Source\gd32f30x_gpio.c 0x00000000   Number         0  gd32f30x_gpio.o ABSOLUTE
    ..\SourceFile\BSP\Firmware\GD32F30x_standard_peripheral\Source\gd32f30x_misc.c 0x00000000   Number         0  gd32f30x_misc.o ABSOLUTE
    ..\SourceFile\BSP\Firmware\GD32F30x_standard_peripheral\Source\gd32f30x_rcu.c 0x00000000   Number         0  gd32f30x_rcu.o ABSOLUTE
    ..\SourceFile\BSP\Firmware\GD32F30x_standard_peripheral\Source\gd32f30x_timer.c 0x00000000   Number         0  gd32f30x_timer.o ABSOLUTE
    ..\SourceFile\BSP\Firmware\GD32F30x_standard_peripheral\Source\gd32f30x_usart.c 0x00000000   Number         0  gd32f30x_usart.o ABSOLUTE
    ..\SourceFile\BSP\Firmware\GD32F30x_standard_peripheral\Source\gd32f30x_wwdgt.c 0x00000000   Number         0  gd32f30x_wwdgt.o ABSOLUTE
    ..\SourceFile\BSP\bsp_drv\src\bsp.c      0x00000000   Number         0  bsp.o ABSOLUTE
    ..\SourceFile\BSP\bsp_drv\src\bsp_feep.c 0x00000000   Number         0  bsp_feep.o ABSOLUTE
    ..\SourceFile\BSP\bsp_drv\src\bsp_flash.c 0x00000000   Number         0  bsp_flash.o ABSOLUTE
    ..\SourceFile\BSP\bsp_drv\src\bsp_gpio.c 0x00000000   Number         0  bsp_gpio.o ABSOLUTE
    ..\SourceFile\BSP\bsp_drv\src\bsp_systicker.c 0x00000000   Number         0  bsp_systicker.o ABSOLUTE
    ..\SourceFile\BSP\bsp_drv\src\bsp_uart.c 0x00000000   Number         0  bsp_uart.o ABSOLUTE
    ..\SourceFile\BSP\bsp_drv\src\bsp_watchdog.c 0x00000000   Number         0  bsp_watchdog.o ABSOLUTE
    ..\SourceFile\EasySoftFrame\CommonLib.c  0x00000000   Number         0  commonlib.o ABSOLUTE
    ..\SourceFile\EasySoftFrame\src\ESF.c    0x00000000   Number         0  esf.o ABSOLUTE
    ..\SourceFile\EasySoftFrame\src\ESF_CPU.c 0x00000000   Number         0  esf_cpu.o ABSOLUTE
    ..\SourceFile\EasySoftFrame\src\ESF_Evt.c 0x00000000   Number         0  esf_evt.o ABSOLUTE
    ..\SourceFile\EasySoftFrame\src\ESF_Mem.c 0x00000000   Number         0  esf_mem.o ABSOLUTE
    ..\SourceFile\EasySoftFrame\src\ESF_Tmr.c 0x00000000   Number         0  esf_tmr.o ABSOLUTE
    ..\SourceFile\UserApp\BootLoader\CDP\src\CDP.c 0x00000000   Number         0  cdp.o ABSOLUTE
    ..\SourceFile\UserApp\BootLoader\CDP\src\CDP_Servers_Ctrl.c 0x00000000   Number         0  cdp_servers_ctrl.o ABSOLUTE
    ..\SourceFile\UserApp\BootLoader\CDP\src\CDP_Xxx_Ctrl.c 0x00000000   Number         0  cdp_xxx_ctrl.o ABSOLUTE
    ..\SourceFile\UserApp\BootLoader\IAP\src\IAP.c 0x00000000   Number         0  iap.o ABSOLUTE
    ..\SourceFile\UserApp\System.c           0x00000000   Number         0  system.o ABSOLUTE
    ..\SourceFile\UserApp\main.c             0x00000000   Number         0  main.o ABSOLUTE
    ..\\SourceFile\\BSP\\Firmware\\CMSIS\\GD\\GD32F30x\\Source\\system_gd32f30x.c 0x00000000   Number         0  system_gd32f30x.o ABSOLUTE
    ..\\SourceFile\\BSP\\Firmware\\GD32F30x_standard_peripheral\\Source\\gd32f30x_adc.c 0x00000000   Number         0  gd32f30x_adc.o ABSOLUTE
    ..\\SourceFile\\BSP\\Firmware\\GD32F30x_standard_peripheral\\Source\\gd32f30x_exti.c 0x00000000   Number         0  gd32f30x_exti.o ABSOLUTE
    ..\\SourceFile\\BSP\\Firmware\\GD32F30x_standard_peripheral\\Source\\gd32f30x_fmc.c 0x00000000   Number         0  gd32f30x_fmc.o ABSOLUTE
    ..\\SourceFile\\BSP\\Firmware\\GD32F30x_standard_peripheral\\Source\\gd32f30x_fwdgt.c 0x00000000   Number         0  gd32f30x_fwdgt.o ABSOLUTE
    ..\\SourceFile\\BSP\\Firmware\\GD32F30x_standard_peripheral\\Source\\gd32f30x_gpio.c 0x00000000   Number         0  gd32f30x_gpio.o ABSOLUTE
    ..\\SourceFile\\BSP\\Firmware\\GD32F30x_standard_peripheral\\Source\\gd32f30x_misc.c 0x00000000   Number         0  gd32f30x_misc.o ABSOLUTE
    ..\\SourceFile\\BSP\\Firmware\\GD32F30x_standard_peripheral\\Source\\gd32f30x_rcu.c 0x00000000   Number         0  gd32f30x_rcu.o ABSOLUTE
    ..\\SourceFile\\BSP\\Firmware\\GD32F30x_standard_peripheral\\Source\\gd32f30x_timer.c 0x00000000   Number         0  gd32f30x_timer.o ABSOLUTE
    ..\\SourceFile\\BSP\\Firmware\\GD32F30x_standard_peripheral\\Source\\gd32f30x_usart.c 0x00000000   Number         0  gd32f30x_usart.o ABSOLUTE
    ..\\SourceFile\\BSP\\Firmware\\GD32F30x_standard_peripheral\\Source\\gd32f30x_wwdgt.c 0x00000000   Number         0  gd32f30x_wwdgt.o ABSOLUTE
    ..\\SourceFile\\BSP\\bsp_drv\\src\\bsp.c 0x00000000   Number         0  bsp.o ABSOLUTE
    ..\\SourceFile\\BSP\\bsp_drv\\src\\bsp_feep.c 0x00000000   Number         0  bsp_feep.o ABSOLUTE
    ..\\SourceFile\\BSP\\bsp_drv\\src\\bsp_flash.c 0x00000000   Number         0  bsp_flash.o ABSOLUTE
    ..\\SourceFile\\BSP\\bsp_drv\\src\\bsp_gpio.c 0x00000000   Number         0  bsp_gpio.o ABSOLUTE
    ..\\SourceFile\\BSP\\bsp_drv\\src\\bsp_systicker.c 0x00000000   Number         0  bsp_systicker.o ABSOLUTE
    ..\\SourceFile\\BSP\\bsp_drv\\src\\bsp_uart.c 0x00000000   Number         0  bsp_uart.o ABSOLUTE
    ..\\SourceFile\\BSP\\bsp_drv\\src\\bsp_watchdog.c 0x00000000   Number         0  bsp_watchdog.o ABSOLUTE
    ..\\SourceFile\\EasySoftFrame\\CommonLib.c 0x00000000   Number         0  commonlib.o ABSOLUTE
    ..\\SourceFile\\EasySoftFrame\\src\\ESF.c 0x00000000   Number         0  esf.o ABSOLUTE
    ..\\SourceFile\\EasySoftFrame\\src\\ESF_CPU.c 0x00000000   Number         0  esf_cpu.o ABSOLUTE
    ..\\SourceFile\\EasySoftFrame\\src\\ESF_Evt.c 0x00000000   Number         0  esf_evt.o ABSOLUTE
    ..\\SourceFile\\EasySoftFrame\\src\\ESF_Mem.c 0x00000000   Number         0  esf_mem.o ABSOLUTE
    ..\\SourceFile\\EasySoftFrame\\src\\ESF_Tmr.c 0x00000000   Number         0  esf_tmr.o ABSOLUTE
    ..\\SourceFile\\UserApp\\BootLoader\\CDP\\src\\CDP.c 0x00000000   Number         0  cdp.o ABSOLUTE
    ..\\SourceFile\\UserApp\\BootLoader\\CDP\\src\\CDP_Servers_Ctrl.c 0x00000000   Number         0  cdp_servers_ctrl.o ABSOLUTE
    ..\\SourceFile\\UserApp\\BootLoader\\CDP\\src\\CDP_Xxx_Ctrl.c 0x00000000   Number         0  cdp_xxx_ctrl.o ABSOLUTE
    ..\\SourceFile\\UserApp\\BootLoader\\IAP\\src\\IAP.c 0x00000000   Number         0  iap.o ABSOLUTE
    ..\\SourceFile\\UserApp\\System.c        0x00000000   Number         0  system.o ABSOLUTE
    ..\\SourceFile\\UserApp\\main.c          0x00000000   Number         0  main.o ABSOLUTE
    dc.s                                     0x00000000   Number         0  dc.o ABSOLUTE
    handlers.s                               0x00000000   Number         0  handlers.o ABSOLUTE
    init.s                                   0x00000000   Number         0  init.o ABSOLUTE
    RESET                                    0x08000000   Section      304  startup_gd32f30x_hd.o(RESET)
    .ARM.Collect$$$$00000000                 0x08000130   Section        0  entry.o(.ARM.Collect$$$$00000000)
    .ARM.Collect$$$$00000001                 0x08000130   Section        4  entry2.o(.ARM.Collect$$$$00000001)
    .ARM.Collect$$$$00000004                 0x08000134   Section        4  entry5.o(.ARM.Collect$$$$00000004)
    .ARM.Collect$$$$00000008                 0x08000138   Section        0  entry7b.o(.ARM.Collect$$$$00000008)
    .ARM.Collect$$$$0000000A                 0x08000138   Section        0  entry8b.o(.ARM.Collect$$$$0000000A)
    .ARM.Collect$$$$0000000B                 0x08000138   Section        8  entry9a.o(.ARM.Collect$$$$0000000B)
    .ARM.Collect$$$$0000000E                 0x08000140   Section        4  entry12b.o(.ARM.Collect$$$$0000000E)
    .ARM.Collect$$$$0000000F                 0x08000144   Section        0  entry10a.o(.ARM.Collect$$$$0000000F)
    .ARM.Collect$$$$00000011                 0x08000144   Section        0  entry11a.o(.ARM.Collect$$$$00000011)
    .ARM.Collect$$$$00002712                 0x08000144   Section        4  entry2.o(.ARM.Collect$$$$00002712)
    __lit__00000000                          0x08000144   Data           4  entry2.o(.ARM.Collect$$$$00002712)
    .text                                    0x08000148   Section       36  startup_gd32f30x_hd.o(.text)
    $v0                                      0x08000148   Number         0  startup_gd32f30x_hd.o(.text)
    .text                                    0x0800016c   Section        0  memcpya.o(.text)
    .text                                    0x08000190   Section        0  memseta.o(.text)
    .text                                    0x080001b4   Section        0  memcmp.o(.text)
    .text                                    0x080001d0   Section       36  init.o(.text)
    i.BSP_FEEP_Init                          0x080001f4   Section        0  bsp_feep.o(i.BSP_FEEP_Init)
    i.BSP_FLASH_Erase                        0x080002d8   Section        0  bsp_flash.o(i.BSP_FLASH_Erase)
    i.BSP_FLASH_ProgramData                  0x0800031c   Section        0  bsp_flash.o(i.BSP_FLASH_ProgramData)
    i.BSP_FLASH_ProgramWord                  0x08000398   Section        0  bsp_flash.o(i.BSP_FLASH_ProgramWord)
    i.BSP_IO_Init                            0x080003d0   Section        0  bsp_gpio.o(i.BSP_IO_Init)
    i.BSP_Init                               0x0800048c   Section        0  bsp.o(i.BSP_Init)
    i.BSP_SysTicker_CalLag                   0x080004d4   Section        0  bsp_systicker.o(i.BSP_SysTicker_CalLag)
    i.BSP_SysTicker_Init                     0x08000500   Section        0  bsp_systicker.o(i.BSP_SysTicker_Init)
    i.BSP_UART_DeInit                        0x08000568   Section        0  bsp_uart.o(i.BSP_UART_DeInit)
    i.BSP_UART_GetTxState                    0x08000588   Section        0  bsp_uart.o(i.BSP_UART_GetTxState)
    i.BSP_UART_Init                          0x080005b0   Section        0  bsp_uart.o(i.BSP_UART_Init)
    i.BSP_UART_RegRxByteCB                   0x080006a0   Section        0  bsp_uart.o(i.BSP_UART_RegRxByteCB)
    i.BSP_UART_TxData                        0x080006bc   Section        0  bsp_uart.o(i.BSP_UART_TxData)
    i.BSP_WatchDog_Feed                      0x08000730   Section        0  bsp_watchdog.o(i.BSP_WatchDog_Feed)
    i.BSP_WatchDog_Init                      0x08000738   Section        0  bsp_watchdog.o(i.BSP_WatchDog_Init)
    i.BinarySearch                           0x08000744   Section        0  commonlib.o(i.BinarySearch)
    i.CDP_CtrlToServers_ByteRx               0x08000798   Section        0  cdp_servers_ctrl.o(i.CDP_CtrlToServers_ByteRx)
    CDP_CtrlToServers_ByteRx                 0x08000799   Thumb Code   296  cdp_servers_ctrl.o(i.CDP_CtrlToServers_ByteRx)
    i.CDP_CtrlToXxx_ByteRx                   0x080008d0   Section        0  cdp_xxx_ctrl.o(i.CDP_CtrlToXxx_ByteRx)
    CDP_CtrlToXxx_ByteRx                     0x080008d1   Thumb Code   296  cdp_xxx_ctrl.o(i.CDP_CtrlToXxx_ByteRx)
    i.CDP_DataObjRxHandle                    0x08000a08   Section        0  cdp.o(i.CDP_DataObjRxHandle)
    i.CDP_Handle                             0x08000afc   Section        0  cdp.o(i.CDP_Handle)
    i.CDP_Init                               0x08000b00   Section        0  cdp.o(i.CDP_Init)
    i.CDP_PDURxHandle                        0x08000b20   Section        0  cdp.o(i.CDP_PDURxHandle)
    i.CDP_PDUTxHandle                        0x08000bbc   Section        0  cdp.o(i.CDP_PDUTxHandle)
    i.CDP_ServersCtrl_DataTx                 0x08000c00   Section        0  cdp_servers_ctrl.o(i.CDP_ServersCtrl_DataTx)
    i.CDP_ServersCtrl_Init                   0x08000c84   Section        0  cdp_servers_ctrl.o(i.CDP_ServersCtrl_Init)
    i.CDP_XxxCtrl_Init                       0x08000c9c   Section        0  cdp_xxx_ctrl.o(i.CDP_XxxCtrl_Init)
    i.CDP_XxxToCtrl_DataTx                   0x08000cb4   Section        0  cdp_xxx_ctrl.o(i.CDP_XxxToCtrl_DataTx)
    i.CRC16_Cal                              0x08000d38   Section        0  commonlib.o(i.CRC16_Cal)
    i.Critical_Enter                         0x08000d80   Section        0  commonlib.o(i.Critical_Enter)
    i.Critical_Exit                          0x08000da0   Section        0  commonlib.o(i.Critical_Exit)
    i.CumulativeSum_Cal                      0x08000dc8   Section        0  commonlib.o(i.CumulativeSum_Cal)
    i.CumulativeSum_Check                    0x08000de2   Section        0  commonlib.o(i.CumulativeSum_Check)
    i.ESF_EvtQuene_Pend                      0x08000e00   Section        0  esf_evt.o(i.ESF_EvtQuene_Pend)
    i.ESF_EvtQuene_Post                      0x08000e48   Section        0  esf_evt.o(i.ESF_EvtQuene_Post)
    i.ESF_Init                               0x08000e9c   Section        0  esf.o(i.ESF_Init)
    i.ESF_MemBuf_Free                        0x08000ea4   Section        0  esf_mem.o(i.ESF_MemBuf_Free)
    i.ESF_MemBuf_Get                         0x08000ee8   Section        0  esf_mem.o(i.ESF_MemBuf_Get)
    i.ESF_MemBuf_Init                        0x08000f28   Section        0  esf_mem.o(i.ESF_MemBuf_Init)
    i.IAPCDPDataObjID                        0x08000f3c   Section        0  cdp.o(i.IAPCDPDataObjID)
    IAPCDPDataObjID                          0x08000f3d   Thumb Code    20  cdp.o(i.IAPCDPDataObjID)
    i.IAP_CDPDataObj_0x01                    0x08000f54   Section        0  iap.o(i.IAP_CDPDataObj_0x01)
    i.IAP_CDPDataObj_0x02                    0x08000f9c   Section        0  iap.o(i.IAP_CDPDataObj_0x02)
    i.IAP_CDPDataObj_0x03                    0x08000ff0   Section        0  iap.o(i.IAP_CDPDataObj_0x03)
    i.IAP_CDPDataObj_0x04                    0x0800119c   Section        0  iap.o(i.IAP_CDPDataObj_0x04)
    i.IAP_CDPDataObj_0x05                    0x08001368   Section        0  iap.o(i.IAP_CDPDataObj_0x05)
    i.IAP_CDPDataObj_0x10                    0x08001424   Section        0  iap.o(i.IAP_CDPDataObj_0x10)
    i.IAP_CDPDataObj_0x20                    0x0800144c   Section        0  iap.o(i.IAP_CDPDataObj_0x20)
    i.IAP_Handle                             0x08001478   Section        0  iap.o(i.IAP_Handle)
    i.IAP_JumpToAppSection                   0x080014a4   Section        0  iap.o(i.IAP_JumpToAppSection)
    i.IAP_LinkTimeOutCheck                   0x08001518   Section        0  iap.o(i.IAP_LinkTimeOutCheck)
    i.IAP_LinkTimeOutResetTime               0x08001548   Section        0  iap.o(i.IAP_LinkTimeOutResetTime)
    i.IAP_RunSectionJudge                    0x0800155c   Section        0  iap.o(i.IAP_RunSectionJudge)
    i.IAP_SetUpdateState                     0x080015d0   Section        0  iap.o(i.IAP_SetUpdateState)
    IAP_SetUpdateState                       0x080015d1   Thumb Code    18  iap.o(i.IAP_SetUpdateState)
    i.ServerCDPDataObjID                     0x080015ec   Section        0  cdp.o(i.ServerCDPDataObjID)
    ServerCDPDataObjID                       0x080015ed   Thumb Code    20  cdp.o(i.ServerCDPDataObjID)
    i.Server_CDPDataObj_0x0901               0x08001604   Section        0  iap.o(i.Server_CDPDataObj_0x0901)
    i.SysTick_Handler                        0x08001620   Section        0  bsp_systicker.o(i.SysTick_Handler)
    i.SystemInit                             0x08001630   Section        0  system_gd32f30x.o(i.SystemInit)
    i.System_EvtHandle                       0x08001680   Section        0  system.o(i.System_EvtHandle)
    i.System_Handle                          0x080016d4   Section        0  system.o(i.System_Handle)
    i.System_Init                            0x080016e4   Section        0  system.o(i.System_Init)
    i.TIMER6_IRQHandler                      0x080016f4   Section        0  bsp_gpio.o(i.TIMER6_IRQHandler)
    i.USART0_IRQHandler                      0x08001740   Section        0  bsp_uart.o(i.USART0_IRQHandler)
    i.USART_IRQHandler                       0x0800174c   Section        0  bsp_uart.o(i.USART_IRQHandler)
    USART_IRQHandler                         0x0800174d   Thumb Code   360  bsp_uart.o(i.USART_IRQHandler)
    i.__scatterload_copy                     0x080018c4   Section       14  handlers.o(i.__scatterload_copy)
    i.__scatterload_null                     0x080018d2   Section        2  handlers.o(i.__scatterload_null)
    i.__scatterload_zeroinit                 0x080018d4   Section       14  handlers.o(i.__scatterload_zeroinit)
    i.__set_PRIMASK                          0x080018e2   Section        0  bsp_flash.o(i.__set_PRIMASK)
    __set_PRIMASK                            0x080018e3   Thumb Code     6  bsp_flash.o(i.__set_PRIMASK)
    i.__set_PRIMASK                          0x080018e8   Section        0  bsp_feep.o(i.__set_PRIMASK)
    __set_PRIMASK                            0x080018e9   Thumb Code     6  bsp_feep.o(i.__set_PRIMASK)
    i.drv_fwdgt_init                         0x080018ee   Section        0  bsp_watchdog.o(i.drv_fwdgt_init)
    i.drv_gpio_remap_TIMER3_PD12_13_14_15    0x0800192e   Section        0  bsp_gpio.o(i.drv_gpio_remap_TIMER3_PD12_13_14_15)
    i.drv_gpio_remap_USART0_DEFAULT_PA9_10   0x0800193a   Section        0  bsp_gpio.o(i.drv_gpio_remap_USART0_DEFAULT_PA9_10)
    i.fmc_bank0_ready_wait                   0x08001946   Section        0  gd32f30x_fmc.o(i.fmc_bank0_ready_wait)
    i.fmc_bank0_state_get                    0x08001968   Section        0  gd32f30x_fmc.o(i.fmc_bank0_state_get)
    i.fmc_bank1_ready_wait                   0x08001998   Section        0  gd32f30x_fmc.o(i.fmc_bank1_ready_wait)
    i.fmc_bank1_state_get                    0x080019bc   Section        0  gd32f30x_fmc.o(i.fmc_bank1_state_get)
    i.fmc_flag_clear                         0x080019ec   Section        0  gd32f30x_fmc.o(i.fmc_flag_clear)
    i.fmc_lock                               0x08001a0c   Section        0  gd32f30x_fmc.o(i.fmc_lock)
    i.fmc_page_erase                         0x08001a38   Section        0  gd32f30x_fmc.o(i.fmc_page_erase)
    i.fmc_unlock                             0x08001b24   Section        0  gd32f30x_fmc.o(i.fmc_unlock)
    i.fmc_word_program                       0x08001b68   Section        0  gd32f30x_fmc.o(i.fmc_word_program)
    i.fwdgt_config                           0x08001c28   Section        0  gd32f30x_fwdgt.o(i.fwdgt_config)
    i.fwdgt_counter_reload                   0x08001c90   Section        0  gd32f30x_fwdgt.o(i.fwdgt_counter_reload)
    i.fwdgt_enable                           0x08001ca0   Section        0  gd32f30x_fwdgt.o(i.fwdgt_enable)
    i.fwdgt_write_enable                     0x08001cb0   Section        0  gd32f30x_fwdgt.o(i.fwdgt_write_enable)
    i.gpio_bit_write                         0x08001cc0   Section        0  gd32f30x_gpio.o(i.gpio_bit_write)
    i.gpio_init                              0x08001cca   Section        0  gd32f30x_gpio.o(i.gpio_init)
    i.gpio_pin_remap_config                  0x08001d88   Section        0  gd32f30x_gpio.o(i.gpio_pin_remap_config)
    i.main                                   0x08001e18   Section        0  main.o(i.main)
    i.nvic_irq_enable                        0x08001e2c   Section        0  gd32f30x_misc.o(i.nvic_irq_enable)
    i.nvic_priority_group_set                0x08001ef0   Section        0  gd32f30x_misc.o(i.nvic_priority_group_set)
    i.rcu_clock_freq_get                     0x08001f04   Section        0  gd32f30x_rcu.o(i.rcu_clock_freq_get)
    i.rcu_periph_clock_enable                0x0800205c   Section        0  gd32f30x_rcu.o(i.rcu_periph_clock_enable)
    i.rcu_periph_reset_disable               0x0800207c   Section        0  gd32f30x_rcu.o(i.rcu_periph_reset_disable)
    i.rcu_periph_reset_enable                0x0800209c   Section        0  gd32f30x_rcu.o(i.rcu_periph_reset_enable)
    i.system_clock_120m_hxtal                0x080020bc   Section        0  system_gd32f30x.o(i.system_clock_120m_hxtal)
    system_clock_120m_hxtal                  0x080020bd   Thumb Code   258  system_gd32f30x.o(i.system_clock_120m_hxtal)
    i.system_clock_config                    0x080021d0   Section        0  system_gd32f30x.o(i.system_clock_config)
    system_clock_config                      0x080021d1   Thumb Code     8  system_gd32f30x.o(i.system_clock_config)
    i.timer_interrupt_flag_clear             0x080021d8   Section        0  gd32f30x_timer.o(i.timer_interrupt_flag_clear)
    i.timer_interrupt_flag_get               0x080021e0   Section        0  gd32f30x_timer.o(i.timer_interrupt_flag_get)
    i.usart_baudrate_set                     0x080021f8   Section        0  gd32f30x_usart.o(i.usart_baudrate_set)
    i.usart_data_receive                     0x08002288   Section        0  gd32f30x_usart.o(i.usart_data_receive)
    i.usart_data_transmit                    0x08002292   Section        0  gd32f30x_usart.o(i.usart_data_transmit)
    i.usart_deinit                           0x0800229c   Section        0  gd32f30x_usart.o(i.usart_deinit)
    i.usart_enable                           0x0800232c   Section        0  gd32f30x_usart.o(i.usart_enable)
    i.usart_interrupt_disable                0x08002336   Section        0  gd32f30x_usart.o(i.usart_interrupt_disable)
    i.usart_interrupt_enable                 0x08002350   Section        0  gd32f30x_usart.o(i.usart_interrupt_enable)
    i.usart_interrupt_flag_get               0x0800236a   Section        0  gd32f30x_usart.o(i.usart_interrupt_flag_get)
    i.usart_receive_config                   0x080023a2   Section        0  gd32f30x_usart.o(i.usart_receive_config)
    i.usart_transmit_config                  0x080023b2   Section        0  gd32f30x_usart.o(i.usart_transmit_config)
    .constdata                               0x080023c2   Section       48  commonlib.o(.constdata)
    HexToAsciiTab                            0x080023c2   Data          16  commonlib.o(.constdata)
    CRC16_HalfWordTab                        0x080023d2   Data          32  commonlib.o(.constdata)
    .constdata                               0x080023f4   Section       24  system.o(.constdata)
    EvtTab                                   0x080023f4   Data          24  system.o(.constdata)
    .constdata                               0x0800240c   Section      120  cdp.o(.constdata)
    IAPDataObjManageTab                      0x0800240c   Data          56  cdp.o(.constdata)
    ServerDataObjManageTab                   0x08002444   Data          64  cdp.o(.constdata)
    .data                                    0x20000000   Section        4  system_gd32f30x.o(.data)
    .data                                    0x20000004   Section        2  bsp_systicker.o(.data)
    SysTicker                                0x20000004   Data           2  bsp_systicker.o(.data)
    .data                                    0x20000008   Section       12  bsp_uart.o(.data)
    .data                                    0x20000014   Section        1  bsp_gpio.o(.data)
    cc                                       0x20000014   Data           1  bsp_gpio.o(.data)
    .data                                    0x20000018   Section       12  bsp_feep.o(.data)
    pFEEPPage0                               0x20000018   Data           4  bsp_feep.o(.data)
    pFEEPPage1                               0x2000001c   Data           4  bsp_feep.o(.data)
    pFEEPPageActive                          0x20000020   Data           4  bsp_feep.o(.data)
    .data                                    0x20000024   Section       12  commonlib.o(.data)
    CriticalNesting                          0x20000024   Data           1  commonlib.o(.data)
    .data                                    0x20000030   Section       16  iap.o(.data)
    pFlashUpdateOpInfo                       0x20000030   Data           4  iap.o(.data)
    Jump_To_Application                      0x20000034   Data           4  iap.o(.data)
    pFileHeaderInfo                          0x20000038   Data           4  iap.o(.data)
    Seted                                    0x2000003c   Data           1  iap.o(.data)
    TickCount                                0x2000003e   Data           2  iap.o(.data)
    .data                                    0x20000040   Section        4  cdp.o(.data)
    .data                                    0x20000044   Section       10  cdp_servers_ctrl.o(.data)
    pEvt                                     0x20000048   Data           4  cdp_servers_ctrl.o(.data)
    NeedESC                                  0x2000004c   Data           1  cdp_servers_ctrl.o(.data)
    PDURecing                                0x2000004d   Data           1  cdp_servers_ctrl.o(.data)
    .data                                    0x20000050   Section       10  cdp_xxx_ctrl.o(.data)
    pEvt                                     0x20000054   Data           4  cdp_xxx_ctrl.o(.data)
    NeedESC                                  0x20000058   Data           1  cdp_xxx_ctrl.o(.data)
    PDURecing                                0x20000059   Data           1  cdp_xxx_ctrl.o(.data)
    .bss                                     0x2000005c   Section      120  bsp_uart.o(.bss)
    UartRxTx                                 0x2000005c   Data         120  bsp_uart.o(.bss)
    .bss                                     0x200000d4   Section       20  esf_evt.o(.bss)
    ESF_EvtQuene                             0x200000d4   Data          20  esf_evt.o(.bss)
    .bss                                     0x200000e8   Section     4196  esf_mem.o(.bss)
    .bss                                     0x2000114c   Section       28  iap.o(.bss)
    IAP                                      0x2000114c   Data          28  iap.o(.bss)
    .bss                                     0x20001168   Section       12  cdp.o(.bss)
    CDP                                      0x20001168   Data          12  cdp.o(.bss)
    .bss                                     0x20001174   Section      780  cdp_servers_ctrl.o(.bss)
    CDP_ServersCtrl                          0x20001174   Data          12  cdp_servers_ctrl.o(.bss)
    FrameTxBuf                               0x20001180   Data         768  cdp_servers_ctrl.o(.bss)
    .bss                                     0x20001480   Section      780  cdp_xxx_ctrl.o(.bss)
    CDP_XxxCtrl                              0x20001480   Data          12  cdp_xxx_ctrl.o(.bss)
    FrameTxBuf                               0x2000148c   Data         768  cdp_xxx_ctrl.o(.bss)
    STACK                                    0x20001790   Section     1024  startup_gd32f30x_hd.o(STACK)

    Global Symbols

    Symbol Name                              Value     Ov Type        Size  Object(Section)

    BuildAttributes$$THM_ISAv4$E$P$D$K$B$S$7EM$VFPi3$EXTD16$VFPS$VFMA$PE$A:L22UL41UL21$X:L11$S22US41US21$IEEE1$IW$USESV6$~STKCKD$USESV7$~SHL$OSPACE$EBA8$MICROLIB$REQ8$PRES8$EABIv2 0x00000000   Number         0  anon$$obj.o ABSOLUTE
    __ARM_use_no_argv                        0x00000000   Number         0  main.o ABSOLUTE
    __arm_fini_                               - Undefined Weak Reference
    __cpp_initialize__aeabi_                  - Undefined Weak Reference
    __cxa_finalize                            - Undefined Weak Reference
    __decompress                              - Undefined Weak Reference
    _clock_init                               - Undefined Weak Reference
    _microlib_exit                            - Undefined Weak Reference
    __Vectors_Size                           0x00000130   Number         0  startup_gd32f30x_hd.o ABSOLUTE
    __Vectors                                0x08000000   Data           4  startup_gd32f30x_hd.o(RESET)
    __Vectors_End                            0x08000130   Data           0  startup_gd32f30x_hd.o(RESET)
    __main                                   0x08000131   Thumb Code     0  entry.o(.ARM.Collect$$$$00000000)
    _main_stk                                0x08000131   Thumb Code     0  entry2.o(.ARM.Collect$$$$00000001)
    _main_scatterload                        0x08000135   Thumb Code     0  entry5.o(.ARM.Collect$$$$00000004)
    __main_after_scatterload                 0x08000139   Thumb Code     0  entry5.o(.ARM.Collect$$$$00000004)
    _main_clock                              0x08000139   Thumb Code     0  entry7b.o(.ARM.Collect$$$$00000008)
    _main_cpp_init                           0x08000139   Thumb Code     0  entry8b.o(.ARM.Collect$$$$0000000A)
    _main_init                               0x08000139   Thumb Code     0  entry9a.o(.ARM.Collect$$$$0000000B)
    __rt_lib_shutdown_fini                   0x08000141   Thumb Code     0  entry12b.o(.ARM.Collect$$$$0000000E)
    __rt_final_cpp                           0x08000145   Thumb Code     0  entry10a.o(.ARM.Collect$$$$0000000F)
    __rt_final_exit                          0x08000145   Thumb Code     0  entry11a.o(.ARM.Collect$$$$00000011)
    Reset_Handler                            0x08000149   Thumb Code     8  startup_gd32f30x_hd.o(.text)
    NMI_Handler                              0x08000151   Thumb Code     2  startup_gd32f30x_hd.o(.text)
    HardFault_Handler                        0x08000153   Thumb Code     2  startup_gd32f30x_hd.o(.text)
    MemManage_Handler                        0x08000155   Thumb Code     2  startup_gd32f30x_hd.o(.text)
    BusFault_Handler                         0x08000157   Thumb Code     2  startup_gd32f30x_hd.o(.text)
    UsageFault_Handler                       0x08000159   Thumb Code     2  startup_gd32f30x_hd.o(.text)
    SVC_Handler                              0x0800015b   Thumb Code     2  startup_gd32f30x_hd.o(.text)
    DebugMon_Handler                         0x0800015d   Thumb Code     2  startup_gd32f30x_hd.o(.text)
    PendSV_Handler                           0x0800015f   Thumb Code     2  startup_gd32f30x_hd.o(.text)
    ADC0_1_IRQHandler                        0x08000163   Thumb Code     0  startup_gd32f30x_hd.o(.text)
    ADC2_IRQHandler                          0x08000163   Thumb Code     0  startup_gd32f30x_hd.o(.text)
    CAN0_EWMC_IRQHandler                     0x08000163   Thumb Code     0  startup_gd32f30x_hd.o(.text)
    CAN0_RX1_IRQHandler                      0x08000163   Thumb Code     0  startup_gd32f30x_hd.o(.text)
    DMA0_Channel0_IRQHandler                 0x08000163   Thumb Code     0  startup_gd32f30x_hd.o(.text)
    DMA0_Channel1_IRQHandler                 0x08000163   Thumb Code     0  startup_gd32f30x_hd.o(.text)
    DMA0_Channel2_IRQHandler                 0x08000163   Thumb Code     0  startup_gd32f30x_hd.o(.text)
    DMA0_Channel3_IRQHandler                 0x08000163   Thumb Code     0  startup_gd32f30x_hd.o(.text)
    DMA0_Channel4_IRQHandler                 0x08000163   Thumb Code     0  startup_gd32f30x_hd.o(.text)
    DMA0_Channel5_IRQHandler                 0x08000163   Thumb Code     0  startup_gd32f30x_hd.o(.text)
    DMA0_Channel6_IRQHandler                 0x08000163   Thumb Code     0  startup_gd32f30x_hd.o(.text)
    DMA1_Channel0_IRQHandler                 0x08000163   Thumb Code     0  startup_gd32f30x_hd.o(.text)
    DMA1_Channel1_IRQHandler                 0x08000163   Thumb Code     0  startup_gd32f30x_hd.o(.text)
    DMA1_Channel2_IRQHandler                 0x08000163   Thumb Code     0  startup_gd32f30x_hd.o(.text)
    DMA1_Channel3_4_IRQHandler               0x08000163   Thumb Code     0  startup_gd32f30x_hd.o(.text)
    EXMC_IRQHandler                          0x08000163   Thumb Code     0  startup_gd32f30x_hd.o(.text)
    EXTI0_IRQHandler                         0x08000163   Thumb Code     0  startup_gd32f30x_hd.o(.text)
    EXTI10_15_IRQHandler                     0x08000163   Thumb Code     0  startup_gd32f30x_hd.o(.text)
    EXTI1_IRQHandler                         0x08000163   Thumb Code     0  startup_gd32f30x_hd.o(.text)
    EXTI2_IRQHandler                         0x08000163   Thumb Code     0  startup_gd32f30x_hd.o(.text)
    EXTI3_IRQHandler                         0x08000163   Thumb Code     0  startup_gd32f30x_hd.o(.text)
    EXTI4_IRQHandler                         0x08000163   Thumb Code     0  startup_gd32f30x_hd.o(.text)
    EXTI5_9_IRQHandler                       0x08000163   Thumb Code     0  startup_gd32f30x_hd.o(.text)
    FMC_IRQHandler                           0x08000163   Thumb Code     0  startup_gd32f30x_hd.o(.text)
    I2C0_ER_IRQHandler                       0x08000163   Thumb Code     0  startup_gd32f30x_hd.o(.text)
    I2C0_EV_IRQHandler                       0x08000163   Thumb Code     0  startup_gd32f30x_hd.o(.text)
    I2C1_ER_IRQHandler                       0x08000163   Thumb Code     0  startup_gd32f30x_hd.o(.text)
    I2C1_EV_IRQHandler                       0x08000163   Thumb Code     0  startup_gd32f30x_hd.o(.text)
    LVD_IRQHandler                           0x08000163   Thumb Code     0  startup_gd32f30x_hd.o(.text)
    RCU_CTC_IRQHandler                       0x08000163   Thumb Code     0  startup_gd32f30x_hd.o(.text)
    RTC_Alarm_IRQHandler                     0x08000163   Thumb Code     0  startup_gd32f30x_hd.o(.text)
    RTC_IRQHandler                           0x08000163   Thumb Code     0  startup_gd32f30x_hd.o(.text)
    SDIO_IRQHandler                          0x08000163   Thumb Code     0  startup_gd32f30x_hd.o(.text)
    SPI0_IRQHandler                          0x08000163   Thumb Code     0  startup_gd32f30x_hd.o(.text)
    SPI1_IRQHandler                          0x08000163   Thumb Code     0  startup_gd32f30x_hd.o(.text)
    SPI2_IRQHandler                          0x08000163   Thumb Code     0  startup_gd32f30x_hd.o(.text)
    TAMPER_IRQHandler                        0x08000163   Thumb Code     0  startup_gd32f30x_hd.o(.text)
    TIMER0_BRK_IRQHandler                    0x08000163   Thumb Code     0  startup_gd32f30x_hd.o(.text)
    TIMER0_Channel_IRQHandler                0x08000163   Thumb Code     0  startup_gd32f30x_hd.o(.text)
    TIMER0_TRG_CMT_IRQHandler                0x08000163   Thumb Code     0  startup_gd32f30x_hd.o(.text)
    TIMER0_UP_IRQHandler                     0x08000163   Thumb Code     0  startup_gd32f30x_hd.o(.text)
    TIMER1_IRQHandler                        0x08000163   Thumb Code     0  startup_gd32f30x_hd.o(.text)
    TIMER2_IRQHandler                        0x08000163   Thumb Code     0  startup_gd32f30x_hd.o(.text)
    TIMER3_IRQHandler                        0x08000163   Thumb Code     0  startup_gd32f30x_hd.o(.text)
    TIMER4_IRQHandler                        0x08000163   Thumb Code     0  startup_gd32f30x_hd.o(.text)
    TIMER5_IRQHandler                        0x08000163   Thumb Code     0  startup_gd32f30x_hd.o(.text)
    TIMER7_BRK_IRQHandler                    0x08000163   Thumb Code     0  startup_gd32f30x_hd.o(.text)
    TIMER7_Channel_IRQHandler                0x08000163   Thumb Code     0  startup_gd32f30x_hd.o(.text)
    TIMER7_TRG_CMT_IRQHandler                0x08000163   Thumb Code     0  startup_gd32f30x_hd.o(.text)
    TIMER7_UP_IRQHandler                     0x08000163   Thumb Code     0  startup_gd32f30x_hd.o(.text)
    UART3_IRQHandler                         0x08000163   Thumb Code     0  startup_gd32f30x_hd.o(.text)
    UART4_IRQHandler                         0x08000163   Thumb Code     0  startup_gd32f30x_hd.o(.text)
    USART1_IRQHandler                        0x08000163   Thumb Code     0  startup_gd32f30x_hd.o(.text)
    USART2_IRQHandler                        0x08000163   Thumb Code     0  startup_gd32f30x_hd.o(.text)
    USBD_HP_CAN0_TX_IRQHandler               0x08000163   Thumb Code     0  startup_gd32f30x_hd.o(.text)
    USBD_LP_CAN0_RX0_IRQHandler              0x08000163   Thumb Code     0  startup_gd32f30x_hd.o(.text)
    USBD_WKUP_IRQHandler                     0x08000163   Thumb Code     0  startup_gd32f30x_hd.o(.text)
    WWDGT_IRQHandler                         0x08000163   Thumb Code     0  startup_gd32f30x_hd.o(.text)
    __aeabi_memcpy                           0x0800016d   Thumb Code    36  memcpya.o(.text)
    __aeabi_memcpy4                          0x0800016d   Thumb Code     0  memcpya.o(.text)
    __aeabi_memcpy8                          0x0800016d   Thumb Code     0  memcpya.o(.text)
    __aeabi_memset                           0x08000191   Thumb Code    14  memseta.o(.text)
    __aeabi_memset4                          0x08000191   Thumb Code     0  memseta.o(.text)
    __aeabi_memset8                          0x08000191   Thumb Code     0  memseta.o(.text)
    __aeabi_memclr                           0x0800019f   Thumb Code     4  memseta.o(.text)
    __aeabi_memclr4                          0x0800019f   Thumb Code     0  memseta.o(.text)
    __aeabi_memclr8                          0x0800019f   Thumb Code     0  memseta.o(.text)
    _memset$wrapper                          0x080001a3   Thumb Code    18  memseta.o(.text)
    memcmp                                   0x080001b5   Thumb Code    26  memcmp.o(.text)
    __scatterload                            0x080001d1   Thumb Code    28  init.o(.text)
    __scatterload_rt2                        0x080001d1   Thumb Code     0  init.o(.text)
    BSP_FEEP_Init                            0x080001f5   Thumb Code   208  bsp_feep.o(i.BSP_FEEP_Init)
    BSP_FLASH_Erase                          0x080002d9   Thumb Code    68  bsp_flash.o(i.BSP_FLASH_Erase)
    BSP_FLASH_ProgramData                    0x0800031d   Thumb Code   124  bsp_flash.o(i.BSP_FLASH_ProgramData)
    BSP_FLASH_ProgramWord                    0x08000399   Thumb Code    54  bsp_flash.o(i.BSP_FLASH_ProgramWord)
    BSP_IO_Init                              0x080003d1   Thumb Code   176  bsp_gpio.o(i.BSP_IO_Init)
    BSP_Init                                 0x0800048d   Thumb Code    62  bsp.o(i.BSP_Init)
    BSP_SysTicker_CalLag                     0x080004d5   Thumb Code    38  bsp_systicker.o(i.BSP_SysTicker_CalLag)
    BSP_SysTicker_Init                       0x08000501   Thumb Code    88  bsp_systicker.o(i.BSP_SysTicker_Init)
    BSP_UART_DeInit                          0x08000569   Thumb Code    26  bsp_uart.o(i.BSP_UART_DeInit)
    BSP_UART_GetTxState                      0x08000589   Thumb Code    34  bsp_uart.o(i.BSP_UART_GetTxState)
    BSP_UART_Init                            0x080005b1   Thumb Code   218  bsp_uart.o(i.BSP_UART_Init)
    BSP_UART_RegRxByteCB                     0x080006a1   Thumb Code    24  bsp_uart.o(i.BSP_UART_RegRxByteCB)
    BSP_UART_TxData                          0x080006bd   Thumb Code   108  bsp_uart.o(i.BSP_UART_TxData)
    BSP_WatchDog_Feed                        0x08000731   Thumb Code     8  bsp_watchdog.o(i.BSP_WatchDog_Feed)
    BSP_WatchDog_Init                        0x08000739   Thumb Code    12  bsp_watchdog.o(i.BSP_WatchDog_Init)
    BinarySearch                             0x08000745   Thumb Code    84  commonlib.o(i.BinarySearch)
    CDP_DataObjRxHandle                      0x08000a09   Thumb Code   226  cdp.o(i.CDP_DataObjRxHandle)
    CDP_Handle                               0x08000afd   Thumb Code     2  cdp.o(i.CDP_Handle)
    CDP_Init                                 0x08000b01   Thumb Code    28  cdp.o(i.CDP_Init)
    CDP_PDURxHandle                          0x08000b21   Thumb Code   156  cdp.o(i.CDP_PDURxHandle)
    CDP_PDUTxHandle                          0x08000bbd   Thumb Code    66  cdp.o(i.CDP_PDUTxHandle)
    CDP_ServersCtrl_DataTx                   0x08000c01   Thumb Code   128  cdp_servers_ctrl.o(i.CDP_ServersCtrl_DataTx)
    CDP_ServersCtrl_Init                     0x08000c85   Thumb Code    16  cdp_servers_ctrl.o(i.CDP_ServersCtrl_Init)
    CDP_XxxCtrl_Init                         0x08000c9d   Thumb Code    16  cdp_xxx_ctrl.o(i.CDP_XxxCtrl_Init)
    CDP_XxxToCtrl_DataTx                     0x08000cb5   Thumb Code   128  cdp_xxx_ctrl.o(i.CDP_XxxToCtrl_DataTx)
    CRC16_Cal                                0x08000d39   Thumb Code    68  commonlib.o(i.CRC16_Cal)
    Critical_Enter                           0x08000d81   Thumb Code    28  commonlib.o(i.Critical_Enter)
    Critical_Exit                            0x08000da1   Thumb Code    36  commonlib.o(i.Critical_Exit)
    CumulativeSum_Cal                        0x08000dc9   Thumb Code    26  commonlib.o(i.CumulativeSum_Cal)
    CumulativeSum_Check                      0x08000de3   Thumb Code    30  commonlib.o(i.CumulativeSum_Check)
    ESF_EvtQuene_Pend                        0x08000e01   Thumb Code    66  esf_evt.o(i.ESF_EvtQuene_Pend)
    ESF_EvtQuene_Post                        0x08000e49   Thumb Code    78  esf_evt.o(i.ESF_EvtQuene_Post)
    ESF_Init                                 0x08000e9d   Thumb Code     8  esf.o(i.ESF_Init)
    ESF_MemBuf_Free                          0x08000ea5   Thumb Code    62  esf_mem.o(i.ESF_MemBuf_Free)
    ESF_MemBuf_Get                           0x08000ee9   Thumb Code    60  esf_mem.o(i.ESF_MemBuf_Get)
    ESF_MemBuf_Init                          0x08000f29   Thumb Code    14  esf_mem.o(i.ESF_MemBuf_Init)
    IAP_CDPDataObj_0x01                      0x08000f55   Thumb Code    68  iap.o(i.IAP_CDPDataObj_0x01)
    IAP_CDPDataObj_0x02                      0x08000f9d   Thumb Code    78  iap.o(i.IAP_CDPDataObj_0x02)
    IAP_CDPDataObj_0x03                      0x08000ff1   Thumb Code   398  iap.o(i.IAP_CDPDataObj_0x03)
    IAP_CDPDataObj_0x04                      0x0800119d   Thumb Code   452  iap.o(i.IAP_CDPDataObj_0x04)
    IAP_CDPDataObj_0x05                      0x08001369   Thumb Code   172  iap.o(i.IAP_CDPDataObj_0x05)
    IAP_CDPDataObj_0x10                      0x08001425   Thumb Code    38  iap.o(i.IAP_CDPDataObj_0x10)
    IAP_CDPDataObj_0x20                      0x0800144d   Thumb Code    38  iap.o(i.IAP_CDPDataObj_0x20)
    IAP_Handle                               0x08001479   Thumb Code    40  iap.o(i.IAP_Handle)
    IAP_JumpToAppSection                     0x080014a5   Thumb Code    94  iap.o(i.IAP_JumpToAppSection)
    IAP_LinkTimeOutCheck                     0x08001519   Thumb Code    42  iap.o(i.IAP_LinkTimeOutCheck)
    IAP_LinkTimeOutResetTime                 0x08001549   Thumb Code    16  iap.o(i.IAP_LinkTimeOutResetTime)
    IAP_RunSectionJudge                      0x0800155d   Thumb Code    98  iap.o(i.IAP_RunSectionJudge)
    Server_CDPDataObj_0x0901                 0x08001605   Thumb Code    26  iap.o(i.Server_CDPDataObj_0x0901)
    SysTick_Handler                          0x08001621   Thumb Code    12  bsp_systicker.o(i.SysTick_Handler)
    SystemInit                               0x08001631   Thumb Code    66  system_gd32f30x.o(i.SystemInit)
    System_EvtHandle                         0x08001681   Thumb Code    78  system.o(i.System_EvtHandle)
    System_Handle                            0x080016d5   Thumb Code    16  system.o(i.System_Handle)
    System_Init                              0x080016e5   Thumb Code    16  system.o(i.System_Init)
    TIMER6_IRQHandler                        0x080016f5   Thumb Code    62  bsp_gpio.o(i.TIMER6_IRQHandler)
    USART0_IRQHandler                        0x08001741   Thumb Code    10  bsp_uart.o(i.USART0_IRQHandler)
    __scatterload_copy                       0x080018c5   Thumb Code    14  handlers.o(i.__scatterload_copy)
    __scatterload_null                       0x080018d3   Thumb Code     2  handlers.o(i.__scatterload_null)
    __scatterload_zeroinit                   0x080018d5   Thumb Code    14  handlers.o(i.__scatterload_zeroinit)
    drv_fwdgt_init                           0x080018ef   Thumb Code    64  bsp_watchdog.o(i.drv_fwdgt_init)
    drv_gpio_remap_TIMER3_PD12_13_14_15      0x0800192f   Thumb Code    12  bsp_gpio.o(i.drv_gpio_remap_TIMER3_PD12_13_14_15)
    drv_gpio_remap_USART0_DEFAULT_PA9_10     0x0800193b   Thumb Code    12  bsp_gpio.o(i.drv_gpio_remap_USART0_DEFAULT_PA9_10)
    fmc_bank0_ready_wait                     0x08001947   Thumb Code    34  gd32f30x_fmc.o(i.fmc_bank0_ready_wait)
    fmc_bank0_state_get                      0x08001969   Thumb Code    44  gd32f30x_fmc.o(i.fmc_bank0_state_get)
    fmc_bank1_ready_wait                     0x08001999   Thumb Code    34  gd32f30x_fmc.o(i.fmc_bank1_ready_wait)
    fmc_bank1_state_get                      0x080019bd   Thumb Code    44  gd32f30x_fmc.o(i.fmc_bank1_state_get)
    fmc_flag_clear                           0x080019ed   Thumb Code    28  gd32f30x_fmc.o(i.fmc_flag_clear)
    fmc_lock                                 0x08001a0d   Thumb Code    34  gd32f30x_fmc.o(i.fmc_lock)
    fmc_page_erase                           0x08001a39   Thumb Code   222  gd32f30x_fmc.o(i.fmc_page_erase)
    fmc_unlock                               0x08001b25   Thumb Code    52  gd32f30x_fmc.o(i.fmc_unlock)
    fmc_word_program                         0x08001b69   Thumb Code   178  gd32f30x_fmc.o(i.fmc_word_program)
    fwdgt_config                             0x08001c29   Thumb Code    94  gd32f30x_fwdgt.o(i.fwdgt_config)
    fwdgt_counter_reload                     0x08001c91   Thumb Code    10  gd32f30x_fwdgt.o(i.fwdgt_counter_reload)
    fwdgt_enable                             0x08001ca1   Thumb Code    10  gd32f30x_fwdgt.o(i.fwdgt_enable)
    fwdgt_write_enable                       0x08001cb1   Thumb Code    10  gd32f30x_fwdgt.o(i.fwdgt_write_enable)
    gpio_bit_write                           0x08001cc1   Thumb Code    10  gd32f30x_gpio.o(i.gpio_bit_write)
    gpio_init                                0x08001ccb   Thumb Code   188  gd32f30x_gpio.o(i.gpio_init)
    gpio_pin_remap_config                    0x08001d89   Thumb Code   138  gd32f30x_gpio.o(i.gpio_pin_remap_config)
    main                                     0x08001e19   Thumb Code    20  main.o(i.main)
    nvic_irq_enable                          0x08001e2d   Thumb Code   186  gd32f30x_misc.o(i.nvic_irq_enable)
    nvic_priority_group_set                  0x08001ef1   Thumb Code    10  gd32f30x_misc.o(i.nvic_priority_group_set)
    rcu_clock_freq_get                       0x08001f05   Thumb Code   310  gd32f30x_rcu.o(i.rcu_clock_freq_get)
    rcu_periph_clock_enable                  0x0800205d   Thumb Code    28  gd32f30x_rcu.o(i.rcu_periph_clock_enable)
    rcu_periph_reset_disable                 0x0800207d   Thumb Code    28  gd32f30x_rcu.o(i.rcu_periph_reset_disable)
    rcu_periph_reset_enable                  0x0800209d   Thumb Code    28  gd32f30x_rcu.o(i.rcu_periph_reset_enable)
    timer_interrupt_flag_clear               0x080021d9   Thumb Code     8  gd32f30x_timer.o(i.timer_interrupt_flag_clear)
    timer_interrupt_flag_get                 0x080021e1   Thumb Code    24  gd32f30x_timer.o(i.timer_interrupt_flag_get)
    usart_baudrate_set                       0x080021f9   Thumb Code   136  gd32f30x_usart.o(i.usart_baudrate_set)
    usart_data_receive                       0x08002289   Thumb Code    10  gd32f30x_usart.o(i.usart_data_receive)
    usart_data_transmit                      0x08002293   Thumb Code     8  gd32f30x_usart.o(i.usart_data_transmit)
    usart_deinit                             0x0800229d   Thumb Code   136  gd32f30x_usart.o(i.usart_deinit)
    usart_enable                             0x0800232d   Thumb Code    10  gd32f30x_usart.o(i.usart_enable)
    usart_interrupt_disable                  0x08002337   Thumb Code    26  gd32f30x_usart.o(i.usart_interrupt_disable)
    usart_interrupt_enable                   0x08002351   Thumb Code    26  gd32f30x_usart.o(i.usart_interrupt_enable)
    usart_interrupt_flag_get                 0x0800236b   Thumb Code    56  gd32f30x_usart.o(i.usart_interrupt_flag_get)
    usart_receive_config                     0x080023a3   Thumb Code    16  gd32f30x_usart.o(i.usart_receive_config)
    usart_transmit_config                    0x080023b3   Thumb Code    16  gd32f30x_usart.o(i.usart_transmit_config)
    Region$$Table$$Base                      0x08002484   Number         0  anon$$obj.o(Region$$Table)
    Region$$Table$$Limit                     0x080024a4   Number         0  anon$$obj.o(Region$$Table)
    SystemCoreClock                          0x20000000   Data           4  system_gd32f30x.o(.data)
    UsartMap                                 0x20000008   Data          12  bsp_uart.o(.data)
    __stdout                                 0x20000028   Data           4  commonlib.o(.data)
    __stdin                                  0x2000002c   Data           4  commonlib.o(.data)
    pCDP                                     0x20000040   Data           4  cdp.o(.data)
    pCDP_ServersCtrl                         0x20000044   Data           4  cdp_servers_ctrl.o(.data)
    pCDP_XxxCtrl                             0x20000050   Data           4  cdp_xxx_ctrl.o(.data)
    ESF_Mem                                  0x200000e8   Data        4196  esf_mem.o(.bss)
    __initial_sp                             0x20001b90   Data           0  startup_gd32f30x_hd.o(STACK)



==============================================================================

Memory Map of the image

  Image Entry point : 0x08000131

  Load Region LR_IROM1 (Base: 0x08000000, Size: 0x00002500, Max: 0x00004000, ABSOLUTE)

    Execution Region ER_IROM1 (Exec base: 0x08000000, Load base: 0x08000000, Size: 0x000024a4, Max: 0x00004000, ABSOLUTE)

    Exec Addr    Load Addr    Size         Type   Attr      Idx    E Section Name        Object

    0x08000000   0x08000000   0x00000130   Data   RO            3    RESET               startup_gd32f30x_hd.o
    0x08000130   0x08000130   0x00000000   Code   RO         3110  * .ARM.Collect$$$$00000000  mc_w.l(entry.o)
    0x08000130   0x08000130   0x00000004   Code   RO         3121    .ARM.Collect$$$$00000001  mc_w.l(entry2.o)
    0x08000134   0x08000134   0x00000004   Code   RO         3124    .ARM.Collect$$$$00000004  mc_w.l(entry5.o)
    0x08000138   0x08000138   0x00000000   Code   RO         3126    .ARM.Collect$$$$00000008  mc_w.l(entry7b.o)
    0x08000138   0x08000138   0x00000000   Code   RO         3128    .ARM.Collect$$$$0000000A  mc_w.l(entry8b.o)
    0x08000138   0x08000138   0x00000008   Code   RO         3129    .ARM.Collect$$$$0000000B  mc_w.l(entry9a.o)
    0x08000140   0x08000140   0x00000004   Code   RO         3136    .ARM.Collect$$$$0000000E  mc_w.l(entry12b.o)
    0x08000144   0x08000144   0x00000000   Code   RO         3131    .ARM.Collect$$$$0000000F  mc_w.l(entry10a.o)
    0x08000144   0x08000144   0x00000000   Code   RO         3133    .ARM.Collect$$$$00000011  mc_w.l(entry11a.o)
    0x08000144   0x08000144   0x00000004   Code   RO         3122    .ARM.Collect$$$$00002712  mc_w.l(entry2.o)
    0x08000148   0x08000148   0x00000024   Code   RO            4    .text               startup_gd32f30x_hd.o
    0x0800016c   0x0800016c   0x00000024   Code   RO         3113    .text               mc_w.l(memcpya.o)
    0x08000190   0x08000190   0x00000024   Code   RO         3115    .text               mc_w.l(memseta.o)
    0x080001b4   0x080001b4   0x0000001a   Code   RO         3117    .text               mc_w.l(memcmp.o)
    0x080001ce   0x080001ce   0x00000002   PAD
    0x080001d0   0x080001d0   0x00000024   Code   RO         3137    .text               mc_w.l(init.o)
    0x080001f4   0x080001f4   0x000000e4   Code   RO         2424    i.BSP_FEEP_Init     bsp_feep.o
    0x080002d8   0x080002d8   0x00000044   Code   RO         2387    i.BSP_FLASH_Erase   bsp_flash.o
    0x0800031c   0x0800031c   0x0000007c   Code   RO         2388    i.BSP_FLASH_ProgramData  bsp_flash.o
    0x08000398   0x08000398   0x00000036   Code   RO         2389    i.BSP_FLASH_ProgramWord  bsp_flash.o
    0x080003ce   0x080003ce   0x00000002   PAD
    0x080003d0   0x080003d0   0x000000bc   Code   RO         2162    i.BSP_IO_Init       bsp_gpio.o
    0x0800048c   0x0800048c   0x00000048   Code   RO         1988    i.BSP_Init          bsp.o
    0x080004d4   0x080004d4   0x0000002c   Code   RO         2038    i.BSP_SysTicker_CalLag  bsp_systicker.o
    0x08000500   0x08000500   0x00000068   Code   RO         2041    i.BSP_SysTicker_Init  bsp_systicker.o
    0x08000568   0x08000568   0x00000020   Code   RO         2088    i.BSP_UART_DeInit   bsp_uart.o
    0x08000588   0x08000588   0x00000028   Code   RO         2091    i.BSP_UART_GetTxState  bsp_uart.o
    0x080005b0   0x080005b0   0x000000f0   Code   RO         2092    i.BSP_UART_Init     bsp_uart.o
    0x080006a0   0x080006a0   0x0000001c   Code   RO         2093    i.BSP_UART_RegRxByteCB  bsp_uart.o
    0x080006bc   0x080006bc   0x00000074   Code   RO         2094    i.BSP_UART_TxData   bsp_uart.o
    0x08000730   0x08000730   0x00000008   Code   RO         2349    i.BSP_WatchDog_Feed  bsp_watchdog.o
    0x08000738   0x08000738   0x0000000c   Code   RO         2350    i.BSP_WatchDog_Init  bsp_watchdog.o
    0x08000744   0x08000744   0x00000054   Code   RO         2620    i.BinarySearch      commonlib.o
    0x08000798   0x08000798   0x00000138   Code   RO         3021    i.CDP_CtrlToServers_ByteRx  cdp_servers_ctrl.o
    0x080008d0   0x080008d0   0x00000138   Code   RO         3065    i.CDP_CtrlToXxx_ByteRx  cdp_xxx_ctrl.o
    0x08000a08   0x08000a08   0x000000f4   Code   RO         2935    i.CDP_DataObjRxHandle  cdp.o
    0x08000afc   0x08000afc   0x00000002   Code   RO         2937    i.CDP_Handle        cdp.o
    0x08000afe   0x08000afe   0x00000002   PAD
    0x08000b00   0x08000b00   0x00000020   Code   RO         2938    i.CDP_Init          cdp.o
    0x08000b20   0x08000b20   0x0000009c   Code   RO         2940    i.CDP_PDURxHandle   cdp.o
    0x08000bbc   0x08000bbc   0x00000042   Code   RO         2941    i.CDP_PDUTxHandle   cdp.o
    0x08000bfe   0x08000bfe   0x00000002   PAD
    0x08000c00   0x08000c00   0x00000084   Code   RO         3022    i.CDP_ServersCtrl_DataTx  cdp_servers_ctrl.o
    0x08000c84   0x08000c84   0x00000018   Code   RO         3024    i.CDP_ServersCtrl_Init  cdp_servers_ctrl.o
    0x08000c9c   0x08000c9c   0x00000018   Code   RO         3067    i.CDP_XxxCtrl_Init  cdp_xxx_ctrl.o
    0x08000cb4   0x08000cb4   0x00000084   Code   RO         3068    i.CDP_XxxToCtrl_DataTx  cdp_xxx_ctrl.o
    0x08000d38   0x08000d38   0x00000048   Code   RO         2621    i.CRC16_Cal         commonlib.o
    0x08000d80   0x08000d80   0x00000020   Code   RO         2623    i.Critical_Enter    commonlib.o
    0x08000da0   0x08000da0   0x00000028   Code   RO         2624    i.Critical_Exit     commonlib.o
    0x08000dc8   0x08000dc8   0x0000001a   Code   RO         2625    i.CumulativeSum_Cal  commonlib.o
    0x08000de2   0x08000de2   0x0000001e   Code   RO         2626    i.CumulativeSum_Check  commonlib.o
    0x08000e00   0x08000e00   0x00000048   Code   RO         2521    i.ESF_EvtQuene_Pend  esf_evt.o
    0x08000e48   0x08000e48   0x00000054   Code   RO         2522    i.ESF_EvtQuene_Post  esf_evt.o
    0x08000e9c   0x08000e9c   0x00000008   Code   RO         2463    i.ESF_Init          esf.o
    0x08000ea4   0x08000ea4   0x00000044   Code   RO         2552    i.ESF_MemBuf_Free   esf_mem.o
    0x08000ee8   0x08000ee8   0x00000040   Code   RO         2553    i.ESF_MemBuf_Get    esf_mem.o
    0x08000f28   0x08000f28   0x00000014   Code   RO         2554    i.ESF_MemBuf_Init   esf_mem.o
    0x08000f3c   0x08000f3c   0x00000018   Code   RO         2942    i.IAPCDPDataObjID   cdp.o
    0x08000f54   0x08000f54   0x00000048   Code   RO         2825    i.IAP_CDPDataObj_0x01  iap.o
    0x08000f9c   0x08000f9c   0x00000054   Code   RO         2826    i.IAP_CDPDataObj_0x02  iap.o
    0x08000ff0   0x08000ff0   0x000001ac   Code   RO         2827    i.IAP_CDPDataObj_0x03  iap.o
    0x0800119c   0x0800119c   0x000001cc   Code   RO         2828    i.IAP_CDPDataObj_0x04  iap.o
    0x08001368   0x08001368   0x000000bc   Code   RO         2829    i.IAP_CDPDataObj_0x05  iap.o
    0x08001424   0x08001424   0x00000026   Code   RO         2830    i.IAP_CDPDataObj_0x10  iap.o
    0x0800144a   0x0800144a   0x00000002   PAD
    0x0800144c   0x0800144c   0x0000002c   Code   RO         2831    i.IAP_CDPDataObj_0x20  iap.o
    0x08001478   0x08001478   0x0000002c   Code   RO         2832    i.IAP_Handle        iap.o
    0x080014a4   0x080014a4   0x00000074   Code   RO         2833    i.IAP_JumpToAppSection  iap.o
    0x08001518   0x08001518   0x00000030   Code   RO         2834    i.IAP_LinkTimeOutCheck  iap.o
    0x08001548   0x08001548   0x00000014   Code   RO         2835    i.IAP_LinkTimeOutResetTime  iap.o
    0x0800155c   0x0800155c   0x00000074   Code   RO         2836    i.IAP_RunSectionJudge  iap.o
    0x080015d0   0x080015d0   0x0000001c   Code   RO         2837    i.IAP_SetUpdateState  iap.o
    0x080015ec   0x080015ec   0x00000018   Code   RO         2943    i.ServerCDPDataObjID  cdp.o
    0x08001604   0x08001604   0x0000001a   Code   RO         2838    i.Server_CDPDataObj_0x0901  iap.o
    0x0800161e   0x0800161e   0x00000002   PAD
    0x08001620   0x08001620   0x00000010   Code   RO         2042    i.SysTick_Handler   bsp_systicker.o
    0x08001630   0x08001630   0x00000050   Code   RO         1947    i.SystemInit        system_gd32f30x.o
    0x08001680   0x08001680   0x00000054   Code   RO         2791    i.System_EvtHandle  system.o
    0x080016d4   0x080016d4   0x00000010   Code   RO         2792    i.System_Handle     system.o
    0x080016e4   0x080016e4   0x00000010   Code   RO         2793    i.System_Init       system.o
    0x080016f4   0x080016f4   0x0000004c   Code   RO         2166    i.TIMER6_IRQHandler  bsp_gpio.o
    0x08001740   0x08001740   0x0000000a   Code   RO         2095    i.USART0_IRQHandler  bsp_uart.o
    0x0800174a   0x0800174a   0x00000002   PAD
    0x0800174c   0x0800174c   0x00000178   Code   RO         2096    i.USART_IRQHandler  bsp_uart.o
    0x080018c4   0x080018c4   0x0000000e   Code   RO         3141    i.__scatterload_copy  mc_w.l(handlers.o)
    0x080018d2   0x080018d2   0x00000002   Code   RO         3142    i.__scatterload_null  mc_w.l(handlers.o)
    0x080018d4   0x080018d4   0x0000000e   Code   RO         3143    i.__scatterload_zeroinit  mc_w.l(handlers.o)
    0x080018e2   0x080018e2   0x00000006   Code   RO         2390    i.__set_PRIMASK     bsp_flash.o
    0x080018e8   0x080018e8   0x00000006   Code   RO         2427    i.__set_PRIMASK     bsp_feep.o
    0x080018ee   0x080018ee   0x00000040   Code   RO         2351    i.drv_fwdgt_init    bsp_watchdog.o
    0x0800192e   0x0800192e   0x0000000c   Code   RO         2180    i.drv_gpio_remap_TIMER3_PD12_13_14_15  bsp_gpio.o
    0x0800193a   0x0800193a   0x0000000c   Code   RO         2181    i.drv_gpio_remap_USART0_DEFAULT_PA9_10  bsp_gpio.o
    0x08001946   0x08001946   0x00000022   Code   RO          432    i.fmc_bank0_ready_wait  gd32f30x_fmc.o
    0x08001968   0x08001968   0x00000030   Code   RO          433    i.fmc_bank0_state_get  gd32f30x_fmc.o
    0x08001998   0x08001998   0x00000022   Code   RO          437    i.fmc_bank1_ready_wait  gd32f30x_fmc.o
    0x080019ba   0x080019ba   0x00000002   PAD
    0x080019bc   0x080019bc   0x00000030   Code   RO          438    i.fmc_bank1_state_get  gd32f30x_fmc.o
    0x080019ec   0x080019ec   0x00000020   Code   RO          440    i.fmc_flag_clear    gd32f30x_fmc.o
    0x08001a0c   0x08001a0c   0x0000002c   Code   RO          447    i.fmc_lock          gd32f30x_fmc.o
    0x08001a38   0x08001a38   0x000000ec   Code   RO          449    i.fmc_page_erase    gd32f30x_fmc.o
    0x08001b24   0x08001b24   0x00000044   Code   RO          450    i.fmc_unlock        gd32f30x_fmc.o
    0x08001b68   0x08001b68   0x000000c0   Code   RO          451    i.fmc_word_program  gd32f30x_fmc.o
    0x08001c28   0x08001c28   0x00000068   Code   RO          654    i.fwdgt_config      gd32f30x_fwdgt.o
    0x08001c90   0x08001c90   0x00000010   Code   RO          655    i.fwdgt_counter_reload  gd32f30x_fwdgt.o
    0x08001ca0   0x08001ca0   0x00000010   Code   RO          656    i.fwdgt_enable      gd32f30x_fwdgt.o
    0x08001cb0   0x08001cb0   0x00000010   Code   RO          659    i.fwdgt_write_enable  gd32f30x_fwdgt.o
    0x08001cc0   0x08001cc0   0x0000000a   Code   RO          707    i.gpio_bit_write    gd32f30x_gpio.o
    0x08001cca   0x08001cca   0x000000bc   Code   RO          715    i.gpio_init         gd32f30x_gpio.o
    0x08001d86   0x08001d86   0x00000002   PAD
    0x08001d88   0x08001d88   0x00000090   Code   RO          721    i.gpio_pin_remap_config  gd32f30x_gpio.o
    0x08001e18   0x08001e18   0x00000014   Code   RO         2750    i.main              main.o
    0x08001e2c   0x08001e2c   0x000000c4   Code   RO          833    i.nvic_irq_enable   gd32f30x_misc.o
    0x08001ef0   0x08001ef0   0x00000014   Code   RO          834    i.nvic_priority_group_set  gd32f30x_misc.o
    0x08001f04   0x08001f04   0x00000158   Code   RO          897    i.rcu_clock_freq_get  gd32f30x_rcu.o
    0x0800205c   0x0800205c   0x00000020   Code   RO          915    i.rcu_periph_clock_enable  gd32f30x_rcu.o
    0x0800207c   0x0800207c   0x00000020   Code   RO          918    i.rcu_periph_reset_disable  gd32f30x_rcu.o
    0x0800209c   0x0800209c   0x00000020   Code   RO          919    i.rcu_periph_reset_enable  gd32f30x_rcu.o
    0x080020bc   0x080020bc   0x00000114   Code   RO         1948    i.system_clock_120m_hxtal  system_gd32f30x.o
    0x080021d0   0x080021d0   0x00000008   Code   RO         1949    i.system_clock_config  system_gd32f30x.o
    0x080021d8   0x080021d8   0x00000008   Code   RO         1190    i.timer_interrupt_flag_clear  gd32f30x_timer.o
    0x080021e0   0x080021e0   0x00000018   Code   RO         1191    i.timer_interrupt_flag_get  gd32f30x_timer.o
    0x080021f8   0x080021f8   0x00000090   Code   RO         1577    i.usart_baudrate_set  gd32f30x_usart.o
    0x08002288   0x08002288   0x0000000a   Code   RO         1580    i.usart_data_receive  gd32f30x_usart.o
    0x08002292   0x08002292   0x00000008   Code   RO         1581    i.usart_data_transmit  gd32f30x_usart.o
    0x0800229a   0x0800229a   0x00000002   PAD
    0x0800229c   0x0800229c   0x00000090   Code   RO         1582    i.usart_deinit      gd32f30x_usart.o
    0x0800232c   0x0800232c   0x0000000a   Code   RO         1586    i.usart_enable      gd32f30x_usart.o
    0x08002336   0x08002336   0x0000001a   Code   RO         1594    i.usart_interrupt_disable  gd32f30x_usart.o
    0x08002350   0x08002350   0x0000001a   Code   RO         1595    i.usart_interrupt_enable  gd32f30x_usart.o
    0x0800236a   0x0800236a   0x00000038   Code   RO         1597    i.usart_interrupt_flag_get  gd32f30x_usart.o
    0x080023a2   0x080023a2   0x00000010   Code   RO         1610    i.usart_receive_config  gd32f30x_usart.o
    0x080023b2   0x080023b2   0x00000010   Code   RO         1624    i.usart_transmit_config  gd32f30x_usart.o
    0x080023c2   0x080023c2   0x00000030   Data   RO         2637    .constdata          commonlib.o
    0x080023f2   0x080023f2   0x00000002   PAD
    0x080023f4   0x080023f4   0x00000018   Data   RO         2794    .constdata          system.o
    0x0800240c   0x0800240c   0x00000078   Data   RO         2945    .constdata          cdp.o
    0x08002484   0x08002484   0x00000020   Data   RO         3139    Region$$Table       anon$$obj.o


    Execution Region RW_IRAM1 (Exec base: 0x20000000, Load base: 0x080024a4, Size: 0x00001b90, Max: 0x00010000, ABSOLUTE)

    Exec Addr    Load Addr    Size         Type   Attr      Idx    E Section Name        Object

    0x20000000   0x080024a4   0x00000004   Data   RW         1950    .data               system_gd32f30x.o
    0x20000004   0x080024a8   0x00000002   Data   RW         2043    .data               bsp_systicker.o
    0x20000006   0x080024aa   0x00000002   PAD
    0x20000008   0x080024ac   0x0000000c   Data   RW         2098    .data               bsp_uart.o
    0x20000014   0x080024b8   0x00000001   Data   RW         2189    .data               bsp_gpio.o
    0x20000015   0x080024b9   0x00000003   PAD
    0x20000018   0x080024bc   0x0000000c   Data   RW         2428    .data               bsp_feep.o
    0x20000024   0x080024c8   0x0000000c   Data   RW         2638    .data               commonlib.o
    0x20000030   0x080024d4   0x00000010   Data   RW         2840    .data               iap.o
    0x20000040   0x080024e4   0x00000004   Data   RW         2946    .data               cdp.o
    0x20000044   0x080024e8   0x0000000a   Data   RW         3026    .data               cdp_servers_ctrl.o
    0x2000004e   0x080024f2   0x00000002   PAD
    0x20000050   0x080024f4   0x0000000a   Data   RW         3070    .data               cdp_xxx_ctrl.o
    0x2000005a   0x080024fe   0x00000002   PAD
    0x2000005c        -       0x00000078   Zero   RW         2097    .bss                bsp_uart.o
    0x200000d4        -       0x00000014   Zero   RW         2523    .bss                esf_evt.o
    0x200000e8        -       0x00001064   Zero   RW         2555    .bss                esf_mem.o
    0x2000114c        -       0x0000001c   Zero   RW         2839    .bss                iap.o
    0x20001168        -       0x0000000c   Zero   RW         2944    .bss                cdp.o
    0x20001174        -       0x0000030c   Zero   RW         3025    .bss                cdp_servers_ctrl.o
    0x20001480        -       0x0000030c   Zero   RW         3069    .bss                cdp_xxx_ctrl.o
    0x2000178c   0x080024fe   0x00000004   PAD
    0x20001790        -       0x00000400   Zero   RW            1    STACK               startup_gd32f30x_hd.o


==============================================================================

Image component sizes


      Code (inc. data)   RO Data    RW Data    ZI Data      Debug   Object Name

        72         10          0          0          0       2199   bsp.o
       234         20          0         12          0       2692   bsp_feep.o
       252          0          0          0          0       3774   bsp_flash.o
       288         26          0          1          0       3443   bsp_gpio.o
       164         26          0          2          0      29517   bsp_systicker.o
       842         62          0         12        120       7764   bsp_uart.o
        84          0          0          0          0       1989   bsp_watchdog.o
       548         30        120          4         12      10145   cdp.o
       468         28          0         10        780       3591   cdp_servers_ctrl.o
       468         28          0         10        780       4217   cdp_xxx_ctrl.o
       284         12         48         12          0       7024   commonlib.o
         8          0          0          0          0       1723   esf.o
       156         12          0          0         20       2944   esf_evt.o
       152         16          0          0       4196       3703   esf_mem.o
         0          0          0          0          0      50432   gd32f30x_adc.o
       736         66          0          0          0       7011   gd32f30x_fmc.o
       152         28          0          0          0       3006   gd32f30x_fwdgt.o
       342          6          0          0          0       2869   gd32f30x_gpio.o
       216         20          0          0          0       1744   gd32f30x_misc.o
       440         46          0          0          0       3600   gd32f30x_rcu.o
        32          0          0          0          0       1648   gd32f30x_timer.o
       456         16          0          0          0       8047   gd32f30x_usart.o
      1712        134          0         16         28      43523   iap.o
        20          0          0          0          0        595   main.o
        36          8        304          0       1024       1036   startup_gd32f30x_hd.o
       116          6         24          0          0       2741   system.o
       364         32          0          4          0       2471   system_gd32f30x.o

    ----------------------------------------------------------------------
      8660        632        530         92       6964     213448   Object Totals
         0          0         32          0          0          0   (incl. Generated)
        18          0          2          9          4          0   (incl. Padding)

    ----------------------------------------------------------------------

      Code (inc. data)   RO Data    RW Data    ZI Data      Debug   Library Member Name

         0          0          0          0          0          0   entry.o
         0          0          0          0          0          0   entry10a.o
         0          0          0          0          0          0   entry11a.o
         4          0          0          0          0          0   entry12b.o
         8          4          0          0          0          0   entry2.o
         4          0          0          0          0          0   entry5.o
         0          0          0          0          0          0   entry7b.o
         0          0          0          0          0          0   entry8b.o
         8          4          0          0          0          0   entry9a.o
        30          0          0          0          0          0   handlers.o
        36          8          0          0          0         68   init.o
        26          0          0          0          0         80   memcmp.o
        36          0          0          0          0         68   memcpya.o
        36          0          0          0          0        108   memseta.o

    ----------------------------------------------------------------------
       190         16          0          0          0        324   Library Totals
         2          0          0          0          0          0   (incl. Padding)

    ----------------------------------------------------------------------

      Code (inc. data)   RO Data    RW Data    ZI Data      Debug   Library Name

       188         16          0          0          0        324   mc_w.l

    ----------------------------------------------------------------------
       190         16          0          0          0        324   Library Totals

    ----------------------------------------------------------------------

==============================================================================


      Code (inc. data)   RO Data    RW Data    ZI Data      Debug   

      8850        648        530         92       6964     203972   Grand Totals
      8850        648        530         92       6964     203972   ELF Image Totals
      8850        648        530         92          0          0   ROM Totals

==============================================================================

    Total RO  Size (Code + RO Data)                 9380 (   9.16kB)
    Total RW  Size (RW Data + ZI Data)              7056 (   6.89kB)
    Total ROM Size (Code + RO Data + RW Data)       9472 (   9.25kB)

==============================================================================

