Component: ARM Compiler 5.06 update 7 (build 960) Tool: armlink [4d3601]

==============================================================================

Section Cross References

    startup_gd32f30x_hd.o(RESET) refers to startup_gd32f30x_hd.o(STACK) for __initial_sp
    startup_gd32f30x_hd.o(RESET) refers to startup_gd32f30x_hd.o(.text) for Reset_Handler
    startup_gd32f30x_hd.o(RESET) refers to bsp_systicker.o(i.SysTick_Handler) for SysTick_Handler
    startup_gd32f30x_hd.o(RESET) refers to bsp_uart.o(i.USART0_IRQHandler) for USART0_IRQHandler
    startup_gd32f30x_hd.o(RESET) refers to bsp_uart.o(i.USART1_IRQHandler) for USART1_IRQHandler
    startup_gd32f30x_hd.o(RESET) refers to bsp_uart.o(i.USART2_IRQHandler) for USART2_IRQHandler
    startup_gd32f30x_hd.o(RESET) refers to bsp_uart.o(i.UART3_IRQHandler) for UART3_IRQHandler
    startup_gd32f30x_hd.o(RESET) refers to bsp_uart.o(i.UART4_IRQHandler) for UART4_IRQHandler
    startup_gd32f30x_hd.o(RESET) refers to bsp_gpio.o(i.TIMER6_IRQHandler) for TIMER6_IRQHandler
    startup_gd32f30x_hd.o(.text) refers to system_gd32f30x.o(i.SystemInit) for SystemInit
    startup_gd32f30x_hd.o(.text) refers to entry.o(.ARM.Collect$$$$00000000) for __main
    gd32f30x_adc.o(i.adc_deinit) refers to gd32f30x_rcu.o(i.rcu_periph_reset_enable) for rcu_periph_reset_enable
    gd32f30x_adc.o(i.adc_deinit) refers to gd32f30x_rcu.o(i.rcu_periph_reset_disable) for rcu_periph_reset_disable
    gd32f30x_fmc.o(i.fmc_bank0_erase) refers to gd32f30x_fmc.o(i.fmc_bank0_ready_wait) for fmc_bank0_ready_wait
    gd32f30x_fmc.o(i.fmc_bank0_ready_wait) refers to gd32f30x_fmc.o(i.fmc_bank0_state_get) for fmc_bank0_state_get
    gd32f30x_fmc.o(i.fmc_bank1_erase) refers to gd32f30x_fmc.o(i.fmc_bank1_ready_wait) for fmc_bank1_ready_wait
    gd32f30x_fmc.o(i.fmc_bank1_ready_wait) refers to gd32f30x_fmc.o(i.fmc_bank1_state_get) for fmc_bank1_state_get
    gd32f30x_fmc.o(i.fmc_halfword_program) refers to gd32f30x_fmc.o(i.fmc_bank0_ready_wait) for fmc_bank0_ready_wait
    gd32f30x_fmc.o(i.fmc_halfword_program) refers to gd32f30x_fmc.o(i.fmc_bank1_ready_wait) for fmc_bank1_ready_wait
    gd32f30x_fmc.o(i.fmc_mass_erase) refers to gd32f30x_fmc.o(i.fmc_bank0_ready_wait) for fmc_bank0_ready_wait
    gd32f30x_fmc.o(i.fmc_mass_erase) refers to gd32f30x_fmc.o(i.fmc_bank1_ready_wait) for fmc_bank1_ready_wait
    gd32f30x_fmc.o(i.fmc_page_erase) refers to gd32f30x_fmc.o(i.fmc_bank0_ready_wait) for fmc_bank0_ready_wait
    gd32f30x_fmc.o(i.fmc_page_erase) refers to gd32f30x_fmc.o(i.fmc_bank1_ready_wait) for fmc_bank1_ready_wait
    gd32f30x_fmc.o(i.fmc_word_program) refers to gd32f30x_fmc.o(i.fmc_bank0_ready_wait) for fmc_bank0_ready_wait
    gd32f30x_fmc.o(i.fmc_word_program) refers to gd32f30x_fmc.o(i.fmc_bank1_ready_wait) for fmc_bank1_ready_wait
    gd32f30x_fmc.o(i.fmc_word_reprogram) refers to gd32f30x_fmc.o(i.fmc_bank0_ready_wait) for fmc_bank0_ready_wait
    gd32f30x_fmc.o(i.fmc_word_reprogram) refers to gd32f30x_fmc.o(i.fmc_bank1_ready_wait) for fmc_bank1_ready_wait
    gd32f30x_fmc.o(i.ob_data_program) refers to gd32f30x_fmc.o(i.fmc_bank0_ready_wait) for fmc_bank0_ready_wait
    gd32f30x_fmc.o(i.ob_erase) refers to gd32f30x_fmc.o(i.fmc_bank0_ready_wait) for fmc_bank0_ready_wait
    gd32f30x_fmc.o(i.ob_erase) refers to gd32f30x_fmc.o(i.ob_spc_get) for ob_spc_get
    gd32f30x_fmc.o(i.ob_security_protection_config) refers to gd32f30x_fmc.o(i.fmc_bank0_ready_wait) for fmc_bank0_ready_wait
    gd32f30x_fmc.o(i.ob_user_write) refers to gd32f30x_fmc.o(i.fmc_bank0_ready_wait) for fmc_bank0_ready_wait
    gd32f30x_fmc.o(i.ob_write_protection_enable) refers to gd32f30x_fmc.o(i.fmc_bank0_ready_wait) for fmc_bank0_ready_wait
    gd32f30x_gpio.o(i.gpio_afio_deinit) refers to gd32f30x_rcu.o(i.rcu_periph_reset_enable) for rcu_periph_reset_enable
    gd32f30x_gpio.o(i.gpio_afio_deinit) refers to gd32f30x_rcu.o(i.rcu_periph_reset_disable) for rcu_periph_reset_disable
    gd32f30x_gpio.o(i.gpio_deinit) refers to gd32f30x_rcu.o(i.rcu_periph_reset_enable) for rcu_periph_reset_enable
    gd32f30x_gpio.o(i.gpio_deinit) refers to gd32f30x_rcu.o(i.rcu_periph_reset_disable) for rcu_periph_reset_disable
    gd32f30x_misc.o(i.nvic_irq_enable) refers to gd32f30x_misc.o(i.nvic_priority_group_set) for nvic_priority_group_set
    gd32f30x_rcu.o(i.rcu_deinit) refers to gd32f30x_rcu.o(i.rcu_osci_stab_wait) for rcu_osci_stab_wait
    gd32f30x_rcu.o(i.rcu_osci_stab_wait) refers to gd32f30x_rcu.o(i.rcu_flag_get) for rcu_flag_get
    gd32f30x_timer.o(i.timer_deinit) refers to gd32f30x_rcu.o(i.rcu_periph_reset_enable) for rcu_periph_reset_enable
    gd32f30x_timer.o(i.timer_deinit) refers to gd32f30x_rcu.o(i.rcu_periph_reset_disable) for rcu_periph_reset_disable
    gd32f30x_timer.o(i.timer_external_clock_mode0_config) refers to gd32f30x_timer.o(i.timer_external_trigger_config) for timer_external_trigger_config
[...]
    entry.o(.ARM.Collect$$$$00000000) refers (Special) to entry12b.o(.ARM.Collect$$$$0000000E) for __rt_lib_shutdown_fini
    entry.o(.ARM.Collect$$$$00000000) refers (Special) to entry7b.o(.ARM.Collect$$$$00000008) for _main_clock
    entry.o(.ARM.Collect$$$$00000000) refers (Special) to entry8b.o(.ARM.Collect$$$$0000000A) for _main_cpp_init
    entry.o(.ARM.Collect$$$$00000000) refers (Special) to entry9a.o(.ARM.Collect$$$$0000000B) for _main_init
    entry.o(.ARM.Collect$$$$00000000) refers (Special) to entry5.o(.ARM.Collect$$$$00000004) for _main_scatterload
    entry.o(.ARM.Collect$$$$00000000) refers (Special) to entry2.o(.ARM.Collect$$$$00000001) for _main_stk
    ffltui.o(.text) refers (Special) to iusefp.o(.text) for __I$use$fp
    ffltui.o(.text) refers to fepilogue.o(.text) for _float_epilogue
    ffixui.o(.text) refers (Special) to iusefp.o(.text) for __I$use$fp
    entry2.o(.ARM.Collect$$$$00000001) refers to entry2.o(.ARM.Collect$$$$00002712) for __lit__00000000
    entry2.o(.ARM.Collect$$$$00002712) refers to startup_gd32f30x_hd.o(STACK) for __initial_sp
    entry2.o(__vectab_stack_and_reset_area) refers to startup_gd32f30x_hd.o(STACK) for __initial_sp
    entry2.o(__vectab_stack_and_reset_area) refers to entry.o(.ARM.Collect$$$$00000000) for __main
    entry5.o(.ARM.Collect$$$$00000004) refers to init.o(.text) for __scatterload
    entry9a.o(.ARM.Collect$$$$0000000B) refers to main.o(i.main) for main
    entry9b.o(.ARM.Collect$$$$0000000C) refers to main.o(i.main) for main
    init.o(.text) refers to entry5.o(.ARM.Collect$$$$00000004) for __main_after_scatterload


==============================================================================

Removing Unused input sections from the image.

    Removing startup_gd32f30x_hd.o(HEAP), (1024 bytes).
    Removing gd32f30x_adc.o(.rev16_text), (4 bytes).
    Removing gd32f30x_adc.o(.revsh_text), (4 bytes).
    Removing gd32f30x_adc.o(i.adc_calibration_enable), (30 bytes).
    Removing gd32f30x_adc.o(i.adc_channel_length_config), (54 bytes).
    Removing gd32f30x_adc.o(i.adc_data_alignment_config), (20 bytes).
    Removing gd32f30x_adc.o(i.adc_deinit), (60 bytes).
    Removing gd32f30x_adc.o(i.adc_disable), (10 bytes).
    Removing gd32f30x_adc.o(i.adc_discontinuous_mode_config), (56 bytes).
    Removing gd32f30x_adc.o(i.adc_dma_mode_disable), (10 bytes).
    Removing gd32f30x_adc.o(i.adc_dma_mode_enable), (10 bytes).
    Removing gd32f30x_adc.o(i.adc_enable), (16 bytes).
    Removing gd32f30x_adc.o(i.adc_external_trigger_config), (54 bytes).
    Removing gd32f30x_adc.o(i.adc_external_trigger_source_config), (32 bytes).
    Removing gd32f30x_adc.o(i.adc_flag_clear), (8 bytes).
    Removing gd32f30x_adc.o(i.adc_flag_get), (14 bytes).
    Removing gd32f30x_adc.o(i.adc_inserted_channel_config), (80 bytes).
    Removing gd32f30x_adc.o(i.adc_inserted_channel_offset_config), (28 bytes).
    Removing gd32f30x_adc.o(i.adc_inserted_data_read), (36 bytes).
    Removing gd32f30x_adc.o(i.adc_interrupt_disable), (38 bytes).
    Removing gd32f30x_adc.o(i.adc_interrupt_enable), (38 bytes).
    Removing gd32f30x_adc.o(i.adc_interrupt_flag_clear), (8 bytes).
    Removing gd32f30x_adc.o(i.adc_interrupt_flag_get), (62 bytes).
    Removing gd32f30x_adc.o(i.adc_mode_config), (24 bytes).
    Removing gd32f30x_adc.o(i.adc_oversample_mode_config), (44 bytes).
    Removing gd32f30x_adc.o(i.adc_oversample_mode_disable), (12 bytes).
    Removing gd32f30x_adc.o(i.adc_oversample_mode_enable), (12 bytes).
    Removing gd32f30x_adc.o(i.adc_regular_channel_config), (126 bytes).
    Removing gd32f30x_adc.o(i.adc_regular_data_read), (6 bytes).
    Removing gd32f30x_adc.o(i.adc_resolution_config), (18 bytes).
    Removing gd32f30x_adc.o(i.adc_software_trigger_enable), (26 bytes).
    Removing gd32f30x_adc.o(i.adc_special_function_config), (82 bytes).
    Removing gd32f30x_adc.o(i.adc_sync_mode_convert_value_read), (12 bytes).
    Removing gd32f30x_adc.o(i.adc_tempsensor_vrefint_disable), (16 bytes).
    Removing gd32f30x_adc.o(i.adc_tempsensor_vrefint_enable), (16 bytes).
    Removing gd32f30x_adc.o(i.adc_watchdog_disable), (16 bytes).
    Removing gd32f30x_adc.o(i.adc_watchdog_group_channel_enable), (52 bytes).
    Removing gd32f30x_adc.o(i.adc_watchdog_single_channel_enable), (32 bytes).
    Removing gd32f30x_adc.o(i.adc_watchdog_threshold_config), (14 bytes).
    Removing gd32f30x_exti.o(.rev16_text), (4 bytes).
    Removing gd32f30x_exti.o(.revsh_text), (4 bytes).
    Removing gd32f30x_exti.o(i.exti_deinit), (28 bytes).
    Removing gd32f30x_exti.o(i.exti_event_disable), (16 bytes).
    Removing gd32f30x_exti.o(i.exti_event_enable), (16 bytes).
    Removing gd32f30x_exti.o(i.exti_flag_clear), (12 bytes).
    Removing gd32f30x_exti.o(i.exti_flag_get), (20 bytes).
    Removing gd32f30x_exti.o(i.exti_init), (104 bytes).
    Removing gd32f30x_exti.o(i.exti_interrupt_disable), (16 bytes).
    Removing gd32f30x_exti.o(i.exti_interrupt_enable), (16 bytes).
    Removing gd32f30x_exti.o(i.exti_interrupt_flag_clear), (12 bytes).
    Removing gd32f30x_exti.o(i.exti_interrupt_flag_get), (36 bytes).
    Removing gd32f30x_exti.o(i.exti_software_interrupt_disable), (16 bytes).
    Removing gd32f30x_exti.o(i.exti_software_interrupt_enable), (16 bytes).
    Removing gd32f30x_fmc.o(.rev16_text), (4 bytes).
    Removing gd32f30x_fmc.o(.revsh_text), (4 bytes).
    Removing gd32f30x_fmc.o(i.fmc_bank0_erase), (56 bytes).
    Removing gd32f30x_fmc.o(i.fmc_bank0_lock), (16 bytes).
    Removing gd32f30x_fmc.o(i.fmc_bank0_unlock), (32 bytes).
    Removing gd32f30x_fmc.o(i.fmc_bank1_erase), (56 bytes).
    Removing gd32f30x_fmc.o(i.fmc_bank1_lock), (16 bytes).
    Removing gd32f30x_fmc.o(i.fmc_bank1_unlock), (32 bytes).
    Removing gd32f30x_fmc.o(i.fmc_flag_get), (32 bytes).
    Removing gd32f30x_fmc.o(i.fmc_halfword_program), (112 bytes).
    Removing gd32f30x_fmc.o(i.fmc_interrupt_disable), (28 bytes).
    Removing gd32f30x_fmc.o(i.fmc_interrupt_enable), (28 bytes).
    Removing gd32f30x_fmc.o(i.fmc_interrupt_flag_clear), (28 bytes).
    Removing gd32f30x_fmc.o(i.fmc_interrupt_flag_get), (68 bytes).
    Removing gd32f30x_fmc.o(i.fmc_mass_erase), (148 bytes).
    Removing gd32f30x_fmc.o(i.fmc_word_reprogram), (136 bytes).
    Removing gd32f30x_fmc.o(i.fmc_wscnt_set), (20 bytes).
    Removing gd32f30x_fmc.o(i.ob_data_get), (16 bytes).
    Removing gd32f30x_fmc.o(i.ob_data_program), (56 bytes).
    Removing gd32f30x_fmc.o(i.ob_erase), (108 bytes).
    Removing gd32f30x_fmc.o(i.ob_lock), (16 bytes).
    Removing gd32f30x_fmc.o(i.ob_security_protection_config), (104 bytes).
    Removing gd32f30x_fmc.o(i.ob_spc_get), (20 bytes).
    Removing gd32f30x_fmc.o(i.ob_unlock), (32 bytes).
    Removing gd32f30x_fmc.o(i.ob_user_get), (16 bytes).
    Removing gd32f30x_fmc.o(i.ob_user_write), (84 bytes).
    Removing gd32f30x_fmc.o(i.ob_write_protection_enable), (136 bytes).
    Removing gd32f30x_fmc.o(i.ob_write_protection_get), (12 bytes).
    Removing gd32f30x_fwdgt.o(.rev16_text), (4 bytes).
    Removing gd32f30x_fwdgt.o(.revsh_text), (4 bytes).
    Removing gd32f30x_fwdgt.o(i.fwdgt_flag_get), (20 bytes).
    Removing gd32f30x_fwdgt.o(i.fwdgt_write_disable), (12 bytes).
    Removing gd32f30x_gpio.o(.rev16_text), (4 bytes).
    Removing gd32f30x_gpio.o(.revsh_text), (4 bytes).
    Removing gd32f30x_gpio.o(i.gpio_afio_deinit), (22 bytes).
    Removing gd32f30x_gpio.o(i.gpio_bit_reset), (4 bytes).
    Removing gd32f30x_gpio.o(i.gpio_bit_set), (4 bytes).
    Removing gd32f30x_gpio.o(i.gpio_bit_write), (10 bytes).
    Removing gd32f30x_gpio.o(i.gpio_compensation_config), (20 bytes).
    Removing gd32f30x_gpio.o(i.gpio_compensation_flag_get), (20 bytes).
    Removing gd32f30x_gpio.o(i.gpio_deinit), (112 bytes).
    Removing gd32f30x_gpio.o(i.gpio_event_output_config), (24 bytes).
    Removing gd32f30x_gpio.o(i.gpio_event_output_disable), (16 bytes).
    Removing gd32f30x_gpio.o(i.gpio_event_output_enable), (16 bytes).
    Removing gd32f30x_gpio.o(i.gpio_exti_source_select), (88 bytes).
    Removing gd32f30x_gpio.o(i.gpio_input_bit_get), (10 bytes).
    Removing gd32f30x_gpio.o(i.gpio_input_port_get), (6 bytes).
    Removing gd32f30x_gpio.o(i.gpio_output_bit_get), (10 bytes).
    Removing gd32f30x_gpio.o(i.gpio_output_port_get), (6 bytes).
    Removing gd32f30x_gpio.o(i.gpio_pin_lock), (16 bytes).
    Removing gd32f30x_gpio.o(i.gpio_port_write), (4 bytes).
    Removing gd32f30x_misc.o(.rev16_text), (4 bytes).
    Removing gd32f30x_misc.o(.revsh_text), (4 bytes).
    Removing gd32f30x_misc.o(i.nvic_irq_disable), (22 bytes).
    Removing gd32f30x_misc.o(i.nvic_vector_table_set), (20 bytes).
    Removing gd32f30x_misc.o(i.system_lowpower_reset), (16 bytes).
    Removing gd32f30x_misc.o(i.system_lowpower_set), (16 bytes).
    Removing gd32f30x_misc.o(i.systick_clksource_set), (24 bytes).
    Removing gd32f30x_rcu.o(.rev16_text), (4 bytes).
    Removing gd32f30x_rcu.o(.revsh_text), (4 bytes).
    Removing gd32f30x_rcu.o(i.rcu_adc_clock_config), (84 bytes).
    Removing gd32f30x_rcu.o(i.rcu_ahb_clock_config), (20 bytes).
    Removing gd32f30x_rcu.o(i.rcu_all_reset_flag_clear), (16 bytes).
    Removing gd32f30x_rcu.o(i.rcu_apb1_clock_config), (20 bytes).
    Removing gd32f30x_rcu.o(i.rcu_apb2_clock_config), (20 bytes).
    Removing gd32f30x_rcu.o(i.rcu_bkp_reset_disable), (16 bytes).
    Removing gd32f30x_rcu.o(i.rcu_bkp_reset_enable), (16 bytes).
    Removing gd32f30x_rcu.o(i.rcu_ck48m_clock_config), (20 bytes).
    Removing gd32f30x_rcu.o(i.rcu_ckout0_config), (20 bytes).
    Removing gd32f30x_rcu.o(i.rcu_deepsleep_voltage_set), (16 bytes).
    Removing gd32f30x_rcu.o(i.rcu_deinit), (72 bytes).
    Removing gd32f30x_rcu.o(i.rcu_flag_get), (32 bytes).
    Removing gd32f30x_rcu.o(i.rcu_hxtal_clock_monitor_disable), (16 bytes).
    Removing gd32f30x_rcu.o(i.rcu_hxtal_clock_monitor_enable), (16 bytes).
    Removing gd32f30x_rcu.o(i.rcu_interrupt_disable), (28 bytes).
    Removing gd32f30x_rcu.o(i.rcu_interrupt_enable), (28 bytes).
    Removing gd32f30x_rcu.o(i.rcu_interrupt_flag_clear), (28 bytes).
    Removing gd32f30x_rcu.o(i.rcu_interrupt_flag_get), (32 bytes).
    Removing gd32f30x_rcu.o(i.rcu_irc8m_adjust_value_set), (24 bytes).
    Removing gd32f30x_rcu.o(i.rcu_lxtal_drive_capability_config), (20 bytes).
    Removing gd32f30x_rcu.o(i.rcu_osci_bypass_mode_disable), (60 bytes).
    Removing gd32f30x_rcu.o(i.rcu_osci_bypass_mode_enable), (60 bytes).
    Removing gd32f30x_rcu.o(i.rcu_osci_off), (28 bytes).
    Removing gd32f30x_rcu.o(i.rcu_osci_on), (28 bytes).
    Removing gd32f30x_rcu.o(i.rcu_osci_stab_wait), (192 bytes).
    Removing gd32f30x_rcu.o(i.rcu_periph_clock_disable), (28 bytes).
    Removing gd32f30x_rcu.o(i.rcu_periph_clock_sleep_disable), (28 bytes).
    Removing gd32f30x_rcu.o(i.rcu_periph_clock_sleep_enable), (28 bytes).
    Removing gd32f30x_rcu.o(i.rcu_pll_config), (28 bytes).
    Removing gd32f30x_rcu.o(i.rcu_pllpresel_config), (20 bytes).
    Removing gd32f30x_rcu.o(i.rcu_predv0_config), (24 bytes).
    Removing gd32f30x_rcu.o(i.rcu_rtc_clock_config), (20 bytes).
    Removing gd32f30x_rcu.o(i.rcu_system_clock_source_config), (20 bytes).
    Removing gd32f30x_rcu.o(i.rcu_system_clock_source_get), (16 bytes).
    Removing gd32f30x_rcu.o(i.rcu_usb_clock_config), (20 bytes).
    Removing gd32f30x_timer.o(.rev16_text), (4 bytes).
    Removing gd32f30x_timer.o(.revsh_text), (4 bytes).
    Removing gd32f30x_timer.o(i.timer_auto_reload_shadow_disable), (10 bytes).
    Removing gd32f30x_timer.o(i.timer_auto_reload_shadow_enable), (10 bytes).
    Removing gd32f30x_timer.o(i.timer_automatic_output_disable), (10 bytes).
    Removing gd32f30x_timer.o(i.timer_automatic_output_enable), (10 bytes).
    Removing gd32f30x_timer.o(i.timer_autoreload_value_config), (4 bytes).
    Removing gd32f30x_timer.o(i.timer_break_config), (32 bytes).
    Removing gd32f30x_timer.o(i.timer_break_disable), (10 bytes).
    Removing gd32f30x_timer.o(i.timer_break_enable), (10 bytes).
    Removing gd32f30x_timer.o(i.timer_break_struct_para_init), (18 bytes).
    Removing gd32f30x_timer.o(i.timer_channel_capture_value_register_read), (34 bytes).
    Removing gd32f30x_timer.o(i.timer_channel_complementary_output_polarity_config), (58 bytes).
    Removing gd32f30x_timer.o(i.timer_channel_complementary_output_state_config), (58 bytes).
    Removing gd32f30x_timer.o(i.timer_channel_control_shadow_config), (20 bytes).
    Removing gd32f30x_timer.o(i.timer_channel_control_shadow_update_config), (24 bytes).
    Removing gd32f30x_timer.o(i.timer_channel_dma_request_source_select), (24 bytes).
    Removing gd32f30x_timer.o(i.timer_channel_input_capture_prescaler_config), (78 bytes).
    Removing gd32f30x_timer.o(i.timer_channel_input_struct_para_init), (14 bytes).
    Removing gd32f30x_timer.o(i.timer_channel_output_clear_config), (78 bytes).
    Removing gd32f30x_timer.o(i.timer_channel_output_config), (468 bytes).
    Removing gd32f30x_timer.o(i.timer_channel_output_fast_config), (78 bytes).
    Removing gd32f30x_timer.o(i.timer_channel_output_mode_config), (78 bytes).
    Removing gd32f30x_timer.o(i.timer_channel_output_polarity_config), (78 bytes).
    Removing gd32f30x_timer.o(i.timer_channel_output_pulse_value_config), (30 bytes).
    Removing gd32f30x_timer.o(i.timer_channel_output_shadow_config), (78 bytes).
    Removing gd32f30x_timer.o(i.timer_channel_output_state_config), (78 bytes).
    Removing gd32f30x_timer.o(i.timer_channel_output_struct_para_init), (16 bytes).
    Removing gd32f30x_timer.o(i.timer_counter_alignment), (16 bytes).
    Removing gd32f30x_timer.o(i.timer_counter_down_direction), (10 bytes).
    Removing gd32f30x_timer.o(i.timer_counter_read), (4 bytes).
    Removing gd32f30x_timer.o(i.timer_counter_up_direction), (10 bytes).
    Removing gd32f30x_timer.o(i.timer_counter_value_config), (4 bytes).
    Removing gd32f30x_timer.o(i.timer_deinit), (120 bytes).
    Removing gd32f30x_timer.o(i.timer_disable), (10 bytes).
    Removing gd32f30x_timer.o(i.timer_dma_disable), (8 bytes).
    Removing gd32f30x_timer.o(i.timer_dma_enable), (8 bytes).
    Removing gd32f30x_timer.o(i.timer_dma_transfer_config), (22 bytes).
    Removing gd32f30x_timer.o(i.timer_enable), (10 bytes).
    Removing gd32f30x_timer.o(i.timer_event_software_generate), (8 bytes).
    Removing gd32f30x_timer.o(i.timer_external_clock_mode0_config), (26 bytes).
    Removing gd32f30x_timer.o(i.timer_external_clock_mode1_config), (18 bytes).
    Removing gd32f30x_timer.o(i.timer_external_clock_mode1_disable), (10 bytes).
    Removing gd32f30x_timer.o(i.timer_external_trigger_as_external_clock_config), (154 bytes).
    Removing gd32f30x_timer.o(i.timer_external_trigger_config), (28 bytes).
    Removing gd32f30x_timer.o(i.timer_flag_clear), (8 bytes).
    Removing gd32f30x_timer.o(i.timer_flag_get), (10 bytes).
    Removing gd32f30x_timer.o(i.timer_hall_mode_config), (24 bytes).
    Removing gd32f30x_timer.o(i.timer_init), (148 bytes).
    Removing gd32f30x_timer.o(i.timer_input_capture_config), (300 bytes).
    Removing gd32f30x_timer.o(i.timer_input_pwm_capture_config), (334 bytes).
    Removing gd32f30x_timer.o(i.timer_input_trigger_source_select), (16 bytes).
    Removing gd32f30x_timer.o(i.timer_internal_clock_config), (10 bytes).
    Removing gd32f30x_timer.o(i.timer_internal_trigger_as_external_clock_config), (26 bytes).
    Removing gd32f30x_timer.o(i.timer_interrupt_disable), (8 bytes).
    Removing gd32f30x_timer.o(i.timer_interrupt_enable), (8 bytes).
    Removing gd32f30x_timer.o(i.timer_master_output_trigger_source_select), (16 bytes).
    Removing gd32f30x_timer.o(i.timer_master_slave_mode_config), (24 bytes).
    Removing gd32f30x_timer.o(i.timer_output_value_selection_config), (30 bytes).
    Removing gd32f30x_timer.o(i.timer_prescaler_config), (16 bytes).
    Removing gd32f30x_timer.o(i.timer_prescaler_read), (6 bytes).
    Removing gd32f30x_timer.o(i.timer_primary_output_config), (20 bytes).
    Removing gd32f30x_timer.o(i.timer_quadrature_decoder_mode_config), (64 bytes).
    Removing gd32f30x_timer.o(i.timer_repetition_value_config), (4 bytes).
    Removing gd32f30x_timer.o(i.timer_single_pulse_mode_config), (24 bytes).
    Removing gd32f30x_timer.o(i.timer_slave_mode_select), (16 bytes).
    Removing gd32f30x_timer.o(i.timer_struct_para_init), (20 bytes).
    Removing gd32f30x_timer.o(i.timer_update_event_disable), (10 bytes).
    Removing gd32f30x_timer.o(i.timer_update_event_enable), (10 bytes).
    Removing gd32f30x_timer.o(i.timer_update_source_config), (24 bytes).
    Removing gd32f30x_timer.o(i.timer_write_chxval_register_config), (30 bytes).
    Removing gd32f30x_usart.o(.rev16_text), (4 bytes).
    Removing gd32f30x_usart.o(.revsh_text), (4 bytes).
    Removing gd32f30x_usart.o(i.usart_address_config), (20 bytes).
    Removing gd32f30x_usart.o(i.usart_block_length_config), (20 bytes).
    Removing gd32f30x_usart.o(i.usart_data_first_config), (18 bytes).
    Removing gd32f30x_usart.o(i.usart_disable), (10 bytes).
    Removing gd32f30x_usart.o(i.usart_dma_receive_config), (12 bytes).
    Removing gd32f30x_usart.o(i.usart_dma_transmit_config), (12 bytes).
    Removing gd32f30x_usart.o(i.usart_flag_clear), (20 bytes).
    Removing gd32f30x_usart.o(i.usart_flag_get), (22 bytes).
    Removing gd32f30x_usart.o(i.usart_guard_time_config), (24 bytes).
    Removing gd32f30x_usart.o(i.usart_halfduplex_disable), (10 bytes).
    Removing gd32f30x_usart.o(i.usart_halfduplex_enable), (10 bytes).
    Removing gd32f30x_usart.o(i.usart_hardware_flow_cts_config), (12 bytes).
    Removing gd32f30x_usart.o(i.usart_hardware_flow_rts_config), (12 bytes).
    Removing gd32f30x_usart.o(i.usart_interrupt_flag_clear), (20 bytes).
    Removing gd32f30x_usart.o(i.usart_invert_config), (76 bytes).
    Removing gd32f30x_usart.o(i.usart_irda_lowpower_config), (20 bytes).
    Removing gd32f30x_usart.o(i.usart_irda_mode_disable), (10 bytes).
    Removing gd32f30x_usart.o(i.usart_irda_mode_enable), (10 bytes).
    Removing gd32f30x_usart.o(i.usart_lin_break_detection_length_config), (20 bytes).
    Removing gd32f30x_usart.o(i.usart_lin_mode_disable), (10 bytes).
    Removing gd32f30x_usart.o(i.usart_lin_mode_enable), (10 bytes).
    Removing gd32f30x_usart.o(i.usart_mute_mode_disable), (10 bytes).
    Removing gd32f30x_usart.o(i.usart_mute_mode_enable), (10 bytes).
    Removing gd32f30x_usart.o(i.usart_mute_mode_wakeup_config), (16 bytes).
    Removing gd32f30x_usart.o(i.usart_parity_config), (16 bytes).
    Removing gd32f30x_usart.o(i.usart_prescaler_config), (16 bytes).
    Removing gd32f30x_usart.o(i.usart_receiver_timeout_disable), (12 bytes).
    Removing gd32f30x_usart.o(i.usart_receiver_timeout_enable), (12 bytes).
    Removing gd32f30x_usart.o(i.usart_receiver_timeout_threshold_config), (18 bytes).
    Removing gd32f30x_usart.o(i.usart_send_break), (10 bytes).
    Removing gd32f30x_usart.o(i.usart_smartcard_autoretry_config), (24 bytes).
    Removing gd32f30x_usart.o(i.usart_smartcard_mode_disable), (10 bytes).
    Removing gd32f30x_usart.o(i.usart_smartcard_mode_enable), (10 bytes).
    Removing gd32f30x_usart.o(i.usart_smartcard_mode_nack_disable), (10 bytes).
    Removing gd32f30x_usart.o(i.usart_smartcard_mode_nack_enable), (10 bytes).
    Removing gd32f30x_usart.o(i.usart_stop_bit_set), (16 bytes).
    Removing gd32f30x_usart.o(i.usart_synchronous_clock_config), (30 bytes).
    Removing gd32f30x_usart.o(i.usart_synchronous_clock_disable), (10 bytes).
    Removing gd32f30x_usart.o(i.usart_synchronous_clock_enable), (10 bytes).
    Removing gd32f30x_usart.o(i.usart_word_length_set), (16 bytes).
    Removing gd32f30x_wwdgt.o(.rev16_text), (4 bytes).
    Removing gd32f30x_wwdgt.o(.revsh_text), (4 bytes).
    Removing gd32f30x_wwdgt.o(i.wwdgt_config), (44 bytes).
    Removing gd32f30x_wwdgt.o(i.wwdgt_counter_update), (24 bytes).
    Removing gd32f30x_wwdgt.o(i.wwdgt_deinit), (22 bytes).
    Removing gd32f30x_wwdgt.o(i.wwdgt_enable), (16 bytes).
    Removing gd32f30x_wwdgt.o(i.wwdgt_flag_clear), (16 bytes).
    Removing gd32f30x_wwdgt.o(i.wwdgt_flag_get), (16 bytes).
    Removing gd32f30x_wwdgt.o(i.wwdgt_interrupt_enable), (16 bytes).
    Removing system_gd32f30x.o(.rev16_text), (4 bytes).
    Removing system_gd32f30x.o(.revsh_text), (4 bytes).
    Removing system_gd32f30x.o(i.SystemCoreClockUpdate), (128 bytes).
    Removing bsp.o(.rev16_text), (4 bytes).
    Removing bsp.o(.revsh_text), (4 bytes).
    Removing bsp_systicker.o(.rev16_text), (4 bytes).
    Removing bsp_systicker.o(.revsh_text), (4 bytes).
    Removing bsp_systicker.o(i.BSP_SysTicker_GetCurTick), (12 bytes).
    Removing bsp_systicker.o(i.BSP_SysTicker_GetCurUs), (4 bytes).
    Removing bsp_uart.o(.rev16_text), (4 bytes).
    Removing bsp_uart.o(.revsh_text), (4 bytes).
    Removing bsp_uart.o(i.BSP_UART_DeInit), (28 bytes).
    Removing bsp_uart.o(i.BSP_UART_GetRxData), (2 bytes).
    Removing bsp_uart.o(i.BSP_UART_GetRxLen), (28 bytes).
    Removing bsp_gpio.o(.rev16_text), (4 bytes).
    Removing bsp_gpio.o(.revsh_text), (4 bytes).
    Removing bsp_gpio.o(i.BSP_IO_SetOutput_CloseAll), (2 bytes).
    Removing bsp_gpio.o(i.BSP_IO_SetOutput_LED), (2 bytes).
    Removing bsp_gpio.o(i.BSP_IO_TimerTrigReadInputInit), (88 bytes).
    Removing bsp_gpio.o(i.drv_gpio_remap_TIMER0_DEFAULT_PA8_9_10_11_12_PB12_13_14_15), (10 bytes).
    Removing bsp_gpio.o(i.drv_gpio_remap_TIMER0_NOP), (12 bytes).
    Removing bsp_gpio.o(i.drv_gpio_remap_TIMER0_PA6_7_8_9_10_11_12_PB0_1), (12 bytes).
    Removing bsp_gpio.o(i.drv_gpio_remap_TIMER0_PE7_8_9_10_11_12_13_14_15), (12 bytes).
    Removing bsp_gpio.o(i.drv_gpio_remap_TIMER1_DEFAULT_PA0_1_2_3), (10 bytes).
    Removing bsp_gpio.o(i.drv_gpio_remap_TIMER1_PA0_1_PB10_11), (12 bytes).
    Removing bsp_gpio.o(i.drv_gpio_remap_TIMER1_PA15_PB3_10_11), (12 bytes).
    Removing bsp_gpio.o(i.drv_gpio_remap_TIMER1_PA2_3_15_PB3), (12 bytes).
    Removing bsp_gpio.o(i.drv_gpio_remap_TIMER2_DEFAULT_PA6_7_PB0_1), (10 bytes).
    Removing bsp_gpio.o(i.drv_gpio_remap_TIMER2_NOP), (12 bytes).
    Removing bsp_gpio.o(i.drv_gpio_remap_TIMER2_PB0_1_4_5), (12 bytes).
    Removing bsp_gpio.o(i.drv_gpio_remap_TIMER2_PC6_7_8_9), (12 bytes).
    Removing bsp_gpio.o(i.drv_gpio_remap_TIMER3_DEFAULT_PB6_7_8_9), (10 bytes).
    Removing bsp_gpio.o(i.drv_gpio_remap_TIMER3_PD12_13_14_15), (8 bytes).
    Removing bsp_gpio.o(i.drv_gpio_remap_USART0_DEFAULT_PA9_10), (8 bytes).
    Removing bsp_gpio.o(i.drv_gpio_remap_USART0_PB6_7), (8 bytes).
    Removing bsp_gpio.o(i.drv_gpio_remap_USART1_DEFAULT_PA0_1_2_3_4), (8 bytes).
    Removing bsp_gpio.o(i.drv_gpio_remap_USART1_PD3_4_5_6_7), (8 bytes).
    Removing bsp_gpio.o(i.drv_gpio_remap_USART2_TX_PB10_RX_PB11), (10 bytes).
    Removing bsp_gpio.o(i.drv_gpio_remap_USART2_TX_PC10_RX_PC11), (12 bytes).
    Removing bsp_watchdog.o(.rev16_text), (4 bytes).
    Removing bsp_watchdog.o(.revsh_text), (4 bytes).
    Removing bsp_watchdog.o(i.drv_wwdgt_init), (30 bytes).
    Removing bsp_flash.o(.rev16_text), (4 bytes).
    Removing bsp_flash.o(.revsh_text), (4 bytes).
    Removing bsp_feep.o(.rev16_text), (4 bytes).
    Removing bsp_feep.o(.revsh_text), (4 bytes).
    Removing bsp_feep.o(i.BSP_FEEP_Read), (72 bytes).
    Removing bsp_feep.o(i.BSP_FEEP_Write), (240 bytes).
    Removing esf.o(.rev16_text), (4 bytes).
    Removing esf.o(.revsh_text), (4 bytes).
    Removing esf_cpu.o(.rev16_text), (4 bytes).
    Removing esf_cpu.o(.revsh_text), (4 bytes).
    Removing esf_evt.o(.rev16_text), (4 bytes).
    Removing esf_evt.o(.revsh_text), (4 bytes).
    Removing esf_evt.o(i.ESF_EvtQuene_Pend), (56 bytes).
    Removing esf_evt.o(i.ESF_EvtQuene_Post), (72 bytes).
    Removing esf_evt.o(.bss), (20 bytes).
    Removing esf_mem.o(.rev16_text), (4 bytes).
    Removing esf_mem.o(.revsh_text), (4 bytes).
    Removing esf_mem.o(i.ESF_MemBuf_Free), (64 bytes).
    Removing esf_mem.o(i.ESF_MemBuf_Get), (60 bytes).
    Removing esf_tmr.o(.rev16_text), (4 bytes).
    Removing esf_tmr.o(.revsh_text), (4 bytes).
    Removing esf_tmr.o(i.ESF_TmrExeFuncScheduling), (68 bytes).
    Removing esf_tmr.o(i.ESF_TmrExeFuncTabCheck), (42 bytes).
    Removing commonlib.o(.rev16_text), (4 bytes).
    Removing commonlib.o(.revsh_text), (4 bytes).
    Removing commonlib.o(i.AsciiToHexArray), (118 bytes).
    Removing commonlib.o(i.BinarySearch), (66 bytes).
    Removing commonlib.o(i.CRC16_Cal), (60 bytes).
    Removing commonlib.o(i.CRC16_Check), (34 bytes).
    Removing commonlib.o(i.Critical_Enter), (24 bytes).
    Removing commonlib.o(i.Critical_Exit), (28 bytes).
    Removing commonlib.o(i.CumulativeSum_Cal), (20 bytes).
    Removing commonlib.o(i.CumulativeSum_Check), (26 bytes).
    Removing commonlib.o(i.HexArrayToAscii), (56 bytes).
    Removing commonlib.o(i.HexToAscii), (12 bytes).
    Removing commonlib.o(i.Log_OutPut), (80 bytes).
    Removing commonlib.o(i.Log_OutPutChar), (48 bytes).
    Removing commonlib.o(i.PAUSE_OFF), (34 bytes).
    Removing commonlib.o(i.PAUSE_ON), (34 bytes).
    Removing commonlib.o(i.Swap2Byte), (4 bytes).
    Removing commonlib.o(i.Swap4Byte), (4 bytes).
    Removing commonlib.o(i.fputc), (4 bytes).
    Removing commonlib.o(.bss), (262 bytes).
    Removing commonlib.o(.constdata), (48 bytes).
    Removing commonlib.o(.data), (1 bytes).
    Removing commonlib.o(.data), (4 bytes).
    Removing commonlib.o(.data), (4 bytes).
    Removing main.o(.rev16_text), (4 bytes).
    Removing main.o(.revsh_text), (4 bytes).
    Removing system.o(.rev16_text), (4 bytes).
    Removing system.o(.revsh_text), (4 bytes).
    Removing system.o(i.System_EvtHandle), (2 bytes).
    Removing iap.o(.rev16_text), (4 bytes).
    Removing iap.o(.revsh_text), (4 bytes).
    Removing iap.o(i.IAP_CDPDataObj_0x01), (2 bytes).
    Removing iap.o(i.IAP_CDPDataObj_0x02), (2 bytes).
    Removing iap.o(i.IAP_CDPDataObj_0x03), (2 bytes).
    Removing iap.o(i.IAP_CDPDataObj_0x04), (2 bytes).
    Removing iap.o(i.IAP_CDPDataObj_0x05), (2 bytes).
    Removing iap.o(i.IAP_CDPDataObj_0x10), (2 bytes).
    Removing iap.o(i.IAP_CDPDataObj_0x20), (2 bytes).
    Removing iap.o(i.IAP_Handle), (2 bytes).
    Removing iap.o(i.IAP_LinkTimeOutCheck), (2 bytes).
    Removing iap.o(i.IAP_LinkTimeOutResetTime), (20 bytes).
    Removing iap.o(i.IAP_RunSectionJudge), (2 bytes).
    Removing iap.o(.bss), (28 bytes).
    Removing iap.o(.data), (1 bytes).
    Removing cdp.o(.rev16_text), (4 bytes).
    Removing cdp.o(.revsh_text), (4 bytes).
    Removing cdp.o(i.CDP_DataObjRxHandle), (136 bytes).
    Removing cdp.o(i.CDP_DataTxTmrHandle), (2 bytes).
    Removing cdp.o(i.CDP_PDUPackTx), (2 bytes).
    Removing cdp.o(i.CDP_PDURxHandle), (2 bytes).
    Removing cdp.o(i.CDP_PDUTxHandle), (2 bytes).
    Removing cdp.o(i.IAPCDPDataObjID), (24 bytes).
    Removing cdp.o(.bss), (134 bytes).
    Removing cdp.o(.constdata), (56 bytes).
    Removing cdp.o(.data), (4 bytes).
    Removing cdp.o(.data), (1 bytes).
    Removing cdp_xxx_ctrl.o(.rev16_text), (4 bytes).
    Removing cdp_xxx_ctrl.o(.revsh_text), (4 bytes).
    Removing cdp_xxx_ctrl.o(i.CDP_XxxCtrl_GetCSFlag), (12 bytes).
    Removing cdp_xxx_ctrl.o(i.CDP_XxxToCtrl_DataTx), (2 bytes).
    Removing sideboard_806.o(.rev16_text), (4 bytes).
    Removing sideboard_806.o(.revsh_text), (4 bytes).
    Removing sideboard_806.o(i.Variable1msProcess), (20 bytes).

398 unused section(s) (total 12357 bytes) removed from the image.

==============================================================================

Image Symbol Table

    Local Symbols

    Symbol Name                              Value     Ov Type        Size  Object(Section)

    ../clib/microlib/init/entry.s            0x00000000   Number         0  entry11a.o ABSOLUTE
    ../clib/microlib/init/entry.s            0x00000000   Number         0  entry7b.o ABSOLUTE
    ../clib/microlib/init/entry.s            0x00000000   Number         0  entry9a.o ABSOLUTE
    ../clib/microlib/init/entry.s            0x00000000   Number         0  entry7a.o ABSOLUTE
    ../clib/microlib/init/entry.s            0x00000000   Number         0  entry5.o ABSOLUTE
    ../clib/microlib/init/entry.s            0x00000000   Number         0  entry2.o ABSOLUTE
    ../clib/microlib/init/entry.s            0x00000000   Number         0  entry8b.o ABSOLUTE
    ../clib/microlib/init/entry.s            0x00000000   Number         0  entry12b.o ABSOLUTE
    ../clib/microlib/init/entry.s            0x00000000   Number         0  entry12a.o ABSOLUTE
    ../clib/microlib/init/entry.s            0x00000000   Number         0  entry11b.o ABSOLUTE
    ../clib/microlib/init/entry.s            0x00000000   Number         0  entry8a.o ABSOLUTE
    ../clib/microlib/init/entry.s            0x00000000   Number         0  entry.o ABSOLUTE
    ../clib/microlib/init/entry.s            0x00000000   Number         0  entry10b.o ABSOLUTE
    ../clib/microlib/init/entry.s            0x00000000   Number         0  entry10a.o ABSOLUTE
    ../clib/microlib/init/entry.s            0x00000000   Number         0  entry9b.o ABSOLUTE
    ../clib/microlib/string/memcpy.c         0x00000000   Number         0  memcpyb.o ABSOLUTE
    ../clib/microlib/string/memcpy.c         0x00000000   Number         0  memcpya.o ABSOLUTE
    ../clib/microlib/string/memset.c         0x00000000   Number         0  memseta.o ABSOLUTE
    ../clib/microlib/stubs.s                 0x00000000   Number         0  iusefp.o ABSOLUTE
    ../fplib/microlib/fpepilogue.c           0x00000000   Number         0  fepilogue.o ABSOLUTE
    ../fplib/microlib/fpfix.c                0x00000000   Number         0  ffixui.o ABSOLUTE
    ../fplib/microlib/fpflt.c                0x00000000   Number         0  ffltui.o ABSOLUTE
    ..\SourceFile\BSP\Firmware\CMSIS\GD\GD32F30x\Source\ARM\startup_gd32f30x_hd.s 0x00000000   Number         0  startup_gd32f30x_hd.o ABSOLUTE
    ..\SourceFile\BSP\Firmware\CMSIS\GD\GD32F30x\Source\system_gd32f30x.c 0x00000000   Number         0  system_gd32f30x.o ABSOLUTE
    ..\SourceFile\BSP\Firmware\GD32F30x_standard_peripheral\Source\gd32f30x_adc.c 0x00000000   Number         0  gd32f30x_adc.o ABSOLUTE
    ..\SourceFile\BSP\Firmware\GD32F30x_standard_peripheral\Source\gd32f30x_exti.c 0x00000000   Number         0  gd32f30x_exti.o ABSOLUTE
    ..\SourceFile\BSP\Firmware\GD32F30x_standard_peripheral\Source\gd32f30x_fmc.c 0x00000000   Number         0  gd32f30x_fmc.o ABSOLUTE
    ..\SourceFile\BSP\Firmware\GD32F30x_standard_peripheral\Source\gd32f30x_fwdgt.c 0x00000000   Number         0  gd32f30x_fwdgt.o ABSOLUTE
    ..\SourceFile\BSP\Firmware\GD32F30x_standard_peripheral\Source\gd32f30x_gpio.c 0x00000000   Number         0  gd32f30x_gpio.o ABSOLUTE
    ..\SourceFile\BSP\Firmware\GD32F30x_standard_peripheral\Source\gd32f30x_misc.c 0x00000000   Number         0  gd32f30x_misc.o ABSOLUTE
    ..\SourceFile\BSP\Firmware\GD32F30x_standard_peripheral\Source\gd32f30x_rcu.c 0x00000000   Number         0  gd32f30x_rcu.o ABSOLUTE
    ..\SourceFile\BSP\Firmware\GD32F30x_standard_peripheral\Source\gd32f30x_timer.c 0x00000000   Number         0  gd32f30x_timer.o ABSOLUTE
    ..\SourceFile\BSP\Firmware\GD32F30x_standard_peripheral\Source\gd32f30x_usart.c 0x00000000   Number         0  gd32f30x_usart.o ABSOLUTE
    ..\SourceFile\BSP\Firmware\GD32F30x_standard_peripheral\Source\gd32f30x_wwdgt.c 0x00000000   Number         0  gd32f30x_wwdgt.o ABSOLUTE
    ..\SourceFile\BSP\bsp_drv\src\bsp.c      0x00000000   Number         0  bsp.o ABSOLUTE
    ..\SourceFile\BSP\bsp_drv\src\bsp_feep.c 0x00000000   Number         0  bsp_feep.o ABSOLUTE
    ..\SourceFile\BSP\bsp_drv\src\bsp_flash.c 0x00000000   Number         0  bsp_flash.o ABSOLUTE
    ..\SourceFile\BSP\bsp_drv\src\bsp_gpio.c 0x00000000   Number         0  bsp_gpio.o ABSOLUTE
    ..\SourceFile\BSP\bsp_drv\src\bsp_systicker.c 0x00000000   Number         0  bsp_systicker.o ABSOLUTE
    ..\SourceFile\BSP\bsp_drv\src\bsp_uart.c 0x00000000   Number         0  bsp_uart.o ABSOLUTE
    ..\SourceFile\BSP\bsp_drv\src\bsp_watchdog.c 0x00000000   Number         0  bsp_watchdog.o ABSOLUTE
    ..\SourceFile\EasySoftFrame\CommonLib.c  0x00000000   Number         0  commonlib.o ABSOLUTE
    ..\SourceFile\EasySoftFrame\src\ESF.c    0x00000000   Number         0  esf.o ABSOLUTE
    ..\SourceFile\EasySoftFrame\src\ESF_CPU.c 0x00000000   Number         0  esf_cpu.o ABSOLUTE
    ..\SourceFile\EasySoftFrame\src\ESF_Evt.c 0x00000000   Number         0  esf_evt.o ABSOLUTE
    ..\SourceFile\EasySoftFrame\src\ESF_Mem.c 0x00000000   Number         0  esf_mem.o ABSOLUTE
    ..\SourceFile\EasySoftFrame\src\ESF_Tmr.c 0x00000000   Number         0  esf_tmr.o ABSOLUTE
    ..\SourceFile\UserApp\BootLoader\CDP\src\CDP.c 0x00000000   Number         0  cdp.o ABSOLUTE
    ..\SourceFile\UserApp\BootLoader\CDP\src\CDP_Xxx_Ctrl.c 0x00000000   Number         0  cdp_xxx_ctrl.o ABSOLUTE
    ..\SourceFile\UserApp\BootLoader\CDP\src\SideBoard_806.c 0x00000000   Number         0  sideboard_806.o ABSOLUTE
    ..\SourceFile\UserApp\BootLoader\IAP\src\IAP.c 0x00000000   Number         0  iap.o ABSOLUTE
    ..\SourceFile\UserApp\System.c           0x00000000   Number         0  system.o ABSOLUTE
    ..\SourceFile\UserApp\main.c             0x00000000   Number         0  main.o ABSOLUTE
    ..\\SourceFile\\BSP\\Firmware\\CMSIS\\GD\\GD32F30x\\Source\\system_gd32f30x.c 0x00000000   Number         0  system_gd32f30x.o ABSOLUTE
    ..\\SourceFile\\BSP\\Firmware\\GD32F30x_standard_peripheral\\Source\\gd32f30x_adc.c 0x00000000   Number         0  gd32f30x_adc.o ABSOLUTE
    ..\\SourceFile\\BSP\\Firmware\\GD32F30x_standard_peripheral\\Source\\gd32f30x_exti.c 0x00000000   Number         0  gd32f30x_exti.o ABSOLUTE
    ..\\SourceFile\\BSP\\Firmware\\GD32F30x_standard_peripheral\\Source\\gd32f30x_fmc.c 0x00000000   Number         0  gd32f30x_fmc.o ABSOLUTE
    ..\\SourceFile\\BSP\\Firmware\\GD32F30x_standard_peripheral\\Source\\gd32f30x_fwdgt.c 0x00000000   Number         0  gd32f30x_fwdgt.o ABSOLUTE
    ..\\SourceFile\\BSP\\Firmware\\GD32F30x_standard_peripheral\\Source\\gd32f30x_gpio.c 0x00000000   Number         0  gd32f30x_gpio.o ABSOLUTE
    ..\\SourceFile\\BSP\\Firmware\\GD32F30x_standard_peripheral\\Source\\gd32f30x_misc.c 0x00000000   Number         0  gd32f30x_misc.o ABSOLUTE
    ..\\SourceFile\\BSP\\Firmware\\GD32F30x_standard_peripheral\\Source\\gd32f30x_rcu.c 0x00000000   Number         0  gd32f30x_rcu.o ABSOLUTE
    ..\\SourceFile\\BSP\\Firmware\\GD32F30x_standard_peripheral\\Source\\gd32f30x_timer.c 0x00000000   Number         0  gd32f30x_timer.o ABSOLUTE
    ..\\SourceFile\\BSP\\Firmware\\GD32F30x_standard_peripheral\\Source\\gd32f30x_usart.c 0x00000000   Number         0  gd32f30x_usart.o ABSOLUTE
    ..\\SourceFile\\BSP\\Firmware\\GD32F30x_standard_peripheral\\Source\\gd32f30x_wwdgt.c 0x00000000   Number         0  gd32f30x_wwdgt.o ABSOLUTE
    ..\\SourceFile\\BSP\\bsp_drv\\src\\bsp.c 0x00000000   Number         0  bsp.o ABSOLUTE
    ..\\SourceFile\\BSP\\bsp_drv\\src\\bsp_feep.c 0x00000000   Number         0  bsp_feep.o ABSOLUTE
    ..\\SourceFile\\BSP\\bsp_drv\\src\\bsp_flash.c 0x00000000   Number         0  bsp_flash.o ABSOLUTE
    ..\\SourceFile\\BSP\\bsp_drv\\src\\bsp_gpio.c 0x00000000   Number         0  bsp_gpio.o ABSOLUTE
    ..\\SourceFile\\BSP\\bsp_drv\\src\\bsp_systicker.c 0x00000000   Number         0  bsp_systicker.o ABSOLUTE
    ..\\SourceFile\\BSP\\bsp_drv\\src\\bsp_uart.c 0x00000000   Number         0  bsp_uart.o ABSOLUTE
    ..\\SourceFile\\BSP\\bsp_drv\\src\\bsp_watchdog.c 0x00000000   Number         0  bsp_watchdog.o ABSOLUTE
    ..\\SourceFile\\EasySoftFrame\\CommonLib.c 0x00000000   Number         0  commonlib.o ABSOLUTE
    ..\\SourceFile\\EasySoftFrame\\src\\ESF.c 0x00000000   Number         0  esf.o ABSOLUTE
    ..\\SourceFile\\EasySoftFrame\\src\\ESF_CPU.c 0x00000000   Number         0  esf_cpu.o ABSOLUTE
    ..\\SourceFile\\EasySoftFrame\\src\\ESF_Evt.c 0x00000000   Number         0  esf_evt.o ABSOLUTE
    ..\\SourceFile\\EasySoftFrame\\src\\ESF_Mem.c 0x00000000   Number         0  esf_mem.o ABSOLUTE
    ..\\SourceFile\\EasySoftFrame\\src\\ESF_Tmr.c 0x00000000   Number         0  esf_tmr.o ABSOLUTE
    ..\\SourceFile\\UserApp\\BootLoader\\CDP\\src\\CDP.c 0x00000000   Number         0  cdp.o ABSOLUTE
    ..\\SourceFile\\UserApp\\BootLoader\\CDP\\src\\CDP_Xxx_Ctrl.c 0x00000000   Number         0  cdp_xxx_ctrl.o ABSOLUTE
    ..\\SourceFile\\UserApp\\BootLoader\\CDP\\src\\SideBoard_806.c 0x00000000   Number         0  sideboard_806.o ABSOLUTE
    ..\\SourceFile\\UserApp\\BootLoader\\IAP\\src\\IAP.c 0x00000000   Number         0  iap.o ABSOLUTE
    ..\\SourceFile\\UserApp\\System.c        0x00000000   Number         0  system.o ABSOLUTE
    ..\\SourceFile\\UserApp\\main.c          0x00000000   Number         0  main.o ABSOLUTE
    dc.s                                     0x00000000   Number         0  dc.o ABSOLUTE
    handlers.s                               0x00000000   Number         0  handlers.o ABSOLUTE
    init.s                                   0x00000000   Number         0  init.o ABSOLUTE
    RESET                                    0x08000000   Section      304  startup_gd32f30x_hd.o(RESET)
    .ARM.Collect$$$$00000000                 0x08000130   Section        0  entry.o(.ARM.Collect$$$$00000000)
    .ARM.Collect$$$$00000001                 0x08000130   Section        4  entry2.o(.ARM.Collect$$$$00000001)
    .ARM.Collect$$$$00000004                 0x08000134   Section        4  entry5.o(.ARM.Collect$$$$00000004)
    .ARM.Collect$$$$00000008                 0x08000138   Section        0  entry7b.o(.ARM.Collect$$$$00000008)
    .ARM.Collect$$$$0000000A                 0x08000138   Section        0  entry8b.o(.ARM.Collect$$$$0000000A)
    .ARM.Collect$$$$0000000B                 0x08000138   Section        8  entry9a.o(.ARM.Collect$$$$0000000B)
    .ARM.Collect$$$$0000000E                 0x08000140   Section        4  entry12b.o(.ARM.Collect$$$$0000000E)
    .ARM.Collect$$$$0000000F                 0x08000144   Section        0  entry10a.o(.ARM.Collect$$$$0000000F)
    .ARM.Collect$$$$00000011                 0x08000144   Section        0  entry11a.o(.ARM.Collect$$$$00000011)
    .ARM.Collect$$$$00002712                 0x08000144   Section        4  entry2.o(.ARM.Collect$$$$00002712)
    __lit__00000000                          0x08000144   Data           4  entry2.o(.ARM.Collect$$$$00002712)
    .text                                    0x08000148   Section       36  startup_gd32f30x_hd.o(.text)
    .text                                    0x0800016c   Section        0  memcpya.o(.text)
    .text                                    0x08000190   Section        0  memseta.o(.text)
    .text                                    0x080001b4   Section        0  ffltui.o(.text)
    .text                                    0x080001be   Section        0  ffixui.o(.text)
    .text                                    0x080001e6   Section        0  iusefp.o(.text)
    .text                                    0x080001e6   Section        0  fepilogue.o(.text)
    .text                                    0x08000254   Section       36  init.o(.text)
    i.BSP_FEEP_Init                          0x08000278   Section        0  bsp_feep.o(i.BSP_FEEP_Init)
    i.BSP_FLASH_Erase                        0x0800030c   Section        0  bsp_flash.o(i.BSP_FLASH_Erase)
    i.BSP_FLASH_ProgramData                  0x0800034c   Section        0  bsp_flash.o(i.BSP_FLASH_ProgramData)
    i.BSP_FLASH_ProgramWord                  0x080003b6   Section        0  bsp_flash.o(i.BSP_FLASH_ProgramWord)
    i.BSP_IO_Init                            0x080003ec   Section        0  bsp_gpio.o(i.BSP_IO_Init)
    i.BSP_Init                               0x08000458   Section        0  bsp.o(i.BSP_Init)
    i.BSP_SysTicker_CalLag                   0x08000488   Section        0  bsp_systicker.o(i.BSP_SysTicker_CalLag)
    i.BSP_SysTicker_Init                     0x080004a8   Section        0  bsp_systicker.o(i.BSP_SysTicker_Init)
    i.BSP_UART_GetTxState                    0x080004e4   Section        0  bsp_uart.o(i.BSP_UART_GetTxState)
    i.BSP_UART_Init                          0x08000504   Section        0  bsp_uart.o(i.BSP_UART_Init)
    i.BSP_UART_RegRxByteCB                   0x0800062c   Section        0  bsp_uart.o(i.BSP_UART_RegRxByteCB)
    i.BSP_UART_TxData                        0x08000648   Section        0  bsp_uart.o(i.BSP_UART_TxData)
    i.BSP_WatchDog_Feed                      0x08000690   Section        0  bsp_watchdog.o(i.BSP_WatchDog_Feed)
    i.BSP_WatchDog_Init                      0x08000694   Section        0  bsp_watchdog.o(i.BSP_WatchDog_Init)
    i.CDP_CenSideBoard_ByteRx                0x0800069c   Section        0  sideboard_806.o(i.CDP_CenSideBoard_ByteRx)
    i.CDP_CenWifi_FrameTx                    0x08000734   Section        0  sideboard_806.o(i.CDP_CenWifi_FrameTx)
    i.CDP_CtrlToXxx_ByteRx                   0x080007ac   Section        0  cdp_xxx_ctrl.o(i.CDP_CtrlToXxx_ByteRx)
    CDP_CtrlToXxx_ByteRx                     0x080007ad   Thumb Code    32  cdp_xxx_ctrl.o(i.CDP_CtrlToXxx_ByteRx)
    i.CDP_Handle                             0x080007d4   Section        0  cdp.o(i.CDP_Handle)
    i.CDP_Init                               0x08000820   Section        0  cdp.o(i.CDP_Init)
    i.CDP_XxxCtrl_Init                       0x08000838   Section        0  cdp_xxx_ctrl.o(i.CDP_XxxCtrl_Init)
    i.CalculateCheckSum                      0x08000850   Section        0  sideboard_806.o(i.CalculateCheckSum)
    i.ESF_Init                               0x08000866   Section        0  esf.o(i.ESF_Init)
    i.ESF_MemBuf_Init                        0x0800086c   Section        0  esf_mem.o(i.ESF_MemBuf_Init)
    i.GOTO_APP                               0x0800087c   Section        0  cdp.o(i.GOTO_APP)
    i.IAP_JumpToAppSection                   0x080008a8   Section        0  iap.o(i.IAP_JumpToAppSection)
    i.OTA_frame                              0x080008e8   Section        0  cdp.o(i.OTA_frame)
    i.OTA_uartget                            0x0800097c   Section        0  cdp.o(i.OTA_uartget)
    i.OTA_uartsend                           0x08000ad8   Section        0  cdp.o(i.OTA_uartsend)
    i.ReceviceDataFromSideBoard              0x08000bc0   Section        0  sideboard_806.o(i.ReceviceDataFromSideBoard)
    i.SendDataToSideBoard100ms               0x08000c2c   Section        0  sideboard_806.o(i.SendDataToSideBoard100ms)
    i.SideCtrlInit                           0x08000c9c   Section        0  sideboard_806.o(i.SideCtrlInit)
    i.SysTick_Handler                        0x08000ca8   Section        0  bsp_systicker.o(i.SysTick_Handler)
    i.SystemInit                             0x08000ce4   Section        0  system_gd32f30x.o(i.SystemInit)
    i.System_Handle                          0x08000d18   Section        0  system.o(i.System_Handle)
    i.System_Init                            0x08000d1c   Section        0  system.o(i.System_Init)
    i.TIMER6_IRQHandler                      0x08000d30   Section        0  bsp_gpio.o(i.TIMER6_IRQHandler)
    i.UART3_IRQHandler                       0x08000d54   Section        0  bsp_uart.o(i.UART3_IRQHandler)
    i.UART4_IRQHandler                       0x08000d5a   Section        0  bsp_uart.o(i.UART4_IRQHandler)
    i.USART0_IRQHandler                      0x08000d60   Section        0  bsp_uart.o(i.USART0_IRQHandler)
    i.USART1_IRQHandler                      0x08000d62   Section        0  bsp_uart.o(i.USART1_IRQHandler)
    i.USART2_IRQHandler                      0x08000d64   Section        0  bsp_uart.o(i.USART2_IRQHandler)
    i.USART_IRQHandler                       0x08000d6c   Section        0  bsp_uart.o(i.USART_IRQHandler)
    USART_IRQHandler                         0x08000d6d   Thumb Code   178  bsp_uart.o(i.USART_IRQHandler)
    i.__scatterload_copy                     0x08000e30   Section       14  handlers.o(i.__scatterload_copy)
    i.__scatterload_null                     0x08000e3e   Section        2  handlers.o(i.__scatterload_null)
    i.__scatterload_zeroinit                 0x08000e40   Section       14  handlers.o(i.__scatterload_zeroinit)
    i.cell_Sizeof                            0x08000e4e   Section        0  cdp.o(i.cell_Sizeof)
    i.cellfindstr                            0x08000e60   Section        0  cdp.o(i.cellfindstr)
    i.drv_fwdgt_init                         0x08000e94   Section        0  bsp_watchdog.o(i.drv_fwdgt_init)
    i.drv_gpio_remap_USART2_TX_PD8_RX_PD9    0x08000ebc   Section        0  bsp_gpio.o(i.drv_gpio_remap_USART2_TX_PD8_RX_PD9)
    i.fmc_bank0_ready_wait                   0x08000ec8   Section        0  gd32f30x_fmc.o(i.fmc_bank0_ready_wait)
    i.fmc_bank0_state_get                    0x08000ee0   Section        0  gd32f30x_fmc.o(i.fmc_bank0_state_get)
    i.fmc_bank1_ready_wait                   0x08000f08   Section        0  gd32f30x_fmc.o(i.fmc_bank1_ready_wait)
    i.fmc_bank1_state_get                    0x08000f20   Section        0  gd32f30x_fmc.o(i.fmc_bank1_state_get)
    i.fmc_flag_clear                         0x08000f48   Section        0  gd32f30x_fmc.o(i.fmc_flag_clear)
    i.fmc_lock                               0x08000f64   Section        0  gd32f30x_fmc.o(i.fmc_lock)
    i.fmc_page_erase                         0x08000f8c   Section        0  gd32f30x_fmc.o(i.fmc_page_erase)
    i.fmc_unlock                             0x08001014   Section        0  gd32f30x_fmc.o(i.fmc_unlock)
    i.fmc_word_program                       0x0800104c   Section        0  gd32f30x_fmc.o(i.fmc_word_program)
    i.fwdgt_config                           0x080010bc   Section        0  gd32f30x_fwdgt.o(i.fwdgt_config)
    i.fwdgt_counter_reload                   0x0800110c   Section        0  gd32f30x_fwdgt.o(i.fwdgt_counter_reload)
    i.fwdgt_enable                           0x0800111c   Section        0  gd32f30x_fwdgt.o(i.fwdgt_enable)
    i.fwdgt_write_enable                     0x0800112c   Section        0  gd32f30x_fwdgt.o(i.fwdgt_write_enable)
    i.gpio_init                              0x0800113c   Section        0  gd32f30x_gpio.o(i.gpio_init)
    i.gpio_pin_remap_config                  0x080011dc   Section        0  gd32f30x_gpio.o(i.gpio_pin_remap_config)
    i.main                                   0x08001234   Section        0  main.o(i.main)
    i.nvic_irq_enable                        0x0800124c   Section        0  gd32f30x_misc.o(i.nvic_irq_enable)
    i.nvic_priority_group_set                0x080012e0   Section        0  gd32f30x_misc.o(i.nvic_priority_group_set)
    i.rcu_clock_freq_get                     0x080012f4   Section        0  gd32f30x_rcu.o(i.rcu_clock_freq_get)
    i.rcu_periph_clock_enable                0x080013ec   Section        0  gd32f30x_rcu.o(i.rcu_periph_clock_enable)
    i.rcu_periph_reset_disable               0x08001408   Section        0  gd32f30x_rcu.o(i.rcu_periph_reset_disable)
    i.rcu_periph_reset_enable                0x08001424   Section        0  gd32f30x_rcu.o(i.rcu_periph_reset_enable)
    i.system_clock_108m_hxtal                0x08001440   Section        0  system_gd32f30x.o(i.system_clock_108m_hxtal)
    system_clock_108m_hxtal                  0x08001441   Thumb Code   124  system_gd32f30x.o(i.system_clock_108m_hxtal)
    i.timer_interrupt_flag_clear             0x080014c8   Section        0  gd32f30x_timer.o(i.timer_interrupt_flag_clear)
    i.timer_interrupt_flag_get               0x080014d0   Section        0  gd32f30x_timer.o(i.timer_interrupt_flag_get)
    i.usart_baudrate_set                     0x080014e4   Section        0  gd32f30x_usart.o(i.usart_baudrate_set)
    i.usart_data_receive                     0x08001538   Section        0  gd32f30x_usart.o(i.usart_data_receive)
    i.usart_data_transmit                    0x08001540   Section        0  gd32f30x_usart.o(i.usart_data_transmit)
    i.usart_deinit                           0x08001548   Section        0  gd32f30x_usart.o(i.usart_deinit)
    i.usart_enable                           0x080015a0   Section        0  gd32f30x_usart.o(i.usart_enable)
    i.usart_interrupt_disable                0x080015aa   Section        0  gd32f30x_usart.o(i.usart_interrupt_disable)
    i.usart_interrupt_enable                 0x080015be   Section        0  gd32f30x_usart.o(i.usart_interrupt_enable)
    i.usart_interrupt_flag_get               0x080015d2   Section        0  gd32f30x_usart.o(i.usart_interrupt_flag_get)
    i.usart_receive_config                   0x08001602   Section        0  gd32f30x_usart.o(i.usart_receive_config)
    i.usart_transmit_config                  0x0800160e   Section        0  gd32f30x_usart.o(i.usart_transmit_config)
    .conststring                             0x0800161c   Section      128  cdp.o(.conststring)
    .data                                    0x20000000   Section        4  system_gd32f30x.o(.data)
    .data                                    0x20000004   Section        2  bsp_systicker.o(.data)
    SysTicker                                0x20000004   Data           2  bsp_systicker.o(.data)
    .data                                    0x20000008   Section       20  bsp_uart.o(.data)
    .data                                    0x2000001c   Section       12  bsp_feep.o(.data)
    pFEEPPage0                               0x2000001c   Data           4  bsp_feep.o(.data)
    pFEEPPage1                               0x20000020   Data           4  bsp_feep.o(.data)
    pFEEPPageActive                          0x20000024   Data           4  bsp_feep.o(.data)
    .data                                    0x20000028   Section        4  iap.o(.data)
    Jump_To_Application                      0x20000028   Data           4  iap.o(.data)
    .data                                    0x2000002c   Section       80  cdp.o(.data)
    ok                                       0x20000034   Data           1  cdp.o(.data)
    OTAgetCount                              0x20000035   Data           1  cdp.o(.data)
    TickCount                                0x20000038   Data           2  cdp.o(.data)
    TickCountSideCtrl                        0x2000003a   Data           2  cdp.o(.data)
    .data                                    0x2000007c   Section        3  cdp.o(.data)
    .data                                    0x2000007f   Section        3  cdp.o(.data)
    .data                                    0x20000082   Section        3  cdp.o(.data)
    .data                                    0x20000085   Section        3  cdp.o(.data)
    .data                                    0x20000088   Section        3  cdp.o(.data)
    .data                                    0x2000008b   Section        3  cdp.o(.data)
    .data                                    0x20000090   Section        8  cdp.o(.data)
    CDP                                      0x20000090   Data           8  cdp.o(.data)
    .data                                    0x20000098   Section       12  cdp_xxx_ctrl.o(.data)
    .data                                    0x200000a4   Section       17  sideboard_806.o(.data)
    NeedESC                                  0x200000a4   Data           1  sideboard_806.o(.data)
    ByteRxLen                                0x200000a5   Data           1  sideboard_806.o(.data)
    PDUReceving                              0x200000a6   Data           1  sideboard_806.o(.data)
    .bss                                     0x200000b8   Section      120  bsp_uart.o(.bss)
    UartRxTx                                 0x200000b8   Data         120  bsp_uart.o(.bss)
    .bss                                     0x20000130   Section     4196  esf_mem.o(.bss)
    .bss                                     0x20001194   Section       12  cdp_xxx_ctrl.o(.bss)
    CDP_XxxCtrl                              0x20001194   Data          12  cdp_xxx_ctrl.o(.bss)
    .bss                                     0x200011a0   Section      300  cdp_xxx_ctrl.o(.bss)
    .bss                                     0x200012cc   Section       76  sideboard_806.o(.bss)
    FrameTxBuf                               0x200012cc   Data          24  sideboard_806.o(.bss)
    STACK                                    0x20001318   Section     1024  startup_gd32f30x_hd.o(STACK)

    Global Symbols

    Symbol Name                              Value     Ov Type        Size  Object(Section)

    BuildAttributes$$THM_ISAv4$P$D$K$B$S$PE$A:L22UL41UL21$X:L11$S22US41US21$IEEE1$IW$USESV6$~STKCKD$USESV7$~SHL$OTIME$ROPI$EBA8$MICROLIB$REQ8$PRES8$EABIv2 0x00000000   Number         0  anon$$obj.o ABSOLUTE
    __ARM_use_no_argv                        0x00000000   Number         0  main.o ABSOLUTE
    __arm_fini_                               - Undefined Weak Reference
    __cpp_initialize__aeabi_                  - Undefined Weak Reference
    __cxa_finalize                            - Undefined Weak Reference
    __decompress                              - Undefined Weak Reference
    _clock_init                               - Undefined Weak Reference
    _microlib_exit                            - Undefined Weak Reference
    __Vectors_Size                           0x00000130   Number         0  startup_gd32f30x_hd.o ABSOLUTE
    __Vectors                                0x08000000   Data           4  startup_gd32f30x_hd.o(RESET)
    __Vectors_End                            0x08000130   Data           0  startup_gd32f30x_hd.o(RESET)
    __main                                   0x08000131   Thumb Code     0  entry.o(.ARM.Collect$$$$00000000)
    _main_stk                                0x08000131   Thumb Code     0  entry2.o(.ARM.Collect$$$$00000001)
    _main_scatterload                        0x08000135   Thumb Code     0  entry5.o(.ARM.Collect$$$$00000004)
    __main_after_scatterload                 0x08000139   Thumb Code     0  entry5.o(.ARM.Collect$$$$00000004)
    _main_clock                              0x08000139   Thumb Code     0  entry7b.o(.ARM.Collect$$$$00000008)
    _main_cpp_init                           0x08000139   Thumb Code     0  entry8b.o(.ARM.Collect$$$$0000000A)
    _main_init                               0x08000139   Thumb Code     0  entry9a.o(.ARM.Collect$$$$0000000B)
    __rt_lib_shutdown_fini                   0x08000141   Thumb Code     0  entry12b.o(.ARM.Collect$$$$0000000E)
    __rt_final_cpp                           0x08000145   Thumb Code     0  entry10a.o(.ARM.Collect$$$$0000000F)
    __rt_final_exit                          0x08000145   Thumb Code     0  entry11a.o(.ARM.Collect$$$$00000011)
    Reset_Handler                            0x08000149   Thumb Code     8  startup_gd32f30x_hd.o(.text)
    NMI_Handler                              0x08000151   Thumb Code     2  startup_gd32f30x_hd.o(.text)
    HardFault_Handler                        0x08000153   Thumb Code     2  startup_gd32f30x_hd.o(.text)
    MemManage_Handler                        0x08000155   Thumb Code     2  startup_gd32f30x_hd.o(.text)
    BusFault_Handler                         0x08000157   Thumb Code     2  startup_gd32f30x_hd.o(.text)
    UsageFault_Handler                       0x08000159   Thumb Code     2  startup_gd32f30x_hd.o(.text)
    SVC_Handler                              0x0800015b   Thumb Code     2  startup_gd32f30x_hd.o(.text)
    DebugMon_Handler                         0x0800015d   Thumb Code     2  startup_gd32f30x_hd.o(.text)
    PendSV_Handler                           0x0800015f   Thumb Code     2  startup_gd32f30x_hd.o(.text)
    ADC0_1_IRQHandler                        0x08000163   Thumb Code     0  startup_gd32f30x_hd.o(.text)
    ADC2_IRQHandler                          0x08000163   Thumb Code     0  startup_gd32f30x_hd.o(.text)
    CAN0_EWMC_IRQHandler                     0x08000163   Thumb Code     0  startup_gd32f30x_hd.o(.text)
    CAN0_RX1_IRQHandler                      0x08000163   Thumb Code     0  startup_gd32f30x_hd.o(.text)
    DMA0_Channel0_IRQHandler                 0x08000163   Thumb Code     0  startup_gd32f30x_hd.o(.text)
    DMA0_Channel1_IRQHandler                 0x08000163   Thumb Code     0  startup_gd32f30x_hd.o(.text)
    DMA0_Channel2_IRQHandler                 0x08000163   Thumb Code     0  startup_gd32f30x_hd.o(.text)
    DMA0_Channel3_IRQHandler                 0x08000163   Thumb Code     0  startup_gd32f30x_hd.o(.text)
    DMA0_Channel4_IRQHandler                 0x08000163   Thumb Code     0  startup_gd32f30x_hd.o(.text)
    DMA0_Channel5_IRQHandler                 0x08000163   Thumb Code     0  startup_gd32f30x_hd.o(.text)
    DMA0_Channel6_IRQHandler                 0x08000163   Thumb Code     0  startup_gd32f30x_hd.o(.text)
    DMA1_Channel0_IRQHandler                 0x08000163   Thumb Code     0  startup_gd32f30x_hd.o(.text)
    DMA1_Channel1_IRQHandler                 0x08000163   Thumb Code     0  startup_gd32f30x_hd.o(.text)
    DMA1_Channel2_IRQHandler                 0x08000163   Thumb Code     0  startup_gd32f30x_hd.o(.text)
    DMA1_Channel3_4_IRQHandler               0x08000163   Thumb Code     0  startup_gd32f30x_hd.o(.text)
    EXMC_IRQHandler                          0x08000163   Thumb Code     0  startup_gd32f30x_hd.o(.text)
    EXTI0_IRQHandler                         0x08000163   Thumb Code     0  startup_gd32f30x_hd.o(.text)
    EXTI10_15_IRQHandler                     0x08000163   Thumb Code     0  startup_gd32f30x_hd.o(.text)
    EXTI1_IRQHandler                         0x08000163   Thumb Code     0  startup_gd32f30x_hd.o(.text)
    EXTI2_IRQHandler                         0x08000163   Thumb Code     0  startup_gd32f30x_hd.o(.text)
    EXTI3_IRQHandler                         0x08000163   Thumb Code     0  startup_gd32f30x_hd.o(.text)
    EXTI4_IRQHandler                         0x08000163   Thumb Code     0  startup_gd32f30x_hd.o(.text)
    EXTI5_9_IRQHandler                       0x08000163   Thumb Code     0  startup_gd32f30x_hd.o(.text)
    FMC_IRQHandler                           0x08000163   Thumb Code     0  startup_gd32f30x_hd.o(.text)
    I2C0_ER_IRQHandler                       0x08000163   Thumb Code     0  startup_gd32f30x_hd.o(.text)
    I2C0_EV_IRQHandler                       0x08000163   Thumb Code     0  startup_gd32f30x_hd.o(.text)
    I2C1_ER_IRQHandler                       0x08000163   Thumb Code     0  startup_gd32f30x_hd.o(.text)
    I2C1_EV_IRQHandler                       0x08000163   Thumb Code     0  startup_gd32f30x_hd.o(.text)
    LVD_IRQHandler                           0x08000163   Thumb Code     0  startup_gd32f30x_hd.o(.text)
    RCU_CTC_IRQHandler                       0x08000163   Thumb Code     0  startup_gd32f30x_hd.o(.text)
    RTC_Alarm_IRQHandler                     0x08000163   Thumb Code     0  startup_gd32f30x_hd.o(.text)
    RTC_IRQHandler                           0x08000163   Thumb Code     0  startup_gd32f30x_hd.o(.text)
    SDIO_IRQHandler                          0x08000163   Thumb Code     0  startup_gd32f30x_hd.o(.text)
    SPI0_IRQHandler                          0x08000163   Thumb Code     0  startup_gd32f30x_hd.o(.text)
    SPI1_IRQHandler                          0x08000163   Thumb Code     0  startup_gd32f30x_hd.o(.text)
    SPI2_IRQHandler                          0x08000163   Thumb Code     0  startup_gd32f30x_hd.o(.text)
    TAMPER_IRQHandler                        0x08000163   Thumb Code     0  startup_gd32f30x_hd.o(.text)
    TIMER0_BRK_IRQHandler                    0x08000163   Thumb Code     0  startup_gd32f30x_hd.o(.text)
    TIMER0_Channel_IRQHandler                0x08000163   Thumb Code     0  startup_gd32f30x_hd.o(.text)
    TIMER0_TRG_CMT_IRQHandler                0x08000163   Thumb Code     0  startup_gd32f30x_hd.o(.text)
    TIMER0_UP_IRQHandler                     0x08000163   Thumb Code     0  startup_gd32f30x_hd.o(.text)
    TIMER1_IRQHandler                        0x08000163   Thumb Code     0  startup_gd32f30x_hd.o(.text)
    TIMER2_IRQHandler                        0x08000163   Thumb Code     0  startup_gd32f30x_hd.o(.text)
    TIMER3_IRQHandler                        0x08000163   Thumb Code     0  startup_gd32f30x_hd.o(.text)
    TIMER4_IRQHandler                        0x08000163   Thumb Code     0  startup_gd32f30x_hd.o(.text)
    TIMER5_IRQHandler                        0x08000163   Thumb Code     0  startup_gd32f30x_hd.o(.text)
    TIMER7_BRK_IRQHandler                    0x08000163   Thumb Code     0  startup_gd32f30x_hd.o(.text)
    TIMER7_Channel_IRQHandler                0x08000163   Thumb Code     0  startup_gd32f30x_hd.o(.text)
    TIMER7_TRG_CMT_IRQHandler                0x08000163   Thumb Code     0  startup_gd32f30x_hd.o(.text)
    TIMER7_UP_IRQHandler                     0x08000163   Thumb Code     0  startup_gd32f30x_hd.o(.text)
    USBD_HP_CAN0_TX_IRQHandler               0x08000163   Thumb Code     0  startup_gd32f30x_hd.o(.text)
    USBD_LP_CAN0_RX0_IRQHandler              0x08000163   Thumb Code     0  startup_gd32f30x_hd.o(.text)
    USBD_WKUP_IRQHandler                     0x08000163   Thumb Code     0  startup_gd32f30x_hd.o(.text)
    WWDGT_IRQHandler                         0x08000163   Thumb Code     0  startup_gd32f30x_hd.o(.text)
    __aeabi_memcpy                           0x0800016d   Thumb Code    36  memcpya.o(.text)
    __aeabi_memcpy4                          0x0800016d   Thumb Code     0  memcpya.o(.text)
    __aeabi_memcpy8                          0x0800016d   Thumb Code     0  memcpya.o(.text)
    __aeabi_memset                           0x08000191   Thumb Code    14  memseta.o(.text)
    __aeabi_memset4                          0x08000191   Thumb Code     0  memseta.o(.text)
    __aeabi_memset8                          0x08000191   Thumb Code     0  memseta.o(.text)
    __aeabi_memclr                           0x0800019f   Thumb Code     4  memseta.o(.text)
    __aeabi_memclr4                          0x0800019f   Thumb Code     0  memseta.o(.text)
    __aeabi_memclr8                          0x0800019f   Thumb Code     0  memseta.o(.text)
    _memset$wrapper                          0x080001a3   Thumb Code    18  memseta.o(.text)
    __aeabi_ui2f                             0x080001b5   Thumb Code    10  ffltui.o(.text)
    __aeabi_f2uiz                            0x080001bf   Thumb Code    40  ffixui.o(.text)
    __I$use$fp                               0x080001e7   Thumb Code     0  iusefp.o(.text)
    _float_round                             0x080001e7   Thumb Code    18  fepilogue.o(.text)
    _float_epilogue                          0x080001f9   Thumb Code    92  fepilogue.o(.text)
    __scatterload                            0x08000255   Thumb Code    28  init.o(.text)
    __scatterload_rt2                        0x08000255   Thumb Code     0  init.o(.text)
    BSP_FEEP_Init                            0x08000279   Thumb Code   134  bsp_feep.o(i.BSP_FEEP_Init)
    BSP_FLASH_Erase                          0x0800030d   Thumb Code    64  bsp_flash.o(i.BSP_FLASH_Erase)
    BSP_FLASH_ProgramData                    0x0800034d   Thumb Code   106  bsp_flash.o(i.BSP_FLASH_ProgramData)
    BSP_FLASH_ProgramWord                    0x080003b7   Thumb Code    54  bsp_flash.o(i.BSP_FLASH_ProgramWord)
    BSP_IO_Init                              0x080003ed   Thumb Code   102  bsp_gpio.o(i.BSP_IO_Init)
    BSP_Init                                 0x08000459   Thumb Code    42  bsp.o(i.BSP_Init)
    BSP_SysTicker_CalLag                     0x08000489   Thumb Code    26  bsp_systicker.o(i.BSP_SysTicker_CalLag)
    BSP_SysTicker_Init                       0x080004a9   Thumb Code    48  bsp_systicker.o(i.BSP_SysTicker_Init)
    BSP_UART_GetTxState                      0x080004e5   Thumb Code    26  bsp_uart.o(i.BSP_UART_GetTxState)
    BSP_UART_Init                            0x08000505   Thumb Code   268  bsp_uart.o(i.BSP_UART_Init)
    BSP_UART_RegRxByteCB                     0x0800062d   Thumb Code    22  bsp_uart.o(i.BSP_UART_RegRxByteCB)
    BSP_UART_TxData                          0x08000649   Thumb Code    64  bsp_uart.o(i.BSP_UART_TxData)
    BSP_WatchDog_Feed                        0x08000691   Thumb Code     4  bsp_watchdog.o(i.BSP_WatchDog_Feed)
    BSP_WatchDog_Init                        0x08000695   Thumb Code     8  bsp_watchdog.o(i.BSP_WatchDog_Init)
    CDP_CenSideBoard_ByteRx                  0x0800069d   Thumb Code   148  sideboard_806.o(i.CDP_CenSideBoard_ByteRx)
    CDP_CenWifi_FrameTx                      0x08000735   Thumb Code   112  sideboard_806.o(i.CDP_CenWifi_FrameTx)
    CDP_Handle                               0x080007d5   Thumb Code    64  cdp.o(i.CDP_Handle)
    CDP_Init                                 0x08000821   Thumb Code    20  cdp.o(i.CDP_Init)
    CDP_XxxCtrl_Init                         0x08000839   Thumb Code    16  cdp_xxx_ctrl.o(i.CDP_XxxCtrl_Init)
    CalculateCheckSum                        0x08000851   Thumb Code    22  sideboard_806.o(i.CalculateCheckSum)
    ESF_Init                                 0x08000867   Thumb Code     4  esf.o(i.ESF_Init)
    ESF_MemBuf_Init                          0x0800086d   Thumb Code    10  esf_mem.o(i.ESF_MemBuf_Init)
    GOTO_APP                                 0x0800087d   Thumb Code    30  cdp.o(i.GOTO_APP)
    IAP_JumpToAppSection                     0x080008a9   Thumb Code    46  iap.o(i.IAP_JumpToAppSection)
    OTA_frame                                0x080008e9   Thumb Code   140  cdp.o(i.OTA_frame)
    OTA_uartget                              0x0800097d   Thumb Code   292  cdp.o(i.OTA_uartget)
    OTA_uartsend                             0x08000ad9   Thumb Code   224  cdp.o(i.OTA_uartsend)
    ReceviceDataFromSideBoard                0x08000bc1   Thumb Code   104  sideboard_806.o(i.ReceviceDataFromSideBoard)
    SendDataToSideBoard100ms                 0x08000c2d   Thumb Code   104  sideboard_806.o(i.SendDataToSideBoard100ms)
    SideCtrlInit                             0x08000c9d   Thumb Code     8  sideboard_806.o(i.SideCtrlInit)
    SysTick_Handler                          0x08000ca9   Thumb Code    42  bsp_systicker.o(i.SysTick_Handler)
    SystemInit                               0x08000ce5   Thumb Code    42  system_gd32f30x.o(i.SystemInit)
    System_Handle                            0x08000d19   Thumb Code     4  system.o(i.System_Handle)
    System_Init                              0x08000d1d   Thumb Code    18  system.o(i.System_Init)
    TIMER6_IRQHandler                        0x08000d31   Thumb Code    30  bsp_gpio.o(i.TIMER6_IRQHandler)
    UART3_IRQHandler                         0x08000d55   Thumb Code     6  bsp_uart.o(i.UART3_IRQHandler)
    UART4_IRQHandler                         0x08000d5b   Thumb Code     6  bsp_uart.o(i.UART4_IRQHandler)
    USART0_IRQHandler                        0x08000d61   Thumb Code     2  bsp_uart.o(i.USART0_IRQHandler)
    USART1_IRQHandler                        0x08000d63   Thumb Code     2  bsp_uart.o(i.USART1_IRQHandler)
    USART2_IRQHandler                        0x08000d65   Thumb Code     6  bsp_uart.o(i.USART2_IRQHandler)
    __scatterload_copy                       0x08000e31   Thumb Code    14  handlers.o(i.__scatterload_copy)
    __scatterload_null                       0x08000e3f   Thumb Code     2  handlers.o(i.__scatterload_null)
    __scatterload_zeroinit                   0x08000e41   Thumb Code    14  handlers.o(i.__scatterload_zeroinit)
    cell_Sizeof                              0x08000e4f   Thumb Code    18  cdp.o(i.cell_Sizeof)
    cellfindstr                              0x08000e61   Thumb Code    52  cdp.o(i.cellfindstr)
    drv_fwdgt_init                           0x08000e95   Thumb Code    38  bsp_watchdog.o(i.drv_fwdgt_init)
    drv_gpio_remap_USART2_TX_PD8_RX_PD9      0x08000ebd   Thumb Code     8  bsp_gpio.o(i.drv_gpio_remap_USART2_TX_PD8_RX_PD9)
    fmc_bank0_ready_wait                     0x08000ec9   Thumb Code    22  gd32f30x_fmc.o(i.fmc_bank0_ready_wait)
    fmc_bank0_state_get                      0x08000ee1   Thumb Code    34  gd32f30x_fmc.o(i.fmc_bank0_state_get)
    fmc_bank1_ready_wait                     0x08000f09   Thumb Code    22  gd32f30x_fmc.o(i.fmc_bank1_ready_wait)
    fmc_bank1_state_get                      0x08000f21   Thumb Code    34  gd32f30x_fmc.o(i.fmc_bank1_state_get)
    fmc_flag_clear                           0x08000f49   Thumb Code    22  gd32f30x_fmc.o(i.fmc_flag_clear)
    fmc_lock                                 0x08000f65   Thumb Code    30  gd32f30x_fmc.o(i.fmc_lock)
    fmc_page_erase                           0x08000f8d   Thumb Code   122  gd32f30x_fmc.o(i.fmc_page_erase)
    fmc_unlock                               0x08001015   Thumb Code    38  gd32f30x_fmc.o(i.fmc_unlock)
    fmc_word_program                         0x0800104d   Thumb Code   100  gd32f30x_fmc.o(i.fmc_word_program)
    fwdgt_config                             0x080010bd   Thumb Code    72  gd32f30x_fwdgt.o(i.fwdgt_config)
    fwdgt_counter_reload                     0x0800110d   Thumb Code    10  gd32f30x_fwdgt.o(i.fwdgt_counter_reload)
    fwdgt_enable                             0x0800111d   Thumb Code    10  gd32f30x_fwdgt.o(i.fwdgt_enable)
    fwdgt_write_enable                       0x0800112d   Thumb Code    10  gd32f30x_fwdgt.o(i.fwdgt_write_enable)
    gpio_init                                0x0800113d   Thumb Code   160  gd32f30x_gpio.o(i.gpio_init)
    gpio_pin_remap_config                    0x080011dd   Thumb Code    82  gd32f30x_gpio.o(i.gpio_pin_remap_config)
    main                                     0x08001235   Thumb Code    22  main.o(i.main)
    nvic_irq_enable                          0x0800124d   Thumb Code   144  gd32f30x_misc.o(i.nvic_irq_enable)
    nvic_priority_group_set                  0x080012e1   Thumb Code    10  gd32f30x_misc.o(i.nvic_priority_group_set)
    rcu_clock_freq_get                       0x080012f5   Thumb Code   218  gd32f30x_rcu.o(i.rcu_clock_freq_get)
    rcu_periph_clock_enable                  0x080013ed   Thumb Code    22  gd32f30x_rcu.o(i.rcu_periph_clock_enable)
    rcu_periph_reset_disable                 0x08001409   Thumb Code    22  gd32f30x_rcu.o(i.rcu_periph_reset_disable)
    rcu_periph_reset_enable                  0x08001425   Thumb Code    22  gd32f30x_rcu.o(i.rcu_periph_reset_enable)
    timer_interrupt_flag_clear               0x080014c9   Thumb Code     8  gd32f30x_timer.o(i.timer_interrupt_flag_clear)
    timer_interrupt_flag_get                 0x080014d1   Thumb Code    20  gd32f30x_timer.o(i.timer_interrupt_flag_get)
    usart_baudrate_set                       0x080014e5   Thumb Code    76  gd32f30x_usart.o(i.usart_baudrate_set)
    usart_data_receive                       0x08001539   Thumb Code     8  gd32f30x_usart.o(i.usart_data_receive)
    usart_data_transmit                      0x08001541   Thumb Code     8  gd32f30x_usart.o(i.usart_data_transmit)
    usart_deinit                             0x08001549   Thumb Code    80  gd32f30x_usart.o(i.usart_deinit)
    usart_enable                             0x080015a1   Thumb Code    10  gd32f30x_usart.o(i.usart_enable)
    usart_interrupt_disable                  0x080015ab   Thumb Code    20  gd32f30x_usart.o(i.usart_interrupt_disable)
    usart_interrupt_enable                   0x080015bf   Thumb Code    20  gd32f30x_usart.o(i.usart_interrupt_enable)
    usart_interrupt_flag_get                 0x080015d3   Thumb Code    48  gd32f30x_usart.o(i.usart_interrupt_flag_get)
    usart_receive_config                     0x08001603   Thumb Code    12  gd32f30x_usart.o(i.usart_receive_config)
    usart_transmit_config                    0x0800160f   Thumb Code    12  gd32f30x_usart.o(i.usart_transmit_config)
    Region$$Table$$Base                      0x0800169c   Number         0  anon$$obj.o(Region$$Table)
    Region$$Table$$Limit                     0x080016bc   Number         0  anon$$obj.o(Region$$Table)
    SystemCoreClock                          0x20000000   Data           4  system_gd32f30x.o(.data)
    UsartMap                                 0x20000008   Data          20  bsp_uart.o(.data)
    OTA_state                                0x2000002c   Data           1  cdp.o(.data)
    OTA_busy                                 0x2000002d   Data           1  cdp.o(.data)
    OTA_runtime                              0x2000002e   Data           1  cdp.o(.data)
    OTA_done                                 0x2000002f   Data           1  cdp.o(.data)
    OTA_retry                                0x20000030   Data           1  cdp.o(.data)
    OTA_Packet                               0x20000031   Data           1  cdp.o(.data)
    Restortem                                0x20000032   Data           1  cdp.o(.data)
    LED_flag                                 0x20000033   Data           1  cdp.o(.data)
    OTA_Dnum                                 0x20000036   Data           1  cdp.o(.data)
    pCDP                                     0x2000003c   Data           4  cdp.o(.data)
    flash_bank                               0x20000040   Data           4  cdp.o(.data)
    wifi_config                              0x20000044   Data          56  cdp.o(.data)
    s_soh                                    0x2000007c   Data           3  cdp.o(.data)
    s_stx                                    0x2000007f   Data           3  cdp.o(.data)
    s_eot                                    0x20000082   Data           3  cdp.o(.data)
    s_ack                                    0x20000085   Data           3  cdp.o(.data)
    s_nak                                    0x20000088   Data           3  cdp.o(.data)
    s_can                                    0x2000008b   Data           3  cdp.o(.data)
    RxHandleFlag                             0x20000098   Data           1  cdp_xxx_ctrl.o(.data)
    RxHandleFlag1                            0x20000099   Data           1  cdp_xxx_ctrl.o(.data)
    Rx_Time                                  0x2000009a   Data           1  cdp_xxx_ctrl.o(.data)
    RxData_Count                             0x2000009c   Data           2  cdp_xxx_ctrl.o(.data)
    pCDP_XxxCtrl                             0x200000a0   Data           4  cdp_xxx_ctrl.o(.data)
    gCombinationKeyTime                      0x200000a7   Data           1  sideboard_806.o(.data)
    TxResflag                                0x200000a8   Data           2  sideboard_806.o(.data)
    pCDP_CenSideCtrl                         0x200000ac   Data           4  sideboard_806.o(.data)
    CDP_CenSideBoard                         0x200000b0   Data           5  sideboard_806.o(.data)
    ESF_Mem                                  0x20000130   Data        4196  esf_mem.o(.bss)
    RxData_Wifi                              0x200011a0   Data         300  cdp_xxx_ctrl.o(.bss)
    CDP_CenSideCtrl                          0x200012e4   Data          52  sideboard_806.o(.bss)
    __initial_sp                             0x20001718   Data           0  startup_gd32f30x_hd.o(STACK)



==============================================================================

Memory Map of the image

  Image Entry point : 0x08000131

  Load Region LR_IROM1 (Base: 0x08000000, Size: 0x00001774, Max: 0x00040000, ABSOLUTE)

    Execution Region ER_IROM1 (Exec base: 0x08000000, Load base: 0x08000000, Size: 0x000016bc, Max: 0x00040000, ABSOLUTE)

    Exec Addr    Load Addr    Size         Type   Attr      Idx    E Section Name        Object

    0x08000000   0x08000000   0x00000130   Data   RO            3    RESET               startup_gd32f30x_hd.o
    0x08000130   0x08000130   0x00000000   Code   RO         3225  * .ARM.Collect$$$$00000000  mc_w.l(entry.o)
    0x08000130   0x08000130   0x00000004   Code   RO         3238    .ARM.Collect$$$$00000001  mc_w.l(entry2.o)
    0x08000134   0x08000134   0x00000004   Code   RO         3241    .ARM.Collect$$$$00000004  mc_w.l(entry5.o)
    0x08000138   0x08000138   0x00000000   Code   RO         3243    .ARM.Collect$$$$00000008  mc_w.l(entry7b.o)
    0x08000138   0x08000138   0x00000000   Code   RO         3245    .ARM.Collect$$$$0000000A  mc_w.l(entry8b.o)
    0x08000138   0x08000138   0x00000008   Code   RO         3246    .ARM.Collect$$$$0000000B  mc_w.l(entry9a.o)
    0x08000140   0x08000140   0x00000004   Code   RO         3253    .ARM.Collect$$$$0000000E  mc_w.l(entry12b.o)
    0x08000144   0x08000144   0x00000000   Code   RO         3248    .ARM.Collect$$$$0000000F  mc_w.l(entry10a.o)
    0x08000144   0x08000144   0x00000000   Code   RO         3250    .ARM.Collect$$$$00000011  mc_w.l(entry11a.o)
    0x08000144   0x08000144   0x00000004   Code   RO         3239    .ARM.Collect$$$$00002712  mc_w.l(entry2.o)
    0x08000148   0x08000148   0x00000024   Code   RO            4    .text               startup_gd32f30x_hd.o
    0x0800016c   0x0800016c   0x00000024   Code   RO         3228    .text               mc_w.l(memcpya.o)
    0x08000190   0x08000190   0x00000024   Code   RO         3230    .text               mc_w.l(memseta.o)
    0x080001b4   0x080001b4   0x0000000a   Code   RO         3234    .text               mf_w.l(ffltui.o)
    0x080001be   0x080001be   0x00000028   Code   RO         3236    .text               mf_w.l(ffixui.o)
    0x080001e6   0x080001e6   0x00000000   Code   RO         3254    .text               mc_w.l(iusefp.o)
    0x080001e6   0x080001e6   0x0000006e   Code   RO         3255    .text               mf_w.l(fepilogue.o)
    0x08000254   0x08000254   0x00000024   Code   RO         3257    .text               mc_w.l(init.o)
    0x08000278   0x08000278   0x00000094   Code   RO         2429    i.BSP_FEEP_Init     bsp_feep.o
    0x0800030c   0x0800030c   0x00000040   Code   RO         2397    i.BSP_FLASH_Erase   bsp_flash.o
    0x0800034c   0x0800034c   0x0000006a   Code   RO         2398    i.BSP_FLASH_ProgramData  bsp_flash.o
    0x080003b6   0x080003b6   0x00000036   Code   RO         2399    i.BSP_FLASH_ProgramWord  bsp_flash.o
    0x080003ec   0x080003ec   0x0000006c   Code   RO         2179    i.BSP_IO_Init       bsp_gpio.o
    0x08000458   0x08000458   0x00000030   Code   RO         1980    i.BSP_Init          bsp.o
    0x08000488   0x08000488   0x00000020   Code   RO         2030    i.BSP_SysTicker_CalLag  bsp_systicker.o
    0x080004a8   0x080004a8   0x0000003c   Code   RO         2033    i.BSP_SysTicker_Init  bsp_systicker.o
    0x080004e4   0x080004e4   0x00000020   Code   RO         2084    i.BSP_UART_GetTxState  bsp_uart.o
    0x08000504   0x08000504   0x00000128   Code   RO         2085    i.BSP_UART_Init     bsp_uart.o
    0x0800062c   0x0800062c   0x0000001c   Code   RO         2086    i.BSP_UART_RegRxByteCB  bsp_uart.o
    0x08000648   0x08000648   0x00000048   Code   RO         2087    i.BSP_UART_TxData   bsp_uart.o
    0x08000690   0x08000690   0x00000004   Code   RO         2359    i.BSP_WatchDog_Feed  bsp_watchdog.o
    0x08000694   0x08000694   0x00000008   Code   RO         2360    i.BSP_WatchDog_Init  bsp_watchdog.o
    0x0800069c   0x0800069c   0x00000098   Code   RO         3094    i.CDP_CenSideBoard_ByteRx  sideboard_806.o
    0x08000734   0x08000734   0x00000078   Code   RO         3095    i.CDP_CenWifi_FrameTx  sideboard_806.o
    0x080007ac   0x080007ac   0x00000028   Code   RO         3046    i.CDP_CtrlToXxx_ByteRx  cdp_xxx_ctrl.o
    0x080007d4   0x080007d4   0x0000004c   Code   RO         2922    i.CDP_Handle        cdp.o
    0x08000820   0x08000820   0x00000018   Code   RO         2923    i.CDP_Init          cdp.o
    0x08000838   0x08000838   0x00000018   Code   RO         3048    i.CDP_XxxCtrl_Init  cdp_xxx_ctrl.o
    0x08000850   0x08000850   0x00000016   Code   RO         3096    i.CalculateCheckSum  sideboard_806.o
    0x08000866   0x08000866   0x00000004   Code   RO         2463    i.ESF_Init          esf.o
    0x0800086a   0x0800086a   0x00000002   PAD
    0x0800086c   0x0800086c   0x00000010   Code   RO         2554    i.ESF_MemBuf_Init   esf_mem.o
    0x0800087c   0x0800087c   0x0000002c   Code   RO         2927    i.GOTO_APP          cdp.o
    0x080008a8   0x080008a8   0x00000040   Code   RO         2833    i.IAP_JumpToAppSection  iap.o
    0x080008e8   0x080008e8   0x00000094   Code   RO         2929    i.OTA_frame         cdp.o
    0x0800097c   0x0800097c   0x0000015c   Code   RO         2930    i.OTA_uartget       cdp.o
    0x08000ad8   0x08000ad8   0x000000e8   Code   RO         2931    i.OTA_uartsend      cdp.o
    0x08000bc0   0x08000bc0   0x0000006c   Code   RO         3097    i.ReceviceDataFromSideBoard  sideboard_806.o
    0x08000c2c   0x08000c2c   0x00000070   Code   RO         3098    i.SendDataToSideBoard100ms  sideboard_806.o
    0x08000c9c   0x08000c9c   0x0000000c   Code   RO         3099    i.SideCtrlInit      sideboard_806.o
    0x08000ca8   0x08000ca8   0x0000003c   Code   RO         2034    i.SysTick_Handler   bsp_systicker.o
    0x08000ce4   0x08000ce4   0x00000034   Code   RO         1944    i.SystemInit        system_gd32f30x.o
    0x08000d18   0x08000d18   0x00000004   Code   RO         2794    i.System_Handle     system.o
    0x08000d1c   0x08000d1c   0x00000012   Code   RO         2795    i.System_Init       system.o
    0x08000d2e   0x08000d2e   0x00000002   PAD
    0x08000d30   0x08000d30   0x00000024   Code   RO         2183    i.TIMER6_IRQHandler  bsp_gpio.o
    0x08000d54   0x08000d54   0x00000006   Code   RO         2088    i.UART3_IRQHandler  bsp_uart.o
    0x08000d5a   0x08000d5a   0x00000006   Code   RO         2089    i.UART4_IRQHandler  bsp_uart.o
    0x08000d60   0x08000d60   0x00000002   Code   RO         2090    i.USART0_IRQHandler  bsp_uart.o
    0x08000d62   0x08000d62   0x00000002   Code   RO         2091    i.USART1_IRQHandler  bsp_uart.o
    0x08000d64   0x08000d64   0x00000006   Code   RO         2092    i.USART2_IRQHandler  bsp_uart.o
    0x08000d6a   0x08000d6a   0x00000002   PAD
    0x08000d6c   0x08000d6c   0x000000c4   Code   RO         2093    i.USART_IRQHandler  bsp_uart.o
    0x08000e30   0x08000e30   0x0000000e   Code   RO         3261    i.__scatterload_copy  mc_w.l(handlers.o)
    0x08000e3e   0x08000e3e   0x00000002   Code   RO         3262    i.__scatterload_null  mc_w.l(handlers.o)
    0x08000e40   0x08000e40   0x0000000e   Code   RO         3263    i.__scatterload_zeroinit  mc_w.l(handlers.o)
    0x08000e4e   0x08000e4e   0x00000012   Code   RO         2932    i.cell_Sizeof       cdp.o
    0x08000e60   0x08000e60   0x00000034   Code   RO         2933    i.cellfindstr       cdp.o
    0x08000e94   0x08000e94   0x00000026   Code   RO         2361    i.drv_fwdgt_init    bsp_watchdog.o
    0x08000eba   0x08000eba   0x00000002   PAD
    0x08000ebc   0x08000ebc   0x0000000c   Code   RO         2204    i.drv_gpio_remap_USART2_TX_PD8_RX_PD9  bsp_gpio.o
    0x08000ec8   0x08000ec8   0x00000016   Code   RO          432    i.fmc_bank0_ready_wait  gd32f30x_fmc.o
    0x08000ede   0x08000ede   0x00000002   PAD
    0x08000ee0   0x08000ee0   0x00000028   Code   RO          433    i.fmc_bank0_state_get  gd32f30x_fmc.o
    0x08000f08   0x08000f08   0x00000016   Code   RO          437    i.fmc_bank1_ready_wait  gd32f30x_fmc.o
    0x08000f1e   0x08000f1e   0x00000002   PAD
    0x08000f20   0x08000f20   0x00000028   Code   RO          438    i.fmc_bank1_state_get  gd32f30x_fmc.o
    0x08000f48   0x08000f48   0x0000001c   Code   RO          440    i.fmc_flag_clear    gd32f30x_fmc.o
    0x08000f64   0x08000f64   0x00000028   Code   RO          447    i.fmc_lock          gd32f30x_fmc.o
    0x08000f8c   0x08000f8c   0x00000088   Code   RO          449    i.fmc_page_erase    gd32f30x_fmc.o
    0x08001014   0x08001014   0x00000038   Code   RO          450    i.fmc_unlock        gd32f30x_fmc.o
    0x0800104c   0x0800104c   0x00000070   Code   RO          451    i.fmc_word_program  gd32f30x_fmc.o
    0x080010bc   0x080010bc   0x00000050   Code   RO          652    i.fwdgt_config      gd32f30x_fwdgt.o
    0x0800110c   0x0800110c   0x00000010   Code   RO          653    i.fwdgt_counter_reload  gd32f30x_fwdgt.o
    0x0800111c   0x0800111c   0x00000010   Code   RO          654    i.fwdgt_enable      gd32f30x_fwdgt.o
    0x0800112c   0x0800112c   0x00000010   Code   RO          657    i.fwdgt_write_enable  gd32f30x_fwdgt.o
    0x0800113c   0x0800113c   0x000000a0   Code   RO          713    i.gpio_init         gd32f30x_gpio.o
    0x080011dc   0x080011dc   0x00000058   Code   RO          719    i.gpio_pin_remap_config  gd32f30x_gpio.o
    0x08001234   0x08001234   0x00000016   Code   RO         2752    i.main              main.o
    0x0800124a   0x0800124a   0x00000002   PAD
    0x0800124c   0x0800124c   0x00000094   Code   RO          831    i.nvic_irq_enable   gd32f30x_misc.o
    0x080012e0   0x080012e0   0x00000014   Code   RO          832    i.nvic_priority_group_set  gd32f30x_misc.o
    0x080012f4   0x080012f4   0x000000f8   Code   RO          895    i.rcu_clock_freq_get  gd32f30x_rcu.o
    0x080013ec   0x080013ec   0x0000001c   Code   RO          913    i.rcu_periph_clock_enable  gd32f30x_rcu.o
    0x08001408   0x08001408   0x0000001c   Code   RO          916    i.rcu_periph_reset_disable  gd32f30x_rcu.o
    0x08001424   0x08001424   0x0000001c   Code   RO          917    i.rcu_periph_reset_enable  gd32f30x_rcu.o
    0x08001440   0x08001440   0x00000088   Code   RO         1945    i.system_clock_108m_hxtal  system_gd32f30x.o
    0x080014c8   0x080014c8   0x00000008   Code   RO         1188    i.timer_interrupt_flag_clear  gd32f30x_timer.o
    0x080014d0   0x080014d0   0x00000014   Code   RO         1189    i.timer_interrupt_flag_get  gd32f30x_timer.o
    0x080014e4   0x080014e4   0x00000054   Code   RO         1574    i.usart_baudrate_set  gd32f30x_usart.o
    0x08001538   0x08001538   0x00000008   Code   RO         1577    i.usart_data_receive  gd32f30x_usart.o
    0x08001540   0x08001540   0x00000008   Code   RO         1578    i.usart_data_transmit  gd32f30x_usart.o
    0x08001548   0x08001548   0x00000058   Code   RO         1579    i.usart_deinit      gd32f30x_usart.o
    0x080015a0   0x080015a0   0x0000000a   Code   RO         1583    i.usart_enable      gd32f30x_usart.o
    0x080015aa   0x080015aa   0x00000014   Code   RO         1591    i.usart_interrupt_disable  gd32f30x_usart.o
    0x080015be   0x080015be   0x00000014   Code   RO         1592    i.usart_interrupt_enable  gd32f30x_usart.o
    0x080015d2   0x080015d2   0x00000030   Code   RO         1594    i.usart_interrupt_flag_get  gd32f30x_usart.o
    0x08001602   0x08001602   0x0000000c   Code   RO         1607    i.usart_receive_config  gd32f30x_usart.o
    0x0800160e   0x0800160e   0x0000000c   Code   RO         1621    i.usart_transmit_config  gd32f30x_usart.o
    0x0800161a   0x0800161a   0x00000002   PAD
    0x0800161c   0x0800161c   0x00000080   Data   RO         2936    .conststring        cdp.o
    0x0800169c   0x0800169c   0x00000020   Data   RO         3259    Region$$Table       anon$$obj.o


    Execution Region RW_IRAM1 (Exec base: 0x20000000, Load base: 0x080016bc, Size: 0x00001718, Max: 0x0000c000, ABSOLUTE)

    Exec Addr    Load Addr    Size         Type   Attr      Idx    E Section Name        Object

    0x20000000   0x080016bc   0x00000004   Data   RW         1946    .data               system_gd32f30x.o
    0x20000004   0x080016c0   0x00000002   Data   RW         2035    .data               bsp_systicker.o
    0x20000006   0x080016c2   0x00000002   PAD
    0x20000008   0x080016c4   0x00000014   Data   RW         2095    .data               bsp_uart.o
    0x2000001c   0x080016d8   0x0000000c   Data   RW         2432    .data               bsp_feep.o
    0x20000028   0x080016e4   0x00000004   Data   RW         2838    .data               iap.o
    0x2000002c   0x080016e8   0x00000050   Data   RW         2937    .data               cdp.o
    0x2000007c   0x08001738   0x00000003   Data   RW         2939    .data               cdp.o
    0x2000007f   0x0800173b   0x00000003   Data   RW         2940    .data               cdp.o
    0x20000082   0x0800173e   0x00000003   Data   RW         2941    .data               cdp.o
    0x20000085   0x08001741   0x00000003   Data   RW         2942    .data               cdp.o
    0x20000088   0x08001744   0x00000003   Data   RW         2943    .data               cdp.o
    0x2000008b   0x08001747   0x00000003   Data   RW         2944    .data               cdp.o
    0x2000008e   0x0800174a   0x00000002   PAD
    0x20000090   0x0800174c   0x00000008   Data   RW         2945    .data               cdp.o
    0x20000098   0x08001754   0x0000000c   Data   RW         3052    .data               cdp_xxx_ctrl.o
    0x200000a4   0x08001760   0x00000011   Data   RW         3102    .data               sideboard_806.o
    0x200000b5   0x08001771   0x00000003   PAD
    0x200000b8        -       0x00000078   Zero   RW         2094    .bss                bsp_uart.o
    0x20000130        -       0x00001064   Zero   RW         2555    .bss                esf_mem.o
    0x20001194        -       0x0000000c   Zero   RW         3050    .bss                cdp_xxx_ctrl.o
    0x200011a0        -       0x0000012c   Zero   RW         3051    .bss                cdp_xxx_ctrl.o
    0x200012cc        -       0x0000004c   Zero   RW         3101    .bss                sideboard_806.o
    0x20001318        -       0x00000400   Zero   RW            1    STACK               startup_gd32f30x_hd.o


==============================================================================

Image component sizes


      Code (inc. data)   RO Data    RW Data    ZI Data      Debug   Object Name

        48          6          0          0          0       2027   bsp.o
       148         14          0         12          0       2160   bsp_feep.o
       224          0          0          0          0       3350   bsp_flash.o
       156         16          0          0          0       2448   bsp_gpio.o
       152         36          0          2          0      29146   bsp_systicker.o
       646         66          0         20        120       8564   bsp_uart.o
        50          0          0          0          0       2021   bsp_watchdog.o
       942        102        128        106          0      11234   cdp.o
        64         16          0         12        312       2950   cdp_xxx_ctrl.o
         4          0          0          0          0        475   esf.o
        16          6          0          0       4196       1924   esf_mem.o
         0          0          0          0          0      38176   gd32f30x_adc.o
       496         72          0          0          0       7088   gd32f30x_fmc.o
       128         26          0          0          0       2626   gd32f30x_fwdgt.o
       248          6          0          0          0       1992   gd32f30x_gpio.o
       168         14          0          0          0       2108   gd32f30x_misc.o
       332         48          0          0          0       3384   gd32f30x_rcu.o
        28          0          0          0          0       1472   gd32f30x_timer.o
       310         16          0          0          0       7099   gd32f30x_usart.o
        64         18          0          4          0       4775   iap.o
        22          0          0          0          0        511   main.o
       526         28          0         17         76      10228   sideboard_806.o
        36          8        304          0       1024        952   startup_gd32f30x_hd.o
        22          0          0          0          0        990   system.o
       188         22          0          4          0       2359   system_gd32f30x.o

    ----------------------------------------------------------------------
      5034        520        464        184       5728     150059   Object Totals
         0          0         32          0          0          0   (incl. Generated)
        16          0          0          7          0          0   (incl. Padding)

    ----------------------------------------------------------------------

      Code (inc. data)   RO Data    RW Data    ZI Data      Debug   Library Member Name

         0          0          0          0          0          0   entry.o
         0          0          0          0          0          0   entry10a.o
         0          0          0          0          0          0   entry11a.o
         4          0          0          0          0          0   entry12b.o
         8          4          0          0          0          0   entry2.o
         4          0          0          0          0          0   entry5.o
         0          0          0          0          0          0   entry7b.o
         0          0          0          0          0          0   entry8b.o
         8          4          0          0          0          0   entry9a.o
        30          0          0          0          0          0   handlers.o
        36          8          0          0          0         68   init.o
         0          0          0          0          0          0   iusefp.o
        36          0          0          0          0         68   memcpya.o
        36          0          0          0          0        108   memseta.o
       110          0          0          0          0        168   fepilogue.o
        40          0          0          0          0         68   ffixui.o
        10          0          0          0          0         68   ffltui.o

    ----------------------------------------------------------------------
       322         16          0          0          0        548   Library Totals
         0          0          0          0          0          0   (incl. Padding)

    ----------------------------------------------------------------------

      Code (inc. data)   RO Data    RW Data    ZI Data      Debug   Library Name

       162         16          0          0          0        244   mc_w.l
       160          0          0          0          0        304   mf_w.l

    ----------------------------------------------------------------------
       322         16          0          0          0        548   Library Totals

    ----------------------------------------------------------------------

==============================================================================


      Code (inc. data)   RO Data    RW Data    ZI Data      Debug   

      5356        536        464        184       5728     146547   Grand Totals
      5356        536        464        184       5728     146547   ELF Image Totals
      5356        536        464        184          0          0   ROM Totals

==============================================================================

    Total RO  Size (Code + RO Data)                 5820 (   5.68kB)
    Total RW  Size (RW Data + ZI Data)              5912 (   5.77kB)
    Total ROM Size (Code + RO Data + RW Data)       6004 (   5.86kB)

==============================================================================

