Component: ARM Compiler 5.06 update 7 (build 960) Tool: armlink [4d3601]

==============================================================================

Section Cross References

    startup_gd32f30x_hd.o(RESET) refers to startup_gd32f30x_hd.o(STACK) for __initial_sp
    startup_gd32f30x_hd.o(RESET) refers to startup_gd32f30x_hd.o(.text) for Reset_Handler
    startup_gd32f30x_hd.o(RESET) refers to bsp_systicker.o(i.SysTick_Handler) for SysTick_Handler
    startup_gd32f30x_hd.o(RESET) refers to bsp_exti.o(i.EXTI0_IRQHandler) for EXTI0_IRQHandler
    startup_gd32f30x_hd.o(RESET) refers to bsp_adc.o(i.ADC0_1_IRQHandler) for ADC0_1_IRQHandler
    startup_gd32f30x_hd.o(RESET) refers to bsp_uart.o(i.USART0_IRQHandler) for USART0_IRQHandler
    startup_gd32f30x_hd.o(RESET) refers to bsp_uart.o(i.USART1_IRQHandler) for USART1_IRQHandler
    startup_gd32f30x_hd.o(RESET) refers to bsp_uart.o(i.USART2_IRQHandler) for USART2_IRQHandler
    startup_gd32f30x_hd.o(RESET) refers to bsp_uart.o(i.UART3_IRQHandler) for UART3_IRQHandler
    startup_gd32f30x_hd.o(RESET) refers to bsp_uart.o(i.UART4_IRQHandler) for UART4_IRQHandler
    startup_gd32f30x_hd.o(RESET) refers to bsp_gpio.o(i.TIMER6_IRQHandler) for TIMER6_IRQHandler
    startup_gd32f30x_hd.o(.text) refers to system_gd32f30x.o(i.SystemInit) for SystemInit
    startup_gd32f30x_hd.o(.text) refers to entry.o(.ARM.Collect$$$$00000000) for __main
    gd32f30x_adc.o(i.adc_deinit) refers to gd32f30x_rcu.o(i.rcu_periph_reset_enable) for rcu_periph_reset_enable
    gd32f30x_adc.o(i.adc_deinit) refers to gd32f30x_rcu.o(i.rcu_periph_reset_disable) for rcu_periph_reset_disable
    gd32f30x_fmc.o(i.fmc_bank0_erase) refers to gd32f30x_fmc.o(i.fmc_bank0_ready_wait) for fmc_bank0_ready_wait
    gd32f30x_fmc.o(i.fmc_bank0_ready_wait) refers to gd32f30x_fmc.o(i.fmc_bank0_state_get) for fmc_bank0_state_get
    gd32f30x_fmc.o(i.fmc_bank1_erase) refers to gd32f30x_fmc.o(i.fmc_bank1_ready_wait) for fmc_bank1_ready_wait
    gd32f30x_fmc.o(i.fmc_bank1_ready_wait) refers to gd32f30x_fmc.o(i.fmc_bank1_state_get) for fmc_bank1_state_get
    gd32f30x_fmc.o(i.fmc_halfword_program) refers to gd32f30x_fmc.o(i.fmc_bank0_ready_wait) for fmc_bank0_ready_wait
    gd32f30x_fmc.o(i.fmc_halfword_program) refers to gd32f30x_fmc.o(i.fmc_bank1_ready_wait) for fmc_bank1_ready_wait
    gd32f30x_fmc.o(i.fmc_mass_erase) refers to gd32f30x_fmc.o(i.fmc_bank0_ready_wait) for fmc_bank0_ready_wait
    gd32f30x_fmc.o(i.fmc_mass_erase) refers to gd32f30x_fmc.o(i.fmc_bank1_ready_wait) for fmc_bank1_ready_wait
    gd32f30x_fmc.o(i.fmc_page_erase) refers to gd32f30x_fmc.o(i.fmc_bank0_ready_wait) for fmc_bank0_ready_wait
    gd32f30x_fmc.o(i.fmc_page_erase) refers to gd32f30x_fmc.o(i.fmc_bank1_ready_wait) for fmc_bank1_ready_wait
    gd32f30x_fmc.o(i.fmc_word_program) refers to gd32f30x_fmc.o(i.fmc_bank0_ready_wait) for fmc_bank0_ready_wait
    gd32f30x_fmc.o(i.fmc_word_program) refers to gd32f30x_fmc.o(i.fmc_bank1_ready_wait) for fmc_bank1_ready_wait
    gd32f30x_fmc.o(i.fmc_word_reprogram) refers to gd32f30x_fmc.o(i.fmc_bank0_ready_wait) for fmc_bank0_ready_wait
    gd32f30x_fmc.o(i.fmc_word_reprogram) refers to gd32f30x_fmc.o(i.fmc_bank1_ready_wait) for fmc_bank1_ready_wait
    gd32f30x_fmc.o(i.ob_data_program) refers to gd32f30x_fmc.o(i.fmc_bank0_ready_wait) for fmc_bank0_ready_wait
    gd32f30x_fmc.o(i.ob_erase) refers to gd32f30x_fmc.o(i.fmc_bank0_ready_wait) for fmc_bank0_ready_wait
    gd32f30x_fmc.o(i.ob_erase) refers to gd32f30x_fmc.o(i.ob_spc_get) for ob_spc_get
    gd32f30x_fmc.o(i.ob_security_protection_config) refers to gd32f30x_fmc.o(i.fmc_bank0_ready_wait) for fmc_bank0_ready_wait
    gd32f30x_fmc.o(i.ob_user_write) refers to gd32f30x_fmc.o(i.fmc_bank0_ready_wait) for fmc_bank0_ready_wait
    gd32f30x_fmc.o(i.ob_write_protection_enable) refers to gd32f30x_fmc.o(i.fmc_bank0_ready_wait) for fmc_bank0_ready_wait
    gd32f30x_gpio.o(i.gpio_afio_deinit) refers to gd32f30x_rcu.o(i.rcu_periph_reset_enable) for rcu_periph_reset_enable
    gd32f30x_gpio.o(i.gpio_afio_deinit) refers to gd32f30x_rcu.o(i.rcu_periph_reset_disable) for rcu_periph_reset_disable
    gd32f30x_gpio.o(i.gpio_deinit) refers to gd32f30x_rcu.o(i.rcu_periph_reset_enable) for rcu_periph_reset_enable
    gd32f30x_gpio.o(i.gpio_deinit) refers to gd32f30x_rcu.o(i.rcu_periph_reset_disable) for rcu_periph_reset_disable
    gd32f30x_misc.o(i.nvic_irq_enable) refers to gd32f30x_misc.o(i.nvic_priority_group_set) for nvic_priority_group_set
    gd32f30x_rcu.o(i.rcu_deinit) refers to gd32f30x_rcu.o(i.rcu_osci_stab_wait) for rcu_osci_stab_wait
    gd32f30x_rcu.o(i.rcu_osci_stab_wait) refers to gd32f30x_rcu.o(i.rcu_flag_get) for rcu_flag_get
    gd32f30x_timer.o(i.timer_deinit) refers to gd32f30x_rcu.o(i.rcu_periph_reset_enable) for rcu_periph_reset_enable
    gd32f30x_timer.o(i.timer_deinit) refers to gd32f30x_rcu.o(i.rcu_periph_reset_disable) for rcu_periph_reset_disable
[...]
    0x08000d84   0x08000d84   0x00000036   Code   RO         2927    i.BSP_FLASH_ProgramWord  bsp_flash.o
    0x08000dba   0x08000dba   0x00000002   PAD
    0x08000dbc   0x08000dbc   0x00000024   Code   RO         2480    i.BSP_IO_4959_BackReset  bsp_gpio.o
    0x08000de0   0x08000de0   0x00000024   Code   RO         2481    i.BSP_IO_4959_FeetReset  bsp_gpio.o
    0x08000e04   0x08000e04   0x00000080   Code   RO         2482    i.BSP_IO_DVR8804_Ouput  bsp_gpio.o
    0x08000e84   0x08000e84   0x00000002   Code   RO         2483    i.BSP_IO_EnableInputInterrupt_BackSpikeCount  bsp_gpio.o
    0x08000e86   0x08000e86   0x00000002   Code   RO         2484    i.BSP_IO_EnableInputInterrupt_FeetSpikeCount  bsp_gpio.o
    0x08000e88   0x08000e88   0x00000002   Code   RO         2485    i.BSP_IO_EnableInputInterrupt_ZeroSpikeCount  bsp_gpio.o
    0x08000e8a   0x08000e8a   0x00000002   PAD
    0x08000e8c   0x08000e8c   0x0000000c   Code   RO         2486    i.BSP_IO_GetERPPowerSwState  bsp_gpio.o
    0x08000e98   0x08000e98   0x00000004   Code   RO         2487    i.BSP_IO_GetVenderTestPin  bsp_gpio.o
    0x08000e9c   0x08000e9c   0x00000220   Code   RO         2488    i.BSP_IO_Init       bsp_gpio.o
    0x080010bc   0x080010bc   0x0000000c   Code   RO         2489    i.BSP_IO_InputInterrupt_RegCB_BackSpikeCount  bsp_gpio.o
    0x080010c8   0x080010c8   0x0000000c   Code   RO         2490    i.BSP_IO_InputInterrupt_RegCB_FeetSpikeCount  bsp_gpio.o
    0x080010d4   0x080010d4   0x00000014   Code   RO         2492    i.BSP_IO_ReadInput_BackMotoFault  bsp_gpio.o
    0x080010e8   0x080010e8   0x00000010   Code   RO         2494    i.BSP_IO_ReadInput_FeetMotoFault  bsp_gpio.o
    0x080010f8   0x080010f8   0x00000020   Code   RO         2496    i.BSP_IO_ReadInput_PowerKeyState  bsp_gpio.o
    0x08001118   0x08001118   0x0000002c   Code   RO         2499    i.BSP_IO_SetOutput_BackSpikeCtrl  bsp_gpio.o
    0x08001144   0x08001144   0x00000006   Code   RO         2500    i.BSP_IO_SetOutput_BluetoothSwitch  bsp_gpio.o
    0x0800114a   0x0800114a   0x0000003c   Code   RO         2501    i.BSP_IO_SetOutput_CloseAll  bsp_gpio.o
    0x08001186   0x08001186   0x00000002   PAD
    0x08001188   0x08001188   0x0000000c   Code   RO         2502    i.BSP_IO_SetOutput_ERPPowerSw  bsp_gpio.o
    0x08001194   0x08001194   0x0000002c   Code   RO         2505    i.BSP_IO_SetOutput_FeetSpikeCtrl  bsp_gpio.o
    0x080011c0   0x080011c0   0x00000060   Code   RO         2506    i.BSP_IO_SetOutput_GasCtrl  bsp_gpio.o
    0x08001220   0x08001220   0x00000002   Code   RO         2507    i.BSP_IO_SetOutput_LedLogo  bsp_gpio.o
    0x08001222   0x08001222   0x00000002   Code   RO         2508    i.BSP_IO_SetOutput_LedProjection  bsp_gpio.o
    0x08001224   0x08001224   0x00000002   Code   RO         2509    i.BSP_IO_SetOutput_LegFlexSpikeCtrl  bsp_gpio.o
    0x08001226   0x08001226   0x00000002   PAD
    0x08001228   0x08001228   0x00000204   Code   RO         2510    i.BSP_IO_SetOutput_PumpCtrl  bsp_gpio.o
    0x0800142c   0x0800142c   0x00000012   Code   RO         2511    i.BSP_IO_SetOutput_PumpGasCtrl  bsp_gpio.o
    0x0800143e   0x0800143e   0x00000002   Code   RO         2513    i.BSP_IO_SetOutput_ZeroSpikeCtrl  bsp_gpio.o
    0x08001440   0x08001440   0x00000058   Code   RO         2514    i.BSP_IO_TimerTrigReadInputInit  bsp_gpio.o
    0x08001498   0x08001498   0x00000054   Code   RO         2321    i.BSP_Init          bsp.o
    0x080014ec   0x080014ec   0x000000c4   Code   RO         2843    i.BSP_PWMTmr_Init   bsp_pwmtmr.o
    0x080015b0   0x080015b0   0x00000030   Code   RO         2844    i.BSP_PWMTmr_SetBackSpikeDuty  bsp_pwmtmr.o
    0x080015e0   0x080015e0   0x00000030   Code   RO         2846    i.BSP_PWMTmr_SetFeetSpikeDuty  bsp_pwmtmr.o
    0x08001610   0x08001610   0x0000002c   Code   RO         2341    i.BSP_SysTicker_CalLag  bsp_systicker.o
    0x0800163c   0x0800163c   0x00000068   Code   RO         2344    i.BSP_SysTicker_Init  bsp_systicker.o
    0x080016a4   0x080016a4   0x00000028   Code   RO         2393    i.BSP_UART_GetTxState  bsp_uart.o
    0x080016cc   0x080016cc   0x0000013c   Code   RO         2394    i.BSP_UART_Init     bsp_uart.o
    0x08001808   0x08001808   0x0000001c   Code   RO         2395    i.BSP_UART_RegRxByteCB  bsp_uart.o
    0x08001824   0x08001824   0x00000074   Code   RO         2396    i.BSP_UART_TxData   bsp_uart.o
    0x08001898   0x08001898   0x0000026c   Code   RO         7426    i.BackSpike_ActionHandle  backspike.o
    0x08001b04   0x08001b04   0x00000020   Code   RO         7427    i.BackSpike_CountIOCheck_CB  backspike.o
    0x08001b24   0x08001b24   0x0000000c   Code   RO         7428    i.BackSpike_GetCSFlag  backspike.o
    0x08001b30   0x08001b30   0x0000000c   Code   RO         7429    i.BackSpike_GetPosition  backspike.o
    0x08001b3c   0x08001b3c   0x00000024   Code   RO         7430    i.BackSpike_Init    backspike.o
    0x08001b60   0x08001b60   0x00000030   Code   RO         7432    i.BackSpike_PauseOff  backspike.o
    0x08001b90   0x08001b90   0x00000030   Code   RO         7433    i.BackSpike_PauseOn  backspike.o
    0x08001bc0   0x08001bc0   0x000000b0   Code   RO         7434    i.BackSpike_PositionHandle  backspike.o
    0x08001c70   0x08001c70   0x00000238   Code   RO         7435    i.BackSpike_PositionIOCheck  backspike.o
    0x08001ea8   0x08001ea8   0x00000028   Code   RO         7436    i.BackSpike_ResetPosition  backspike.o
    0x08001ed0   0x08001ed0   0x00000074   Code   RO         7437    i.BackSpike_SetAction  backspike.o
    0x08001f44   0x08001f44   0x00000020   Code   RO         7438    i.BackSpike_SetCountFaultCheckSw  backspike.o
    0x08001f64   0x08001f64   0x00000018   Code   RO         7439    i.BackSpike_SetPosition  backspike.o
    0x08001f7c   0x08001f7c   0x00000054   Code   RO         2188    i.BinarySearch      commonlib.o
    0x08001fd0   0x08001fd0   0x0000000c   Code   RO         4983    i.BodyScan_GetCSFlag  bodyscan.o
    0x08001fdc   0x08001fdc   0x00000244   Code   RO         4984    i.BodyScan_Handle   bodyscan.o
    0x08002220   0x08002220   0x00000024   Code   RO         4985    i.BodyScan_Init     bodyscan.o
    0x08002244   0x08002244   0x0000002c   Code   RO         4986    i.BodyScan_PauseOff  bodyscan.o
    0x08002270   0x08002270   0x0000002c   Code   RO         4987    i.BodyScan_PauseOn  bodyscan.o
    0x0800229c   0x0800229c   0x00000018   Code   RO         5967    i.CDPDataObjID      cdp.o
    0x080022b4   0x080022b4   0x0000008c   Code   RO         6229    i.CDP_AckTmrToApp_DataTx  cdp_cenapp.o
    0x08002340   0x08002340   0x000001dc   Code   RO         6230    i.CDP_AppToCen_AnalyzeApp  cdp_cenapp.o
    0x0800251c   0x0800251c   0x000000b4   Code   RO         6231    i.CDP_AppToCen_CfgNetwork  cdp_cenapp.o
    0x080025d0   0x080025d0   0x00000064   Code   RO         6232    i.CDP_AppToCen_GetIDCode  cdp_cenapp.o
    0x08002634   0x08002634   0x00000020   Code   RO         6233    i.CDP_AppToCen_HeartbeatPacket  cdp_cenapp.o
    0x08002654   0x08002654   0x000000c4   Code   RO         6234    i.CDP_AppToCen_KeyValHandle  cdp_cenapp.o
    0x08002718   0x08002718   0x0000002c   Code   RO         6235    i.CDP_CenApp_ByteRx  cdp_cenapp.o
    0x08002744   0x08002744   0x00000014   Code   RO         6236    i.CDP_CenApp_DataTx  cdp_cenapp.o
    0x08002758   0x08002758   0x00000074   Code   RO         6237    i.CDP_CenApp_FaultCheck  cdp_cenapp.o
    0x080027cc   0x080027cc   0x00000024   Code   RO         6239    i.CDP_CenApp_Init   cdp_cenapp.o
    0x080027f0   0x080027f0   0x0000003c   Code   RO         6329    i.CDP_CenServer_ByteRx  cdp_censerver.o
    0x0800282c   0x0800282c   0x00000014   Code   RO         6330    i.CDP_CenServer_DataTx  cdp_censerver.o
    0x08002840   0x08002840   0x00000070   Code   RO         6331    i.CDP_CenServer_FaultCheck  cdp_censerver.o
    0x080028b0   0x080028b0   0x0000000c   Code   RO         6332    i.CDP_CenServer_GetCSFlag  cdp_censerver.o
    0x080028bc   0x080028bc   0x00000024   Code   RO         6333    i.CDP_CenServer_Init  cdp_censerver.o
    0x080028e0   0x080028e0   0x00000cc8   Code   RO         6240    i.CDP_CenStateTmrToApp_DataTx  cdp_cenapp.o
    0x080035a8   0x080035a8   0x00000df4   Code   RO         6135    i.CDP_CenStateTmrToCtrl_DataTx  cdp_cenxxx.o
    0x0800439c   0x0800439c   0x00000024   Code   RO         6241    i.CDP_CenTmrToApp_DataTx  cdp_cenapp.o
    0x080043c0   0x080043c0   0x00000084   Code   RO         6136    i.CDP_CenXxx_ByteRx  cdp_cenxxx.o
    0x08004444   0x08004444   0x00000014   Code   RO         6137    i.CDP_CenXxx_DataTx  cdp_cenxxx.o
    0x08004458   0x08004458   0x00000148   Code   RO         6138    i.CDP_CenXxx_FaultCheck  cdp_cenxxx.o
    0x080045a0   0x080045a0   0x0000000c   Code   RO         6139    i.CDP_CenXxx_GetCSFlag  cdp_cenxxx.o
    0x080045ac   0x080045ac   0x00000024   Code   RO         6140    i.CDP_CenXxx_Init   cdp_cenxxx.o
    0x080045d0   0x080045d0   0x0000027c   Code   RO         6141    i.CDP_CtrlToCen_AnalyzeCtrl  cdp_cenxxx.o
    0x0800484c   0x0800484c   0x00000108   Code   RO         5968    i.CDP_DataObjRxHandle  cdp.o
    0x08004954   0x08004954   0x00000394   Code   RO         5969    i.CDP_DataTxTmrHandle  cdp.o
    0x08004ce8   0x08004ce8   0x000000da   Code   RO         5970    i.CDP_FrameRxHandle  cdp.o
    0x08004dc2   0x08004dc2   0x00000084   Code   RO         5971    i.CDP_FrameTxHandle  cdp.o
    0x08004e46   0x08004e46   0x00000002   PAD
    0x08004e48   0x08004e48   0x0000000c   Code   RO         5972    i.CDP_GetCSFlag     cdp.o
    0x08004e54   0x08004e54   0x00000010   Code   RO         5973    i.CDP_Handle        cdp.o
    0x08004e64   0x08004e64   0x0000003c   Code   RO         5974    i.CDP_Init          cdp.o
    0x08004ea0   0x08004ea0   0x00000094   Code   RO         5975    i.CDP_PDUPackTx     cdp.o
    0x08004f34   0x08004f34   0x00000130   Code   RO         5976    i.CDP_PDURxHandle   cdp.o
    0x08005064   0x08005064   0x00000064   Code   RO         5977    i.CDP_PDUTxHandle   cdp.o
    0x080050c8   0x080050c8   0x00000018   Code   RO         6391    i.Core_BackScanGetCSFlag  core.o
    0x080050e0   0x080050e0   0x00000010   Code   RO         6392    i.Core_BackScanGetYCount  core.o
    0x080050f0   0x080050f0   0x00000034   Code   RO         6393    i.Core_BackScanPauseOff  core.o
    0x08005124   0x08005124   0x00000034   Code   RO         6394    i.Core_BackScanPauseOn  core.o
    0x08005158   0x08005158   0x0000001c   Code   RO         6395    i.Core_BackScanSetCurveCheckSw  core.o
    0x08005174   0x08005174   0x00000034   Code   RO         6396    i.Core_BackScanSetReScanCheckSw  core.o
    0x080051a8   0x080051a8   0x0000001c   Code   RO         6397    i.Core_BackScanSetRunSw  core.o
    0x080051c4   0x080051c4   0x000000b4   Code   RO         6398    i.Core_BackScanSetShoulderAdjustOp  core.o
    0x08005278   0x08005278   0x000003b8   Code   RO         6399    i.Core_CDPDataObjRx_0x40  core.o
    0x08005630   0x08005630   0x000001a8   Code   RO         6400    i.Core_CDPDataObjTx_0x40  core.o
    0x080057d8   0x080057d8   0x00000018   Code   RO         6401    i.Core_GetActionRunFlag  core.o
    0x080057f0   0x080057f0   0x0000000c   Code   RO         6402    i.Core_GetCSFlag    core.o
    0x080057fc   0x080057fc   0x00000014   Code   RO         6403    i.Core_GetMoveAdjustRoll  core.o
    0x08005810   0x08005810   0x00000014   Code   RO         6405    i.Core_GetRollRange  core.o
    0x08005824   0x08005824   0x00000018   Code   RO         6406    i.Core_GetTCSActionID  core.o
    0x0800583c   0x0800583c   0x0000000c   Code   RO         6407    i.Core_GetTCSMotorState  core.o
    0x08005848   0x08005848   0x0000000c   Code   RO         6408    i.Core_GetXMotorState  core.o
    0x08005854   0x08005854   0x00000010   Code   RO         6409    i.Core_GetXPosition  core.o
    0x08005864   0x08005864   0x00000010   Code   RO         6410    i.Core_GetXYZActionCompleteRepeat  core.o
    0x08005874   0x08005874   0x0000001c   Code   RO         6411    i.Core_GetXYZActionID  core.o
    0x08005890   0x08005890   0x00000040   Code   RO         6412    i.Core_GetXYZMannualManageAttr  core.o
    0x080058d0   0x080058d0   0x0000000c   Code   RO         6413    i.Core_GetYMotorState  core.o
    0x080058dc   0x080058dc   0x00000010   Code   RO         6414    i.Core_GetYPosition  core.o
    0x080058ec   0x080058ec   0x0000000c   Code   RO         6415    i.Core_GetZMotorState  core.o
    0x080058f8   0x080058f8   0x00000010   Code   RO         6416    i.Core_GetZPosition  core.o
    0x08005908   0x08005908   0x00000010   Code   RO         6417    i.Core_Handle       core.o
    0x08005918   0x08005918   0x000000d4   Code   RO         6418    i.Core_Init         core.o
    0x080059ec   0x080059ec   0x0000002c   Code   RO         6419    i.Core_PauseOff     core.o
    0x08005a18   0x08005a18   0x0000002c   Code   RO         6420    i.Core_PauseOn      core.o
    0x08005a44   0x08005a44   0x00000024   Code   RO         6421    i.Core_ResetXYZActionStep  core.o
    0x08005a68   0x08005a68   0x0000001a   Code   RO         6422    i.Core_SetAction    core.o
    0x08005a82   0x08005a82   0x00000002   PAD
    0x08005a84   0x08005a84   0x0000005c   Code   RO         6423    i.Core_SetMoveAdjustRoll  core.o
    0x08005ae0   0x08005ae0   0x000000b0   Code   RO         6424    i.Core_SetRollRange  core.o
    0x08005b90   0x08005b90   0x00000030   Code   RO         6425    i.Core_SetTCSAction  core.o
    0x08005bc0   0x08005bc0   0x00000018   Code   RO         6426    i.Core_SetTCSActionSpeed  core.o
    0x08005bd8   0x08005bd8   0x0000001c   Code   RO         6427    i.Core_SetXPosition  core.o
    0x08005bf4   0x08005bf4   0x00000030   Code   RO         6428    i.Core_SetXYZAction  core.o
    0x08005c24   0x08005c24   0x00000018   Code   RO         6429    i.Core_SetXYZActionSpeed  core.o
    0x08005c3c   0x08005c3c   0x0000001a   Code   RO         6430    i.Core_SetXYZPosition  core.o
    0x08005c56   0x08005c56   0x00000002   PAD
    0x08005c58   0x08005c58   0x0000001c   Code   RO         6431    i.Core_SetYPosition  core.o
    0x08005c74   0x08005c74   0x00000024   Code   RO         6432    i.Core_SetZMBackProtectDisableSw  core.o
    0x08005c98   0x08005c98   0x00000024   Code   RO         6433    i.Core_SetZPosition  core.o
    0x08005cbc   0x08005cbc   0x0000001c   Code   RO         6434    i.Core_ShoulderAdjustRe  core.o
    0x08005cd8   0x08005cd8   0x000000a0   Code   RO         6435    i.Core_TCSActionHandle  core.o
    0x08005d78   0x08005d78   0x00000204   Code   RO         6440    i.Core_XYZActionHandle  core.o
    0x08005f7c   0x08005f7c   0x00000020   Code   RO         2191    i.Critical_Enter    commonlib.o
    0x08005f9c   0x08005f9c   0x00000028   Code   RO         2192    i.Critical_Exit     commonlib.o
    0x08005fc4   0x08005fc4   0x0000001a   Code   RO         2193    i.CumulativeSum_Cal  commonlib.o
    0x08005fde   0x08005fde   0x0000001e   Code   RO         2194    i.CumulativeSum_Check  commonlib.o
    0x08005ffc   0x08005ffc   0x00000018   Code   RO         3918    i.Default_GetKeyValID  sysmode.o
    0x08006014   0x08006014   0x00000028   Code   RO         3919    i.Default_KeyValAdditonOp  sysmode.o
    0x0800603c   0x0800603c   0x0000000e   Code   RO         3920    i.Default_Key_Power  sysmode.o
    0x0800604a   0x0800604a   0x0000000c   Code   RO         2515    i.Delay             bsp_gpio.o
    0x08006056   0x08006056   0x00000002   PAD
    0x08006058   0x08006058   0x000000ec   Code   RO         3921    i.ERPPower_OffHandle  sysmode.o
    0x08006144   0x08006144   0x00000040   Code   RO         3922    i.ERPPower_OnHandle  sysmode.o
    0x08006184   0x08006184   0x00000048   Code   RO         2089    i.ESF_EvtQuene_Pend  esf_evt.o
    0x080061cc   0x080061cc   0x00000054   Code   RO         2090    i.ESF_EvtQuene_Post  esf_evt.o
    0x08006220   0x08006220   0x00000008   Code   RO         1988    i.ESF_Init          esf.o
    0x08006228   0x08006228   0x00000044   Code   RO         2120    i.ESF_MemBuf_Free   esf_mem.o
    0x0800626c   0x0800626c   0x00000040   Code   RO         2121    i.ESF_MemBuf_Get    esf_mem.o
    0x080062ac   0x080062ac   0x00000014   Code   RO         2122    i.ESF_MemBuf_Init   esf_mem.o
    0x080062c0   0x080062c0   0x00000074   Code   RO         2158    i.ESF_TmrExeFuncScheduling  esf_tmr.o
    0x08006334   0x08006334   0x00000038   Code   RO         2159    i.ESF_TmrExeFuncTabCheck  esf_tmr.o
    0x0800636c   0x0800636c   0x00000012   Code   RO         3044    i.EXTI0_IRQHandler  bsp_exti.o
    0x0800637e   0x0800637e   0x00000002   PAD
    0x08006380   0x08006380   0x00000014   Code   RO         3394    i.FaultCheck_02     realtimeinspect.o
    0x08006394   0x08006394   0x00000014   Code   RO         3395    i.FaultCheck_03     realtimeinspect.o
    0x080063a8   0x080063a8   0x00000014   Code   RO         3397    i.FaultCheck_05     realtimeinspect.o
    0x080063bc   0x080063bc   0x00000014   Code   RO         3398    i.FaultCheck_06     realtimeinspect.o
    0x080063d0   0x080063d0   0x00000014   Code   RO         3424    i.FaultCheck_32     realtimeinspect.o
    0x080063e4   0x080063e4   0x00000020   Code   RO         3432    i.FaultCheck_40     realtimeinspect.o
    0x08006404   0x08006404   0x00000014   Code   RO         3433    i.FaultCheck_41     realtimeinspect.o
    0x08006418   0x08006418   0x00000020   Code   RO         3436    i.FaultCheck_44     realtimeinspect.o
    0x08006438   0x08006438   0x00000014   Code   RO         3438    i.FaultCheck_46     realtimeinspect.o
    0x0800644c   0x0800644c   0x00000020   Code   RO         3440    i.FaultCheck_48     realtimeinspect.o
    0x0800646c   0x0800646c   0x00000014   Code   RO         3441    i.FaultCheck_49     realtimeinspect.o
    0x08006480   0x08006480   0x00000014   Code   RO         3442    i.FaultCheck_50     realtimeinspect.o
    0x08006494   0x08006494   0x00000014   Code   RO         3451    i.FaultCheck_59     realtimeinspect.o
    0x080064a8   0x080064a8   0x00000014   Code   RO         3455    i.FaultCheck_63     realtimeinspect.o
    0x080064bc   0x080064bc   0x00000014   Code   RO         3460    i.FaultCheck_68     realtimeinspect.o
    0x080064d0   0x080064d0   0x00000014   Code   RO         3461    i.FaultCheck_69     realtimeinspect.o
    0x080064e4   0x080064e4   0x00000014   Code   RO         3462    i.FaultCheck_70     realtimeinspect.o
    0x080064f8   0x080064f8   0x00000014   Code   RO         3463    i.FaultCheck_71     realtimeinspect.o
    0x0800650c   0x0800650c   0x00000010   Code   RO         3464    i.FaultCheck_72     realtimeinspect.o
    0x0800651c   0x0800651c   0x00000014   Code   RO         3465    i.FaultCheck_73     realtimeinspect.o
    0x08006530   0x08006530   0x00000014   Code   RO         3466    i.FaultCheck_74     realtimeinspect.o
    0x08006544   0x08006544   0x0000026c   Code   RO         7529    i.FeetSpike_ActionHandle  feetspike.o
    0x080067b0   0x080067b0   0x00000020   Code   RO         7530    i.FeetSpike_CountIOCheck_CB  feetspike.o
    0x080067d0   0x080067d0   0x0000000c   Code   RO         7531    i.FeetSpike_GetCSFlag  feetspike.o
    0x080067dc   0x080067dc   0x0000000c   Code   RO         7532    i.FeetSpike_GetPosition  feetspike.o
    0x080067e8   0x080067e8   0x00000024   Code   RO         7533    i.FeetSpike_Init    feetspike.o
    0x0800680c   0x0800680c   0x00000030   Code   RO         7535    i.FeetSpike_PauseOff  feetspike.o
    0x0800683c   0x0800683c   0x00000030   Code   RO         7536    i.FeetSpike_PauseOn  feetspike.o
    0x0800686c   0x0800686c   0x000000b0   Code   RO         7537    i.FeetSpike_PositionHandle  feetspike.o
    0x0800691c   0x0800691c   0x00000230   Code   RO         7538    i.FeetSpike_PositionIOCheck  feetspike.o
    0x08006b4c   0x08006b4c   0x00000028   Code   RO         7539    i.FeetSpike_ResetPosition  feetspike.o
    0x08006b74   0x08006b74   0x00000074   Code   RO         7540    i.FeetSpike_SetAction  feetspike.o
    0x08006be8   0x08006be8   0x00000020   Code   RO         7541    i.FeetSpike_SetCountFaultCheckSw  feetspike.o
    0x08006c08   0x08006c08   0x00000018   Code   RO         7542    i.FeetSpike_SetPosition  feetspike.o
    0x08006c20   0x08006c20   0x0000008c   Code   RO         6753    i.Gas_ActionHandle  gas.o
    0x08006cac   0x08006cac   0x00000030   Code   RO         6754    i.Gas_CDPDataObjRx_0x48  gas.o
    0x08006cdc   0x08006cdc   0x0000001c   Code   RO         6755    i.Gas_CDPDataObjTx_0x48  gas.o
    0x08006cf8   0x08006cf8   0x00000018   Code   RO         6756    i.Gas_GetCSFlag     gas.o
    0x08006d10   0x08006d10   0x00000018   Code   RO         6757    i.Gas_GetGasPart1   gas.o
    0x08006d28   0x08006d28   0x00000018   Code   RO         6758    i.Gas_GetGasPart2   gas.o
    0x08006d40   0x08006d40   0x00000010   Code   RO         6759    i.Gas_Handle        gas.o
    0x08006d50   0x08006d50   0x00000028   Code   RO         6760    i.Gas_Init          gas.o
    0x08006d78   0x08006d78   0x00000030   Code   RO         6761    i.Gas_PauseOff      gas.o
    0x08006da8   0x08006da8   0x00000030   Code   RO         6762    i.Gas_PauseOn       gas.o
    0x08006dd8   0x08006dd8   0x00000020   Code   RO         6763    i.Gas_SetCalvesPressureThreshold  gas.o
    0x08006df8   0x08006df8   0x00000050   Code   RO         6764    i.Gas_SetGasPart    gas.o
    0x08006e48   0x08006e48   0x00000024   Code   RO         6765    i.Gas_SetGasPartCtrlEnAdd  gas.o
    0x08006e6c   0x08006e6c   0x00000014   Code   RO         6766    i.Gas_SetGasPartCtrlEnOnly  gas.o
    0x08006e80   0x08006e80   0x00000018   Code   RO         6767    i.Gas_SetPumpSw     gas.o
    0x08006e98   0x08006e98   0x00000070   Code   RO         5332    i.GridComboAuto_CalNextRunTabIndex  funcauto_gridcombo.o
    0x08006f08   0x08006f08   0x000000a8   Code   RO         5338    i.GridComboAuto_UpdateComboSelectBit  funcauto_gridcombo.o
    0x08006fb0   0x08006fb0   0x0000001e   Code   RO         6871    i.Heat_AllPartsHandle  heat.o
    0x08006fce   0x08006fce   0x00000002   PAD
    0x08006fd0   0x08006fd0   0x00000084   Code   RO         6872    i.Heat_CDPDataObjRx_0x41  heat.o
    0x08007054   0x08007054   0x00000040   Code   RO         6873    i.Heat_CDPDataObjTx_0x41  heat.o
    0x08007094   0x08007094   0x00000002   Code   RO         6874    i.Heat_CalvesHeatHandle  heat.o
    0x08007096   0x08007096   0x00000002   Code   RO         6875    i.Heat_CalvesHeatPauseOff  heat.o
    0x08007098   0x08007098   0x00000002   Code   RO         6876    i.Heat_CalvesHeatPauseOn  heat.o
    0x0800709a   0x0800709a   0x00000002   Code   RO         6877    i.Heat_FeetHeatHandle  heat.o
    0x0800709c   0x0800709c   0x00000002   Code   RO         6878    i.Heat_FeetHeatPauseOff  heat.o
    0x0800709e   0x0800709e   0x00000002   Code   RO         6879    i.Heat_FeetHeatPauseOn  heat.o
    0x080070a0   0x080070a0   0x00000010   Code   RO         6880    i.Heat_GetCSFlag    heat.o
    0x080070b0   0x080070b0   0x00000010   Code   RO         6881    i.Heat_GetLumbarBackLeftTemperature  heat.o
    0x080070c0   0x080070c0   0x00000010   Code   RO         6882    i.Heat_GetLumbarBackRightTemperature  heat.o
    0x080070d0   0x080070d0   0x00000010   Code   RO         6883    i.Heat_Handle       heat.o
    0x080070e0   0x080070e0   0x00000028   Code   RO         6884    i.Heat_Init         heat.o
    0x08007108   0x08007108   0x00000074   Code   RO         6885    i.Heat_LumbarBackHeatHandle  heat.o
    0x0800717c   0x0800717c   0x00000030   Code   RO         6886    i.Heat_LumbarBackHeatPauseOff  heat.o
    0x080071ac   0x080071ac   0x00000030   Code   RO         6887    i.Heat_LumbarBackHeatPauseOn  heat.o
    0x080071dc   0x080071dc   0x00000002   Code   RO         6888    i.Heat_SeatHeatHandle  heat.o
    0x080071de   0x080071de   0x00000002   Code   RO         6889    i.Heat_SeatHeatPauseOff  heat.o
    0x080071e0   0x080071e0   0x00000002   Code   RO         6890    i.Heat_SeatHeatPauseOn  heat.o
    0x080071e2   0x080071e2   0x00000002   Code   RO         6891    i.Heat_SetCalvesHeatWorkState  heat.o
    0x080071e4   0x080071e4   0x00000002   Code   RO         6892    i.Heat_SetFeetHeatWorkState  heat.o
    0x080071e6   0x080071e6   0x00000002   PAD
    0x080071e8   0x080071e8   0x00000020   Code   RO         6893    i.Heat_SetLumbarBackHeatWorkState  heat.o
    0x08007208   0x08007208   0x00000002   Code   RO         6894    i.Heat_SetSeatHeatWorkState  heat.o
    0x0800720a   0x0800720a   0x00000002   PAD
    0x0800720c   0x0800720c   0x0000003c   Code   RO         5979    i.IAP_CDPDataObj_0x01  cdp.o
    0x08007248   0x08007248   0x00000040   Code   RO         7037    i.Led_AllPartsHandle  led.o
    0x08007288   0x08007288   0x00000018   Code   RO         7038    i.Led_GetCSFlag     led.o
    0x080072a0   0x080072a0   0x00000010   Code   RO         7039    i.Led_Handle        led.o
    0x080072b0   0x080072b0   0x00000024   Code   RO         7040    i.Led_Init          led.o
    0x080072d4   0x080072d4   0x00000030   Code   RO         7041    i.Led_PauseOff      led.o
    0x08007304   0x08007304   0x00000030   Code   RO         7042    i.Led_PauseOn       led.o
    0x08007334   0x08007334   0x00000020   Code   RO         7043    i.Led_SetLogoWorkState  led.o
    0x08007354   0x08007354   0x00000020   Code   RO         7044    i.Led_SetProjectionWorkState  led.o
    0x08007374   0x08007374   0x00000020   Code   RO         7045    i.Led_SetWorkState  led.o
    0x08007394   0x08007394   0x000001f4   Code   RO         7632    i.LegFlexSpike_ActionHandle  legflexspike.o
    0x08007588   0x08007588   0x00000058   Code   RO         7633    i.LegFlexSpike_CDPDataObjRx_0x4B  legflexspike.o
    0x080075e0   0x080075e0   0x00000020   Code   RO         7634    i.LegFlexSpike_CDPDataObjTx_0x4B  legflexspike.o
    0x08007600   0x08007600   0x00000068   Code   RO         7636    i.LegFlexSpike_GetCSFlag  legflexspike.o
    0x08007668   0x08007668   0x0000000c   Code   RO         7637    i.LegFlexSpike_GetPosition  legflexspike.o
    0x08007674   0x08007674   0x0000023c   Code   RO         7639    i.LegFlexSpike_IOCheck  legflexspike.o
    0x080078b0   0x080078b0   0x00000040   Code   RO         7640    i.LegFlexSpike_Init  legflexspike.o
    0x080078f0   0x080078f0   0x00000030   Code   RO         7641    i.LegFlexSpike_PauseOff  legflexspike.o
    0x08007920   0x08007920   0x00000030   Code   RO         7642    i.LegFlexSpike_PauseOn  legflexspike.o
    0x08007950   0x08007950   0x000000b0   Code   RO         7643    i.LegFlexSpike_PositionHandle  legflexspike.o
    0x08007a00   0x08007a00   0x00000070   Code   RO         7644    i.LegFlexSpike_SetAction  legflexspike.o
    0x08007a70   0x08007a70   0x00000018   Code   RO         7645    i.LegFlexSpike_SetPosition  legflexspike.o
    0x08007a88   0x08007a88   0x00000018   Code   RO         7647    i.LegFlexSpike_SetULegPosition  legflexspike.o
    0x08007aa0   0x08007aa0   0x0000007c   Code   RO         2197    i.Log_OutPut        commonlib.o
    0x08007b1c   0x08007b1c   0x0000000c   Code   RO         5676    i.MChair_CoreMannualVenderTest3DSwSet  funcmannual_core.o
    0x08007b28   0x08007b28   0x00000144   Code   RO         3189    i.MChair_EvtHandle_CDPCtrlRx  system.o
    0x08007c6c   0x08007c6c   0x000002d4   Code   RO         5440    i.MChair_FuncExe    funclogic.o
    0x08007f40   0x08007f40   0x000000b0   Code   RO         5441    i.MChair_FuncExeAngleHandle  funclogic.o
    0x08007ff0   0x08007ff0   0x00000074   Code   RO         5113    i.MChair_FuncExe_CoreAuto  funcauto_core.o
    0x08008064   0x08008064   0x000000b4   Code   RO         5181    i.MChair_FuncExe_CoreGasAuto  funcauto_coregas.o
    0x08008118   0x08008118   0x00000100   Code   RO         5212    i.MChair_FuncExe_CoreGasSpikeAuto  funcauto_coregasspike.o
    0x08008218   0x08008218   0x0000016c   Code   RO         5677    i.MChair_FuncExe_CoreMannual  funcmannual_core.o
    0x08008384   0x08008384   0x000000d0   Code   RO         5242    i.MChair_FuncExe_CoreSpikeAuto  funcauto_corespike.o
    0x08008454   0x08008454   0x00000098   Code   RO         5272    i.MChair_FuncExe_GasAuto  funcauto_gas.o
    0x080084ec   0x080084ec   0x000000e4   Code   RO         5728    i.MChair_FuncExe_GasMannual  funcmannual_gas.o
    0x080085d0   0x080085d0   0x000000dc   Code   RO         5302    i.MChair_FuncExe_GasSpikeAuto  funcauto_gasspike.o
    0x080086ac   0x080086ac   0x00000090   Code   RO         5339    i.MChair_FuncExe_GridComboAuto  funcauto_gridcombo.o
    0x0800873c   0x0800873c   0x000001d0   Code   RO         5487    i.MChair_FuncExe_HeatMA  funcma_heat.o
    0x0800890c   0x0800890c   0x00000064   Code   RO         5539    i.MChair_FuncExe_LedMA  funcma_led.o
    0x08008970   0x08008970   0x000002e8   Code   RO         5571    i.MChair_FuncExe_RollerMA  funcma_roller.o
    0x08008c58   0x08008c58   0x000000d4   Code   RO         5404    i.MChair_FuncExe_SpikeAuto  funcauto_spike.o
    0x08008d2c   0x08008d2c   0x00000228   Code   RO         5757    i.MChair_FuncExe_SpikeMannual  funcmannual_spike.o
    0x08008f54   0x08008f54   0x0000014c   Code   RO         5624    i.MChair_FuncExe_VibMA  funcma_vib.o
    0x080090a0   0x080090a0   0x000000a0   Code   RO         5442    i.MChair_FuncLogic_ClearAllFunc  funclogic.o
    0x08009140   0x08009140   0x000001d0   Code   RO         5443    i.MChair_FuncLogic_Switch  funclogic.o
    0x08009310   0x08009310   0x000002b0   Code   RO         5444    i.MChair_FuncSwitch_CloseForNewFunc  funclogic.o
    0x080095c0   0x080095c0   0x00000024   Code   RO         5114    i.MChair_FuncSwitch_CoreAuto  funcauto_core.o
    0x080095e4   0x080095e4   0x00000024   Code   RO         5182    i.MChair_FuncSwitch_CoreGasAuto  funcauto_coregas.o
    0x08009608   0x08009608   0x00000030   Code   RO         5213    i.MChair_FuncSwitch_CoreGasSpikeAuto  funcauto_coregasspike.o
    0x08009638   0x08009638   0x000001a8   Code   RO         5678    i.MChair_FuncSwitch_CoreMannual  funcmannual_core.o
    0x080097e0   0x080097e0   0x00000024   Code   RO         5243    i.MChair_FuncSwitch_CoreSpikeAuto  funcauto_corespike.o
    0x08009804   0x08009804   0x00000024   Code   RO         5273    i.MChair_FuncSwitch_GasAuto  funcauto_gas.o
    0x08009828   0x08009828   0x00000120   Code   RO         5729    i.MChair_FuncSwitch_GasMannual  funcmannual_gas.o
    0x08009948   0x08009948   0x00000024   Code   RO         5303    i.MChair_FuncSwitch_GasSpikeAuto  funcauto_gasspike.o
    0x0800996c   0x0800996c   0x00000040   Code   RO         5340    i.MChair_FuncSwitch_GridComboAuto  funcauto_gridcombo.o
    0x080099ac   0x080099ac   0x0000007c   Code   RO         5488    i.MChair_FuncSwitch_HeatMA  funcma_heat.o
    0x08009a28   0x08009a28   0x00000066   Code   RO         5540    i.MChair_FuncSwitch_LedMA  funcma_led.o
    0x08009a8e   0x08009a8e   0x00000002   PAD
    0x08009a90   0x08009a90   0x000000b4   Code   RO         5572    i.MChair_FuncSwitch_RollerMA  funcma_roller.o
    0x08009b44   0x08009b44   0x00000040   Code   RO         5405    i.MChair_FuncSwitch_SpikeAuto  funcauto_spike.o
    0x08009b84   0x08009b84   0x0000009a   Code   RO         5758    i.MChair_FuncSwitch_SpikeMannual  funcmannual_spike.o
    0x08009c1e   0x08009c1e   0x0000007c   Code   RO         5625    i.MChair_FuncSwitch_VibMA  funcma_vib.o
    0x08009c9a   0x08009c9a   0x00000002   PAD
    0x08009c9c   0x08009c9c   0x0000000c   Code   RO         5679    i.MChair_GetFuncCoreMannualFlexLevelMax  funcmannual_core.o
    0x08009ca8   0x08009ca8   0x0000000c   Code   RO         5680    i.MChair_GetFuncCoreMannualWidthMax  funcmannual_core.o
    0x08009cb4   0x08009cb4   0x0000000c   Code   RO         5681    i.MChair_GetFuncCoreMannualXYZSpeedMax  funcmannual_core.o
    0x08009cc0   0x08009cc0   0x00000020   Code   RO         5489    i.MChair_HeatFuncReset_Calves  funcma_heat.o
    0x08009ce0   0x08009ce0   0x00000020   Code   RO         5490    i.MChair_HeatFuncReset_Feet  funcma_heat.o
    0x08009d00   0x08009d00   0x00000020   Code   RO         5491    i.MChair_HeatFuncReset_LumbarBack  funcma_heat.o
    0x08009d20   0x08009d20   0x00000020   Code   RO         5492    i.MChair_HeatFuncReset_Seat  funcma_heat.o
    0x08009d40   0x08009d40   0x000000b4   Code   RO         3190    i.MChair_KeyValHandle  system.o
    0x08009df4   0x08009df4   0x0000001c   Code   RO         3191    i.MChair_KeyValHandle_CDPDataObjRx_0x01  system.o
    0x08009e10   0x08009e10   0x00000016   Code   RO         3192    i.MChair_KeyValIsLong  system.o
    0x08009e26   0x08009e26   0x00000002   PAD
    0x08009e28   0x08009e28   0x00000024   Code   RO         5541    i.MChair_LedFuncReset  funcma_led.o
    0x08009e4c   0x08009e4c   0x00000024   Code   RO         5573    i.MChair_RollerFuncReset_Calves  funcma_roller.o
    0x08009e70   0x08009e70   0x00000024   Code   RO         5574    i.MChair_RollerFuncReset_Feet  funcma_roller.o
    0x08009e94   0x08009e94   0x00000040   Code   RO         5406    i.MChair_SetFuncAutoSpike  funcauto_spike.o
    0x08009ed4   0x08009ed4   0x00000098   Code   RO         5824    i.MChair_TabHandle_CoreAuto  functabhandle.o
    0x08009f6c   0x08009f6c   0x00000098   Code   RO         5825    i.MChair_TabHandle_CoreGasAuto  functabhandle.o
    0x0800a004   0x0800a004   0x000000a2   Code   RO         5826    i.MChair_TabHandle_CoreGasSpikeAuto  functabhandle.o
    0x0800a0a6   0x0800a0a6   0x00000002   PAD
    0x0800a0a8   0x0800a0a8   0x0000018c   Code   RO         5827    i.MChair_TabHandle_CoreMixOtherAuto  functabhandle.o
    0x0800a234   0x0800a234   0x0000008c   Code   RO         5828    i.MChair_TabHandle_CoreSpikeAuto  functabhandle.o
    0x0800a2c0   0x0800a2c0   0x0000007a   Code   RO         5829    i.MChair_TabHandle_GasAuto  functabhandle.o
    0x0800a33a   0x0800a33a   0x00000086   Code   RO         5830    i.MChair_TabHandle_GasSpikeAuto  functabhandle.o
    0x0800a3c0   0x0800a3c0   0x00000094   Code   RO         5831    i.MChair_TabHandle_ResetMixOtherTabStep  functabhandle.o
    0x0800a454   0x0800a454   0x0000006c   Code   RO         5832    i.MChair_TabHandle_SpikeAuto  functabhandle.o
    0x0800a4c0   0x0800a4c0   0x00000250   Code   RO         5833    i.MChair_TabHandle_UpdateMixOtherTabAttr  functabhandle.o
    0x0800a710   0x0800a710   0x000001b8   Code   RO         5834    i.MChair_TabTry_CDPDataObjRx_0x1A_To_0x1F  functabhandle.o
    0x0800a8c8   0x0800a8c8   0x00000080   Code   RO         5835    i.MChair_TabTry_ChInit  functabhandle.o
    0x0800a948   0x0800a948   0x0000009c   Code   RO         5836    i.MChair_TabTry_GetExeStepData  functabhandle.o
    0x0800a9e4   0x0800a9e4   0x00000050   Code   RO         5837    i.MChair_TabTry_UpdateStepHopState  functabhandle.o
    0x0800aa34   0x0800aa34   0x00000024   Code   RO         5626    i.MChair_VibFuncReset_Calves  funcma_vib.o
    0x0800aa58   0x0800aa58   0x00000024   Code   RO         5627    i.MChair_VibFuncReset_Feet  funcma_vib.o
    0x0800aa7c   0x0800aa7c   0x00000024   Code   RO         5628    i.MChair_VibFuncReset_LumbarBack  funcma_vib.o
    0x0800aaa0   0x0800aaa0   0x00000024   Code   RO         5629    i.MChair_VibFuncReset_Seat  funcma_vib.o
    0x0800aac4   0x0800aac4   0x00000026   Code   RO         8056    i.MotorCountUpdata  motorcommon.o
    0x0800aaea   0x0800aaea   0x0000002e   Code   RO         2199    i.PAUSE_OFF         commonlib.o
    0x0800ab18   0x0800ab18   0x0000002e   Code   RO         2200    i.PAUSE_ON          commonlib.o
    0x0800ab46   0x0800ab46   0x00000002   PAD
    0x0800ab48   0x0800ab48   0x00000034   Code   RO         6768    i.Pump_ActionHandle  gas.o
    0x0800ab7c   0x0800ab7c   0x0000027c   Code   RO         3473    i.RealTimeInspect_FaultCheck  realtimeinspect.o
    0x0800adf8   0x0800adf8   0x00000014   Code   RO         3475    i.RealTimeInspect_Init  realtimeinspect.o
    0x0800ae0c   0x0800ae0c   0x00000012   Code   RO         7112    i.Roller_AllPartsHandle  roller.o
    0x0800ae1e   0x0800ae1e   0x00000002   PAD
    0x0800ae20   0x0800ae20   0x00000080   Code   RO         7113    i.Roller_CDPDataObjRx_0x49  roller.o
    0x0800aea0   0x0800aea0   0x0000001c   Code   RO         7114    i.Roller_CDPDataObjTx_0x49  roller.o
    0x0800aebc   0x0800aebc   0x00000028   Code   RO         5575    i.Roller_CalvesGasCtrl  funcma_roller.o
    0x0800aee4   0x0800aee4   0x00000218   Code   RO         7115    i.Roller_CalvesRollerHandle  roller.o
    0x0800b0fc   0x0800b0fc   0x00000030   Code   RO         7116    i.Roller_CalvesRollerPauseOff  roller.o
    0x0800b12c   0x0800b12c   0x00000030   Code   RO         7117    i.Roller_CalvesRollerPauseOn  roller.o
    0x0800b15c   0x0800b15c   0x0000001c   Code   RO         7118    i.Roller_CalvesRollerResetStep  roller.o
    0x0800b178   0x0800b178   0x00000018   Code   RO         7119    i.Roller_ClrFeetRollerKeepAtInitPosition  roller.o
    0x0800b190   0x0800b190   0x00000018   Code   RO         5576    i.Roller_FeetGasCtrl  funcma_roller.o
    0x0800b1a8   0x0800b1a8   0x00000394   Code   RO         7120    i.Roller_FeetRollerHandle  roller.o
    0x0800b53c   0x0800b53c   0x00000030   Code   RO         7121    i.Roller_FeetRollerPauseOff  roller.o
    0x0800b56c   0x0800b56c   0x00000030   Code   RO         7122    i.Roller_FeetRollerPauseOn  roller.o
    0x0800b59c   0x0800b59c   0x00000020   Code   RO         7123    i.Roller_FeetRollerResetStep  roller.o
    0x0800b5bc   0x0800b5bc   0x00000010   Code   RO         7124    i.Roller_GetCSFlag  roller.o
    0x0800b5cc   0x0800b5cc   0x00000010   Code   RO         7126    i.Roller_Handle     roller.o
    0x0800b5dc   0x0800b5dc   0x00000024   Code   RO         7127    i.Roller_Init       roller.o
    0x0800b600   0x0800b600   0x00000020   Code   RO         7128    i.Roller_SetCalvesRollerWorkState  roller.o
    0x0800b620   0x0800b620   0x00000018   Code   RO         7129    i.Roller_SetFeetRollerKeepAtInitPosition  roller.o
    0x0800b638   0x0800b638   0x00000020   Code   RO         7130    i.Roller_SetFeetRollerWorkState  roller.o
    0x0800b658   0x0800b658   0x00000030   Code   RO         3259    i.SaveData_CDPDataObjRx_0x3D  savedata.o
    0x0800b688   0x0800b688   0x00000040   Code   RO         3260    i.SaveData_CDPDataObjRx_0x3E  savedata.o
    0x0800b6c8   0x0800b6c8   0x0000002c   Code   RO         3261    i.SaveData_GetBackSpikeMotorRunTimeHour  savedata.o
    0x0800b6f4   0x0800b6f4   0x0000002c   Code   RO         3262    i.SaveData_GetFeetSpikeMotorRunTimeHour  savedata.o
    0x0800b720   0x0800b720   0x0000003c   Code   RO         3263    i.SaveData_GetIDCode  savedata.o
    0x0800b75c   0x0800b75c   0x00000010   Code   RO         3264    i.SaveData_GetIDCodeWriteCount  savedata.o
    0x0800b76c   0x0800b76c   0x0000002c   Code   RO         3266    i.SaveData_GetSysRunTimeHour  savedata.o
    0x0800b798   0x0800b798   0x0000002c   Code   RO         3267    i.SaveData_GetTCSMotorRunTimeHour  savedata.o
    0x0800b7c4   0x0800b7c4   0x0000002c   Code   RO         3268    i.SaveData_GetXMotorRunTimeHour  savedata.o
    0x0800b7f0   0x0800b7f0   0x0000002c   Code   RO         3269    i.SaveData_GetYMotorRunTimeHour  savedata.o
    0x0800b81c   0x0800b81c   0x0000002c   Code   RO         3270    i.SaveData_GetZMotorRunTimeHour  savedata.o
    0x0800b848   0x0800b848   0x00000010   Code   RO         3272    i.SaveData_Handle   savedata.o
    0x0800b858   0x0800b858   0x00000094   Code   RO         3273    i.SaveData_Load     savedata.o
    0x0800b8ec   0x0800b8ec   0x00000148   Code   RO         3274    i.SaveData_Update   savedata.o
    0x0800ba34   0x0800ba34   0x00000058   Code   RO         3275    i.SaveData_WriteIDCode  savedata.o
    0x0800ba8c   0x0800ba8c   0x00000018   Code   RO         5980    i.ServerCDPDataObjID  cdp.o
    0x0800baa4   0x0800baa4   0x00000054   Code   RO         8082    i.Server_CDPDataObjRX_0x0040  server.o
    0x0800baf8   0x0800baf8   0x00000054   Code   RO         8083    i.Server_CDPDataObjRX_0x0042  server.o
    0x0800bb4c   0x0800bb4c   0x00000054   Code   RO         8084    i.Server_CDPDataObjRX_0x0043  server.o
    0x0800bba0   0x0800bba0   0x00000084   Code   RO         8085    i.Server_CDPDataObjRX_0x0702  server.o
    0x0800bc24   0x0800bc24   0x00000050   Code   RO         8086    i.Server_CDPDataObjRX_0x0901  server.o
    0x0800bc74   0x0800bc74   0x00000022   Code   RO         8087    i.Server_CDPDataObjRX_0x0912  server.o
    0x0800bc96   0x0800bc96   0x00000002   PAD
    0x0800bc98   0x0800bc98   0x00000050   Code   RO         8088    i.Server_CDPDataObjRX_0x0913  server.o
    0x0800bce8   0x0800bce8   0x0000004c   Code   RO         8089    i.Server_CDPDataObjRX_0x0C60  server.o
    0x0800bd34   0x0800bd34   0x0000001c   Code   RO         8090    i.Server_CDPDataObjRX_0x0D01  server.o
    0x0800bd50   0x0800bd50   0x0000001c   Code   RO         8091    i.Server_CDPDataObjRX_0x0D02  server.o
    0x0800bd6c   0x0800bd6c   0x00000030   Code   RO         8092    i.Server_CDPDataObjTx_0x0040  server.o
    0x0800bd9c   0x0800bd9c   0x00000030   Code   RO         8093    i.Server_CDPDataObjTx_0x0041  server.o
    0x0800bdcc   0x0800bdcc   0x00000048   Code   RO         8094    i.Server_CDPDataObjTx_0x0042  server.o
    0x0800be14   0x0800be14   0x00000034   Code   RO         8095    i.Server_CDPDataObjTx_0x0043  server.o
    0x0800be48   0x0800be48   0x0000004c   Code   RO         8096    i.Server_CDPDataObjTx_0x004C  server.o
    0x0800be94   0x0800be94   0x00000080   Code   RO         8097    i.Server_CDPDataObjTx_0x004D  server.o
    0x0800bf14   0x0800bf14   0x00000030   Code   RO         8098    i.Server_CDPDataObjTx_0x0912  server.o
    0x0800bf44   0x0800bf44   0x00000184   Code   RO         8099    i.Server_CDPDataObjTx_0x0D01  server.o
    0x0800c0c8   0x0800c0c8   0x00000114   Code   RO         8100    i.Server_CDPDataObjTx_0x0D02  server.o
    0x0800c1dc   0x0800c1dc   0x00000018   Code   RO         8101    i.Server_GetCSFlag  server.o
    0x0800c1f4   0x0800c1f4   0x00000048   Code   RO         8103    i.Server_ReReportedData  server.o
    0x0800c23c   0x0800c23c   0x00000050   Code   RO         8104    i.Server_SetIntData  server.o
    0x0800c28c   0x0800c28c   0x00000018   Code   RO         8105    i.Server_SetIntState  server.o
    0x0800c2a4   0x0800c2a4   0x00000018   Code   RO         8106    i.Server_SetKeyExeState  server.o
    0x0800c2bc   0x0800c2bc   0x0000009c   Code   RO         5981    i.SideCtrl_CDPDataObjRx_0x50  cdp.o
    0x0800c358   0x0800c358   0x00000178   Code   RO         5982    i.SideCtrl_CDPDataObjTx_0x50  cdp.o
    0x0800c4d0   0x0800c4d0   0x0000000c   Code   RO         7750    i.Spike_GetCSFlag   spike.o
    0x0800c4dc   0x0800c4dc   0x0000001c   Code   RO         7755    i.Spike_Handle      spike.o
    0x0800c4f8   0x0800c4f8   0x0000005c   Code   RO         7756    i.Spike_Init        spike.o
    0x0800c554   0x0800c554   0x0000002c   Code   RO         7757    i.Spike_LegLenDetectPauseOff  spike.o
    0x0800c580   0x0800c580   0x0000002c   Code   RO         7758    i.Spike_LegLenDetectPauseOn  spike.o
    0x0800c5ac   0x0800c5ac   0x00000020   Code   RO         7759    i.Spike_LegLenDetectRedo  spike.o
    0x0800c5cc   0x0800c5cc   0x00000614   Code   RO         7760    i.Spike_MoveActionHandle  spike.o
    0x0800cbe0   0x0800cbe0   0x00000098   Code   RO         7761    i.Spike_ResetHandle  spike.o
    0x0800cc78   0x0800cc78   0x0000001c   Code   RO         7762    i.Spike_SetAngle    spike.o
    0x0800cc94   0x0800cc94   0x0000003c   Code   RO         7763    i.Spike_SetBackAngle  spike.o
    0x0800ccd0   0x0800ccd0   0x00000038   Code   RO         7764    i.Spike_SetBackMove  spike.o
    0x0800cd08   0x0800cd08   0x0000003c   Code   RO         7765    i.Spike_SetFeetAngle  spike.o
    0x0800cd44   0x0800cd44   0x00000024   Code   RO         7766    i.Spike_SetFeetMove  spike.o
    0x0800cd68   0x0800cd68   0x00000064   Code   RO         7767    i.Spike_SetLegFlexAngle  spike.o
    0x0800cdcc   0x0800cdcc   0x00000048   Code   RO         7768    i.Spike_SetLegFlexMove  spike.o
    0x0800ce14   0x0800ce14   0x0000000c   Code   RO         7769    i.Spike_SetLegLenDetectExtendMax  spike.o
    0x0800ce20   0x0800ce20   0x00000020   Code   RO         7770    i.Spike_SetLegLenDetectSw  spike.o
    0x0800ce40   0x0800ce40   0x00000042   Code   RO         7771    i.Spike_SetMoveAction  spike.o
    0x0800ce82   0x0800ce82   0x00000002   PAD
    0x0800ce84   0x0800ce84   0x0000002c   Code   RO         7772    i.Spike_SetULegFlexAngle  spike.o
    0x0800ceb0   0x0800ceb0   0x00000018   Code   RO         7773    i.Spike_SetULegFlexMove  spike.o
    0x0800cec8   0x0800cec8   0x0000003c   Code   RO         7774    i.Spike_SetZeroAngle  spike.o
    0x0800cf04   0x0800cf04   0x00000024   Code   RO         7775    i.Spike_SetZeroMove  spike.o
    0x0800cf28   0x0800cf28   0x00000014   Code   RO         7776    i.Spike_SetZeroSafetyAngleLimitRef  spike.o
    0x0800cf3c   0x0800cf3c   0x00000040   Code   RO         4007    i.StandBy_EnterSysModeVender  sysmode_standby.o
    0x0800cf7c   0x0800cf7c   0x00000018   Code   RO         4008    i.StandBy_GetKeyValID  sysmode_standby.o
    0x0800cf94   0x0800cf94   0x00000014   Code   RO         4009    i.StandBy_Key_EngiModeSelect  sysmode_standby.o
    0x0800cfa8   0x0800cfa8   0x0000000e   Code   RO         4010    i.StandBy_Key_InspectAuto  sysmode_standby.o
    0x0800cfb6   0x0800cfb6   0x0000000e   Code   RO         4011    i.StandBy_Key_InspectManual  sysmode_standby.o
    0x0800cfc4   0x0800cfc4   0x0000000e   Code   RO         4012    i.StandBy_Key_NoKeyPress  sysmode_standby.o
    0x0800cfd2   0x0800cfd2   0x0000000e   Code   RO         4013    i.StandBy_Key_PackingAngle  sysmode_standby.o
    0x0800cfe0   0x0800cfe0   0x0000003c   Code   RO         4014    i.StandBy_Key_Pause  sysmode_standby.o
    0x0800d01c   0x0800d01c   0x0000000a   Code   RO         4015    i.StandBy_Key_Power  sysmode_standby.o
    0x0800d026   0x0800d026   0x00000002   PAD
    0x0800d028   0x0800d028   0x000000d8   Code   RO         4017    i.StandBy_Key_SpikeBackDownFeetUp  sysmode_standby.o
    0x0800d100   0x0800d100   0x000000d8   Code   RO         4019    i.StandBy_Key_SpikeBackUpFeetDown  sysmode_standby.o
    0x0800d1d8   0x0800d1d8   0x00000094   Code   RO         4020    i.StandBy_Key_SpikeFeetDown  sysmode_standby.o
    0x0800d26c   0x0800d26c   0x00000094   Code   RO         4021    i.StandBy_Key_SpikeFeetUp  sysmode_standby.o
    0x0800d300   0x0800d300   0x000000e0   Code   RO         4022    i.StandBy_Key_SpikeHomeReset  sysmode_standby.o
    0x0800d3e0   0x0800d3e0   0x00000080   Code   RO         4023    i.StandBy_Key_SpikeLegExtend  sysmode_standby.o
    0x0800d460   0x0800d460   0x0000007c   Code   RO         4024    i.StandBy_Key_SpikeLegShorten  sysmode_standby.o
    0x0800d4dc   0x0800d4dc   0x000000f8   Code   RO         4027    i.StandBy_Key_SpikeZeroGravity  sysmode_standby.o
    0x0800d5d4   0x0800d5d4   0x000000e0   Code   RO         4028    i.StandBy_Key_SpikeZeroGravity1  sysmode_standby.o
    0x0800d6b4   0x0800d6b4   0x000000e0   Code   RO         4029    i.StandBy_Key_SpikeZeroGravity2  sysmode_standby.o
    0x0800d794   0x0800d794   0x0000000e   Code   RO         4030    i.StandBy_Key_TestAge  sysmode_standby.o
    0x0800d7a2   0x0800d7a2   0x0000000e   Code   RO         4031    i.StandBy_Key_TestNoTimer  sysmode_standby.o
    0x0800d7b0   0x0800d7b0   0x0000000e   Code   RO         4032    i.StandBy_Key_TestOther1  sysmode_standby.o
    0x0800d7be   0x0800d7be   0x0000000e   Code   RO         4033    i.StandBy_Key_TestSpike  sysmode_standby.o
    0x0800d7cc   0x0800d7cc   0x00000078   Code   RO         4034    i.Standby_KeyValAdditonOp  sysmode_standby.o
    0x0800d844   0x0800d844   0x00000034   Code   RO         3923    i.SysMode_DefaultKeyValHandle  sysmode.o
    0x0800d878   0x0800d878   0x00000044   Code   RO         3924    i.SysMode_ERPPowerHandle  sysmode.o
    0x0800d8bc   0x0800d8bc   0x0000008c   Code   RO         3925    i.SysMode_Handle    sysmode.o
    0x0800d948   0x0800d948   0x00000038   Code   RO         3926    i.SysMode_Init      sysmode.o
    0x0800d980   0x0800d980   0x00000044   Code   RO         4704    i.SysMode_InspectAuto_Handle  sysmode_venderinspectauto.o
    0x0800d9c4   0x0800d9c4   0x00000002   Code   RO         4705    i.SysMode_InspectAuto_Init  sysmode_venderinspectauto.o
    0x0800d9c6   0x0800d9c6   0x00000002   PAD
    0x0800d9c8   0x0800d9c8   0x000003d0   Code   RO         4706    i.SysMode_InspectAuto_Timer  sysmode_venderinspectauto.o
    0x0800dd98   0x0800dd98   0x00000030   Code   RO         4736    i.SysMode_InspectManual_Handle  sysmode_venderinspectmannual.o
    0x0800ddc8   0x0800ddc8   0x00000002   Code   RO         4737    i.SysMode_InspectManual_Init  sysmode_venderinspectmannual.o
    0x0800ddca   0x0800ddca   0x00000002   PAD
    0x0800ddcc   0x0800ddcc   0x00000208   Code   RO         4738    i.SysMode_InspectManual_Timer  sysmode_venderinspectmannual.o
    0x0800dfd4   0x0800dfd4   0x00000030   Code   RO         4768    i.SysMode_InspectOther1_Handle  sysmode_venderinspectother1.o
    0x0800e004   0x0800e004   0x00000002   Code   RO         4769    i.SysMode_InspectOther1_Init  sysmode_venderinspectother1.o
    0x0800e006   0x0800e006   0x00000002   PAD
    0x0800e008   0x0800e008   0x00000204   Code   RO         4770    i.SysMode_InspectOther1_Timer  sysmode_venderinspectother1.o
    0x0800e20c   0x0800e20c   0x00000030   Code   RO         4800    i.SysMode_InspectOther2_Handle  sysmode_venderinspectother2.o
    0x0800e23c   0x0800e23c   0x00000002   Code   RO         4801    i.SysMode_InspectOther2_Init  sysmode_venderinspectother2.o
    0x0800e23e   0x0800e23e   0x00000002   PAD
    0x0800e240   0x0800e240   0x00000320   Code   RO         4802    i.SysMode_InspectOther2_Timer  sysmode_venderinspectother2.o
    0x0800e560   0x0800e560   0x00000074   Code   RO         3927    i.SysMode_OnOffKeyCheck  sysmode.o
    0x0800e5d4   0x0800e5d4   0x000000a4   Code   RO         4832    i.SysMode_Packing_Handle  sysmode_venderpacking.o
    0x0800e678   0x0800e678   0x00000238   Code   RO         3928    i.SysMode_PauseHandle  sysmode.o
    0x0800e8b0   0x0800e8b0   0x0000003c   Code   RO         4035    i.SysMode_StandBy_EngiModeSelcetTLHandle  sysmode_standby.o
    0x0800e8ec   0x0800e8ec   0x00000064   Code   RO         4036    i.SysMode_Standby_Enter  sysmode_standby.o
    0x0800e950   0x0800e950   0x0000023c   Code   RO         4037    i.SysMode_Standby_Handle  sysmode_standby.o
    0x0800eb8c   0x0800eb8c   0x00000028   Code   RO         4038    i.SysMode_Standby_Init  sysmode_standby.o
    0x0800ebb4   0x0800ebb4   0x00000030   Code   RO         4951    i.SysMode_TestSpike_Handle  sysmode_vendertestspike.o
    0x0800ebe4   0x0800ebe4   0x00000002   Code   RO         4952    i.SysMode_TestSpike_Init  sysmode_vendertestspike.o
    0x0800ebe6   0x0800ebe6   0x00000002   PAD
    0x0800ebe8   0x0800ebe8   0x0000005c   Code   RO         4953    i.SysMode_TestSpike_Timer  sysmode_vendertestspike.o
    0x0800ec44   0x0800ec44   0x0000010c   Code   RO         4205    i.SysMode_UserRun_Enter  sysmode_userrun.o
    0x0800ed50   0x0800ed50   0x00000068   Code   RO         4206    i.SysMode_UserRun_Handle  sysmode_userrun.o
    0x0800edb8   0x0800edb8   0x00000028   Code   RO         4207    i.SysMode_UserRun_Init  sysmode_userrun.o
    0x0800ede0   0x0800ede0   0x00000300   Code   RO         4208    i.SysMode_UserRun_Timer  sysmode_userrun.o
    0x0800f0e0   0x0800f0e0   0x00000010   Code   RO         2345    i.SysTick_Handler   bsp_systicker.o
    0x0800f0f0   0x0800f0f0   0x00000010   Code   RO         1947    i.SystemInit        system_gd32f30x.o
    0x0800f100   0x0800f100   0x00000054   Code   RO         3193    i.System_EvtHandle  system.o
    0x0800f154   0x0800f154   0x0000001a   Code   RO         3194    i.System_EvtHandle_CDPRx  system.o
    0x0800f16e   0x0800f16e   0x00000002   PAD
    0x0800f170   0x0800f170   0x00000170   Code   RO         3195    i.System_Handle     system.o
    0x0800f2e0   0x0800f2e0   0x000000c0   Code   RO         3196    i.System_Init       system.o
    0x0800f3a0   0x0800f3a0   0x000000a4   Code   RO         2516    i.TIMER6_IRQHandler  bsp_gpio.o
    0x0800f444   0x0800f444   0x00000002   Code   RO         2397    i.UART3_IRQHandler  bsp_uart.o
    0x0800f446   0x0800f446   0x00000002   Code   RO         2398    i.UART4_IRQHandler  bsp_uart.o
    0x0800f448   0x0800f448   0x0000000a   Code   RO         2399    i.USART0_IRQHandler  bsp_uart.o
    0x0800f452   0x0800f452   0x0000000a   Code   RO         2400    i.USART1_IRQHandler  bsp_uart.o
    0x0800f45c   0x0800f45c   0x0000000a   Code   RO         2401    i.USART2_IRQHandler  bsp_uart.o
    0x0800f466   0x0800f466   0x00000002   PAD
    0x0800f468   0x0800f468   0x00000178   Code   RO         2402    i.USART_IRQHandler  bsp_uart.o
    0x0800f5e0   0x0800f5e0   0x00000038   Code   RO         4209    i.UserRun_EnterSysModeVender  sysmode_userrun.o
    0x0800f618   0x0800f618   0x00000018   Code   RO         4210    i.UserRun_GetKeyValID  sysmode_userrun.o
    0x0800f630   0x0800f630   0x000000a4   Code   RO         4211    i.UserRun_KeyValAdditonOp  sysmode_userrun.o
    0x0800f6d4   0x0800f6d4   0x00000004   Code   RO         4212    i.UserRun_Key_AutoGridCombo  sysmode_userrun.o
    0x0800f6d8   0x0800f6d8   0x00000054   Code   RO         4213    i.UserRun_Key_AutoLady  sysmode_userrun.o
    0x0800f72c   0x0800f72c   0x00000054   Code   RO         4214    i.UserRun_Key_AutoLumbarButtockPress  sysmode_userrun.o
    0x0800f780   0x0800f780   0x00000054   Code   RO         4215    i.UserRun_Key_AutoLumbarButtockRecovery  sysmode_userrun.o
    0x0800f7d4   0x0800f7d4   0x00000054   Code   RO         4216    i.UserRun_Key_AutoLumbarButtockRelax  sysmode_userrun.o
    0x0800f828   0x0800f828   0x00000054   Code   RO         4217    i.UserRun_Key_AutoLumbarKidneyCare  sysmode_userrun.o
    0x0800f87c   0x0800f87c   0x00000054   Code   RO         4218    i.UserRun_Key_AutoMan  sysmode_userrun.o
    0x0800f8d0   0x0800f8d0   0x00000054   Code   RO         4219    i.UserRun_Key_AutoMoveSleep  sysmode_userrun.o
    0x0800f924   0x0800f924   0x00000054   Code   RO         4220    i.UserRun_Key_AutoQuick  sysmode_userrun.o
    0x0800f978   0x0800f978   0x00000054   Code   RO         4221    i.UserRun_Key_AutoRelax  sysmode_userrun.o
    0x0800f9cc   0x0800f9cc   0x00000054   Code   RO         4222    i.UserRun_Key_AutoScraping  sysmode_userrun.o
    0x0800fa20   0x0800fa20   0x00000054   Code   RO         4223    i.UserRun_Key_AutoShiatsu  sysmode_userrun.o
    0x0800fa74   0x0800fa74   0x00000054   Code   RO         4224    i.UserRun_Key_AutoShoulderRecovery  sysmode_userrun.o
    0x0800fac8   0x0800fac8   0x00000054   Code   RO         4225    i.UserRun_Key_AutoShoulderRelax  sysmode_userrun.o
    0x0800fb1c   0x0800fb1c   0x00000054   Code   RO         4226    i.UserRun_Key_AutoShoulderShiatsu  sysmode_userrun.o
    0x0800fb70   0x0800fb70   0x00000054   Code   RO         4227    i.UserRun_Key_AutoShoulderTuina  sysmode_userrun.o
    0x0800fbc4   0x0800fbc4   0x00000054   Code   RO         4228    i.UserRun_Key_AutoStretch  sysmode_userrun.o
    0x0800fc18   0x0800fc18   0x00000034   Code   RO         4229    i.UserRun_Key_BluetoothSwitch  sysmode_userrun.o
    0x0800fc4c   0x0800fc4c   0x0000000e   Code   RO         4230    i.UserRun_Key_BodyCheckOk  sysmode_userrun.o
    0x0800fc5a   0x0800fc5a   0x00000002   PAD
    0x0800fc5c   0x0800fc5c   0x00000074   Code   RO         4232    i.UserRun_Key_CoreClap  sysmode_userrun.o
    0x0800fcd0   0x0800fcd0   0x000000c8   Code   RO         4233    i.UserRun_Key_CoreFlexLevel  sysmode_userrun.o
    0x0800fd98   0x0800fd98   0x00000050   Code   RO         4234    i.UserRun_Key_CoreKnead  sysmode_userrun.o
    0x0800fde8   0x0800fde8   0x000000b4   Code   RO         4236    i.UserRun_Key_CoreMannualBack  sysmode_userrun.o
    0x0800fe9c   0x0800fe9c   0x00000070   Code   RO         4237    i.UserRun_Key_CoreMannualDown  sysmode_userrun.o
    0x0800ff0c   0x0800ff0c   0x000000b8   Code   RO         4238    i.UserRun_Key_CoreMannualFront  sysmode_userrun.o
    0x0800ffc4   0x0800ffc4   0x00000070   Code   RO         4241    i.UserRun_Key_CoreMannualUp  sysmode_userrun.o
    0x08010034   0x08010034   0x00000054   Code   RO         4242    i.UserRun_Key_CorePart  sysmode_userrun.o
    0x08010088   0x08010088   0x0000002c   Code   RO         4243    i.UserRun_Key_CoreRoll  sysmode_userrun.o
    0x080100b4   0x080100b4   0x00000074   Code   RO         4244    i.UserRun_Key_CoreShiatsu  sysmode_userrun.o
    0x08010128   0x08010128   0x00000054   Code   RO         4245    i.UserRun_Key_CoreSpot  sysmode_userrun.o
    0x0801017c   0x0801017c   0x00000064   Code   RO         4248    i.UserRun_Key_CoreTCSSpeed  sysmode_userrun.o
    0x080101e0   0x080101e0   0x0000005c   Code   RO         4249    i.UserRun_Key_CoreTCSSpeedAdd  sysmode_userrun.o
    0x0801023c   0x0801023c   0x0000005c   Code   RO         4250    i.UserRun_Key_CoreTCSSpeedDec  sysmode_userrun.o
    0x08010298   0x08010298   0x00000074   Code   RO         4251    i.UserRun_Key_CoreTap  sysmode_userrun.o
    0x0801030c   0x0801030c   0x0000006c   Code   RO         4253    i.UserRun_Key_CoreWidth  sysmode_userrun.o
    0x08010378   0x08010378   0x00000064   Code   RO         4254    i.UserRun_Key_CoreWidthAdd  sysmode_userrun.o
    0x080103dc   0x080103dc   0x00000060   Code   RO         4255    i.UserRun_Key_CoreWidthDec  sysmode_userrun.o
    0x0801043c   0x0801043c   0x00000030   Code   RO         4256    i.UserRun_Key_CoreXYZAction  sysmode_userrun.o
    0x0801046c   0x0801046c   0x00000084   Code   RO         4257    i.UserRun_Key_CoreXYZSpeed  sysmode_userrun.o
    0x080104f0   0x080104f0   0x00000074   Code   RO         4258    i.UserRun_Key_CoreXYZSpeedAdd  sysmode_userrun.o
    0x08010564   0x08010564   0x0000006c   Code   RO         4259    i.UserRun_Key_CoreXYZSpeedDec  sysmode_userrun.o
    0x080105d0   0x080105d0   0x00000044   Code   RO         4260    i.UserRun_Key_GasArms  sysmode_userrun.o
    0x08010614   0x08010614   0x00000044   Code   RO         4261    i.UserRun_Key_GasCalves  sysmode_userrun.o
    0x08010658   0x08010658   0x0000002c   Code   RO         4264    i.UserRun_Key_GasFullGas  sysmode_userrun.o
    0x08010684   0x08010684   0x00000074   Code   RO         4266    i.UserRun_Key_GasIntensity  sysmode_userrun.o
    0x080106f8   0x080106f8   0x00000070   Code   RO         4267    i.UserRun_Key_GasIntensityAdd  sysmode_userrun.o
    0x08010768   0x08010768   0x00000070   Code   RO         4268    i.UserRun_Key_GasIntensityDec  sysmode_userrun.o
    0x080107d8   0x080107d8   0x00000044   Code   RO         4270    i.UserRun_Key_GasLumbarSeat  sysmode_userrun.o
    0x0801081c   0x0801081c   0x000000c4   Code   RO         4271    i.UserRun_Key_GasPartSelcet  sysmode_userrun.o
    0x080108e0   0x080108e0   0x0000002c   Code   RO         4272    i.UserRun_Key_GasQuickGas  sysmode_userrun.o
    0x0801090c   0x0801090c   0x00000044   Code   RO         4274    i.UserRun_Key_GasShoulder  sysmode_userrun.o
    0x08010950   0x08010950   0x000000ac   Code   RO         4277    i.UserRun_Key_HeatLumbarBack  sysmode_userrun.o
    0x080109fc   0x080109fc   0x0000000e   Code   RO         4279    i.UserRun_Key_InspectAuto  sysmode_userrun.o
    0x08010a0a   0x08010a0a   0x0000000e   Code   RO         4280    i.UserRun_Key_InspectManual  sysmode_userrun.o
    0x08010a18   0x08010a18   0x0000000e   Code   RO         4281    i.UserRun_Key_InspectOther1  sysmode_userrun.o
    0x08010a26   0x08010a26   0x0000000e   Code   RO         4282    i.UserRun_Key_InspectOther2  sysmode_userrun.o
    0x08010a34   0x08010a34   0x00000016   Code   RO         4283    i.UserRun_Key_NoKeyPress  sysmode_userrun.o
    0x08010a4a   0x08010a4a   0x0000000e   Code   RO         4284    i.UserRun_Key_PackingAngle  sysmode_userrun.o
    0x08010a58   0x08010a58   0x0000003c   Code   RO         4285    i.UserRun_Key_Pause  sysmode_userrun.o
    0x08010a94   0x08010a94   0x0000000e   Code   RO         4286    i.UserRun_Key_Power  sysmode_userrun.o
    0x08010aa2   0x08010aa2   0x00000002   PAD
    0x08010aa4   0x08010aa4   0x0000009c   Code   RO         4287    i.UserRun_Key_RollerCalves  sysmode_userrun.o
    0x08010b40   0x08010b40   0x0000009c   Code   RO         4288    i.UserRun_Key_RollerFeet  sysmode_userrun.o
    0x08010bdc   0x08010bdc   0x00000030   Code   RO         4289    i.UserRun_Key_SleepLed  sysmode_userrun.o
    0x08010c0c   0x08010c0c   0x0000000e   Code   RO         4290    i.UserRun_Key_TestAge  sysmode_userrun.o
    0x08010c1a   0x08010c1a   0x0000000e   Code   RO         4291    i.UserRun_Key_TestNoTimer  sysmode_userrun.o
    0x08010c28   0x08010c28   0x0000000e   Code   RO         4292    i.UserRun_Key_TestSpike  sysmode_userrun.o
    0x08010c36   0x08010c36   0x00000002   PAD
    0x08010c38   0x08010c38   0x000000ac   Code   RO         4293    i.UserRun_Key_Timer  sysmode_userrun.o
    0x08010ce4   0x08010ce4   0x0000001e   Code   RO         7248    i.Vib_AllPartsHandle  vib.o
    0x08010d02   0x08010d02   0x00000002   PAD
    0x08010d04   0x08010d04   0x00000024   Code   RO         7249    i.Vib_CDPDataObjRx_0x4A  vib.o
    0x08010d28   0x08010d28   0x00000002   Code   RO         7251    i.Vib_CalvesVibHandle  vib.o
    0x08010d2a   0x08010d2a   0x00000002   Code   RO         7252    i.Vib_CalvesVibPauseOff  vib.o
    0x08010d2c   0x08010d2c   0x00000002   Code   RO         7253    i.Vib_CalvesVibPauseOn  vib.o
    0x08010d2e   0x08010d2e   0x00000002   Code   RO         7254    i.Vib_CalvesVibResetStep  vib.o
    0x08010d30   0x08010d30   0x0000014c   Code   RO         7255    i.Vib_FeetVibHandle  vib.o
    0x08010e7c   0x08010e7c   0x00000030   Code   RO         7256    i.Vib_FeetVibPauseOff  vib.o
    0x08010eac   0x08010eac   0x00000030   Code   RO         7257    i.Vib_FeetVibPauseOn  vib.o
    0x08010edc   0x08010edc   0x0000001c   Code   RO         7258    i.Vib_FeetVibResetStep  vib.o
    0x08010ef8   0x08010ef8   0x0000000c   Code   RO         7259    i.Vib_GetCSFlag     vib.o
    0x08010f04   0x08010f04   0x00000010   Code   RO         7260    i.Vib_Handle        vib.o
    0x08010f14   0x08010f14   0x00000028   Code   RO         7261    i.Vib_Init          vib.o
    0x08010f3c   0x08010f3c   0x00000002   Code   RO         7262    i.Vib_LumbarBackVibHandle  vib.o
    0x08010f3e   0x08010f3e   0x00000002   Code   RO         7263    i.Vib_LumbarBackVibPauseOff  vib.o
    0x08010f40   0x08010f40   0x00000002   Code   RO         7264    i.Vib_LumbarBackVibPauseOn  vib.o
    0x08010f42   0x08010f42   0x00000002   Code   RO         7265    i.Vib_LumbarBackVibResetStep  vib.o
    0x08010f44   0x08010f44   0x00000002   Code   RO         7266    i.Vib_SeatVibHandle  vib.o
    0x08010f46   0x08010f46   0x00000002   Code   RO         7267    i.Vib_SeatVibPauseOff  vib.o
    0x08010f48   0x08010f48   0x00000002   Code   RO         7268    i.Vib_SeatVibPauseOn  vib.o
    0x08010f4a   0x08010f4a   0x00000002   Code   RO         7269    i.Vib_SeatVibResetStep  vib.o
    0x08010f4c   0x08010f4c   0x00000002   Code   RO         7270    i.Vib_SetCalvesVibWorkState  vib.o
    0x08010f4e   0x08010f4e   0x00000002   PAD
    0x08010f50   0x08010f50   0x00000020   Code   RO         7271    i.Vib_SetFeetVibWorkState  vib.o
    0x08010f70   0x08010f70   0x00000002   Code   RO         7272    i.Vib_SetLumbarBackVibWorkState  vib.o
    0x08010f72   0x08010f72   0x00000002   Code   RO         7273    i.Vib_SetSeatVibWorkState  vib.o
    0x08010f74   0x08010f74   0x0000001c   Code   RO         8107    i.VoiceKey_AutoLadyOn  server.o
    0x08010f90   0x08010f90   0x0000001c   Code   RO         8108    i.VoiceKey_AutoManOn  server.o
    0x08010fac   0x08010fac   0x0000001c   Code   RO         8109    i.VoiceKey_AutoMoveSleepOn  server.o
    0x08010fc8   0x08010fc8   0x0000001c   Code   RO         8110    i.VoiceKey_AutoQuickOn  server.o
    0x08010fe4   0x08010fe4   0x0000001c   Code   RO         8111    i.VoiceKey_AutoRelaxOn  server.o
    0x08011000   0x08011000   0x0000001c   Code   RO         8112    i.VoiceKey_AutoScrapingOn  server.o
    0x0801101c   0x0801101c   0x0000001c   Code   RO         8113    i.VoiceKey_AutoShiatsuOn  server.o
    0x08011038   0x08011038   0x0000001c   Code   RO         8114    i.VoiceKey_AutoStretchOn  server.o
    0x08011054   0x08011054   0x00000006   Code   RO         8115    i.VoiceKey_Default  server.o
    0x0801105a   0x0801105a   0x00000002   PAD
    0x0801105c   0x0801105c   0x0000001c   Code   RO         8116    i.VoiceKey_HeatLumbarBackOff  server.o
    0x08011078   0x08011078   0x00000018   Code   RO         8117    i.VoiceKey_HeatLumbarBackOn  server.o
    0x08011090   0x08011090   0x0000001c   Code   RO         8118    i.VoiceKey_PauseOff  server.o
    0x080110ac   0x080110ac   0x0000001c   Code   RO         8119    i.VoiceKey_PauseOn  server.o
    0x080110c8   0x080110c8   0x0000001c   Code   RO         8120    i.VoiceKey_PowerOff  server.o
    0x080110e4   0x080110e4   0x0000001c   Code   RO         8121    i.VoiceKey_PowerOn  server.o
    0x08011100   0x08011100   0x00000018   Code   RO         8122    i.VoiceLogicID      server.o
    0x08011118   0x08011118   0x0000000c   Code   RO         7952    i.ZeroSpike_GetCSFlag  zerospike.o
    0x08011124   0x08011124   0x0000000c   Code   RO         7953    i.ZeroSpike_GetPosition  zerospike.o
    0x08011130   0x08011130   0x0000001c   Code   RO         7954    i.ZeroSpike_Init    zerospike.o
    0x0801114c   0x0801114c   0x00000030   Code   RO         7956    i.ZeroSpike_PauseOff  zerospike.o
    0x0801117c   0x0801117c   0x00000030   Code   RO         7957    i.ZeroSpike_PauseOn  zerospike.o
    0x080111ac   0x080111ac   0x00000028   Code   RO         7961    i.ZeroSpike_ResetPosition  zerospike.o
    0x080111d4   0x080111d4   0x00000020   Code   RO         7963    i.ZeroSpike_SetCountFaultCheckSw  zerospike.o
    0x080111f4   0x080111f4   0x00000018   Code   RO         7964    i.ZeroSpike_SetPosition  zerospike.o
    0x0801120c   0x0801120c   0x0000000e   Code   RO         8406    i.__scatterload_copy  mc_w.l(handlers.o)
    0x0801121a   0x0801121a   0x00000002   Code   RO         8407    i.__scatterload_null  mc_w.l(handlers.o)
    0x0801121c   0x0801121c   0x0000000e   Code   RO         8408    i.__scatterload_zeroinit  mc_w.l(handlers.o)
    0x0801122a   0x0801122a   0x00000006   Code   RO         2928    i.__set_PRIMASK     bsp_flash.o
    0x08011230   0x08011230   0x00000006   Code   RO         2965    i.__set_PRIMASK     bsp_feep.o
    0x08011236   0x08011236   0x0000002e   Code   RO           27    i.adc_inserted_data_read  gd32f30x_adc.o
    0x08011264   0x08011264   0x00000008   Code   RO           30    i.adc_interrupt_flag_clear  gd32f30x_adc.o
    0x0801126c   0x0801126c   0x0000000c   Code   RO         2530    i.drv_gpio_remap_TIMER3_PD12_13_14_15  bsp_gpio.o
    0x08011278   0x08011278   0x0000000c   Code   RO         2531    i.drv_gpio_remap_USART0_TX_PA9_RX_PA10  bsp_gpio.o
    0x08011284   0x08011284   0x0000000c   Code   RO         2534    i.drv_gpio_remap_USART1_TX_PD5_RX_PD6  bsp_gpio.o
    0x08011290   0x08011290   0x0000000e   Code   RO         2535    i.drv_gpio_remap_USART2_TX_PB10_RX_PB11  bsp_gpio.o
    0x0801129e   0x0801129e   0x00000002   PAD
    0x080112a0   0x080112a0   0x0000000c   Code   RO          352    i.exti_interrupt_flag_clear  gd32f30x_exti.o
    0x080112ac   0x080112ac   0x00000024   Code   RO          353    i.exti_interrupt_flag_get  gd32f30x_exti.o
    0x080112d0   0x080112d0   0x00000022   Code   RO          432    i.fmc_bank0_ready_wait  gd32f30x_fmc.o
    0x080112f2   0x080112f2   0x00000002   PAD
    0x080112f4   0x080112f4   0x00000030   Code   RO          433    i.fmc_bank0_state_get  gd32f30x_fmc.o
    0x08011324   0x08011324   0x00000022   Code   RO          437    i.fmc_bank1_ready_wait  gd32f30x_fmc.o
    0x08011346   0x08011346   0x00000002   PAD
    0x08011348   0x08011348   0x00000030   Code   RO          438    i.fmc_bank1_state_get  gd32f30x_fmc.o
    0x08011378   0x08011378   0x00000020   Code   RO          440    i.fmc_flag_clear    gd32f30x_fmc.o
    0x08011398   0x08011398   0x0000002c   Code   RO          447    i.fmc_lock          gd32f30x_fmc.o
    0x080113c4   0x080113c4   0x000000ec   Code   RO          449    i.fmc_page_erase    gd32f30x_fmc.o
    0x080114b0   0x080114b0   0x00000044   Code   RO          450    i.fmc_unlock        gd32f30x_fmc.o
    0x080114f4   0x080114f4   0x000000c0   Code   RO          451    i.fmc_word_program  gd32f30x_fmc.o
    0x080115b4   0x080115b4   0x0000000a   Code   RO          707    i.gpio_bit_write    gd32f30x_gpio.o
    0x080115be   0x080115be   0x000000bc   Code   RO          715    i.gpio_init         gd32f30x_gpio.o
    0x0801167a   0x0801167a   0x00000010   Code   RO          716    i.gpio_input_bit_get  gd32f30x_gpio.o
    0x0801168a   0x0801168a   0x00000002   PAD
    0x0801168c   0x0801168c   0x00000090   Code   RO          721    i.gpio_pin_remap_config  gd32f30x_gpio.o
    0x0801171c   0x0801171c   0x0000000c   Code   RO         3072    i.main              main.o
    0x08011728   0x08011728   0x000000c4   Code   RO          833    i.nvic_irq_enable   gd32f30x_misc.o
    0x080117ec   0x080117ec   0x00000014   Code   RO          834    i.nvic_priority_group_set  gd32f30x_misc.o
    0x08011800   0x08011800   0x00000014   Code   RO          835    i.nvic_vector_table_set  gd32f30x_misc.o
    0x08011814   0x08011814   0x00000158   Code   RO          897    i.rcu_clock_freq_get  gd32f30x_rcu.o
    0x0801196c   0x0801196c   0x00000020   Code   RO          915    i.rcu_periph_clock_enable  gd32f30x_rcu.o
    0x0801198c   0x0801198c   0x00000020   Code   RO          918    i.rcu_periph_reset_disable  gd32f30x_rcu.o
    0x080119ac   0x080119ac   0x00000020   Code   RO          919    i.rcu_periph_reset_enable  gd32f30x_rcu.o
    0x080119cc   0x080119cc   0x0000000a   Code   RO         1137    i.timer_auto_reload_shadow_enable  gd32f30x_timer.o
    0x080119d6   0x080119d6   0x00000002   PAD
    0x080119d8   0x080119d8   0x000001ec   Code   RO         1154    i.timer_channel_output_config  gd32f30x_timer.o
    0x08011bc4   0x08011bc4   0x0000005a   Code   RO         1156    i.timer_channel_output_mode_config  gd32f30x_timer.o
    0x08011c1e   0x08011c1e   0x00000026   Code   RO         1158    i.timer_channel_output_pulse_value_config  gd32f30x_timer.o
    0x08011c44   0x08011c44   0x0000005a   Code   RO         1159    i.timer_channel_output_shadow_config  gd32f30x_timer.o
    0x08011c9e   0x08011c9e   0x00000002   PAD
    0x08011ca0   0x08011ca0   0x000000dc   Code   RO         1167    i.timer_deinit      gd32f30x_timer.o
    0x08011d7c   0x08011d7c   0x0000000a   Code   RO         1172    i.timer_enable      gd32f30x_timer.o
    0x08011d86   0x08011d86   0x00000002   PAD
    0x08011d88   0x08011d88   0x00000098   Code   RO         1182    i.timer_init        gd32f30x_timer.o
    0x08011e20   0x08011e20   0x00000008   Code   RO         1189    i.timer_interrupt_enable  gd32f30x_timer.o
    0x08011e28   0x08011e28   0x00000008   Code   RO         1190    i.timer_interrupt_flag_clear  gd32f30x_timer.o
    0x08011e30   0x08011e30   0x00000018   Code   RO         1191    i.timer_interrupt_flag_get  gd32f30x_timer.o
    0x08011e48   0x08011e48   0x00000018   Code   RO         1197    i.timer_primary_output_config  gd32f30x_timer.o
    0x08011e60   0x08011e60   0x00000090   Code   RO         1577    i.usart_baudrate_set  gd32f30x_usart.o
    0x08011ef0   0x08011ef0   0x0000000a   Code   RO         1580    i.usart_data_receive  gd32f30x_usart.o
    0x08011efa   0x08011efa   0x00000008   Code   RO         1581    i.usart_data_transmit  gd32f30x_usart.o
    0x08011f02   0x08011f02   0x00000002   PAD
    0x08011f04   0x08011f04   0x00000090   Code   RO         1582    i.usart_deinit      gd32f30x_usart.o
    0x08011f94   0x08011f94   0x0000000a   Code   RO         1586    i.usart_enable      gd32f30x_usart.o
    0x08011f9e   0x08011f9e   0x0000001a   Code   RO         1594    i.usart_interrupt_disable  gd32f30x_usart.o
    0x08011fb8   0x08011fb8   0x0000001a   Code   RO         1595    i.usart_interrupt_enable  gd32f30x_usart.o
    0x08011fd2   0x08011fd2   0x00000038   Code   RO         1597    i.usart_interrupt_flag_get  gd32f30x_usart.o
    0x0801200a   0x0801200a   0x00000010   Code   RO         1610    i.usart_receive_config  gd32f30x_usart.o
    0x0801201a   0x0801201a   0x00000010   Code   RO         1624    i.usart_transmit_config  gd32f30x_usart.o
    0x0801202a   0x0801202a   0x00000002   PAD
    0x0801202c   0x0801202c   0x00000018   Data   RO         3198    .constdata          system.o
    0x08012044   0x08012044   0x00000058   Data   RO         3277    .constdata          savedata.o
    0x0801209c   0x0801209c   0x000000b4   Data   RO         3476    .constdata          realtimeinspect.o
    0x08012150   0x08012150   0x000000e4   Data   RO         3930    .constdata          sysmode.o
    0x08012234   0x08012234   0x00000098   Data   RO         4039    .constdata          sysmode_standby.o
    0x080122cc   0x080122cc   0x00000270   Data   RO         4300    .constdata          sysmode_userrun.o
    0x0801253c   0x0801253c   0x00000030   Data   RO         5116    .constdata          funcauto_core.o
    0x0801256c   0x0801256c   0x000001b0   Data   RO         5184    .constdata          funcauto_coregas.o
    0x0801271c   0x0801271c   0x00000030   Data   RO         5215    .constdata          funcauto_coregasspike.o
    0x0801274c   0x0801274c   0x00000030   Data   RO         5245    .constdata          funcauto_corespike.o
    0x0801277c   0x0801277c   0x00000060   Data   RO         5275    .constdata          funcauto_gas.o
    0x080127dc   0x080127dc   0x00000030   Data   RO         5305    .constdata          funcauto_gasspike.o
    0x0801280c   0x0801280c   0x00000030   Data   RO         5342    .constdata          funcauto_gridcombo.o
    0x0801283c   0x0801283c   0x00000078   Data   RO         5408    .constdata          funcauto_spike.o
    0x080128b4   0x080128b4   0x0000012c   Data   RO         5445    .constdata          funclogic.o
    0x080129e0   0x080129e0   0x00000014   Data   RO         5493    .constdata          funcma_heat.o
    0x080129f4   0x080129f4   0x00000060   Data   RO         5578    .constdata          funcma_roller.o
    0x08012a54   0x08012a54   0x00000014   Data   RO         5630    .constdata          funcma_vib.o
    0x08012a68   0x08012a68   0x00000060   Data   RO         5731    .constdata          funcmannual_gas.o
    0x08012ac8   0x08012ac8   0x00005ff0   Data   RO         5783    .constdata          functab.o
    0x08018ab8   0x08018ab8   0x000000c0   Data   RO         5839    .constdata          functabhandle.o
    0x08018b78   0x08018b78   0x000000f8   Data   RO         5984    .constdata          cdp.o
    0x08018c70   0x08018c70   0x00000020   Data   RO         6243    .constdata          cdp_cenapp.o
    0x08018c90   0x08018c90   0x0000047f   Data   RO         6446    .constdata          core.o
    0x0801910f   0x0801910f   0x00000001   PAD
    0x08019110   0x08019110   0x00000018   Data   RO         6770    .constdata          gas.o
    0x08019128   0x08019128   0x0000000c   Data   RO         6896    .constdata          heat.o
    0x08019134   0x08019134   0x0000000c   Data   RO         7046    .constdata          led.o
    0x08019140   0x08019140   0x00000258   Data   RO         7132    .constdata          roller.o
    0x08019398   0x08019398   0x00000044   Data   RO         7275    .constdata          vib.o
    0x080193dc   0x080193dc   0x00000084   Data   RO         7778    .constdata          spike.o
    0x08019460   0x08019460   0x00000090   Data   RO         8124    .constdata          server.o
    0x080194f0   0x080194f0   0x00000020   Data   RO         8404    Region$$Table       anon$$obj.o


    Execution Region RW_IRAM1 (Exec base: 0x20000000, Load base: 0x08019510, Size: 0x00001790, Max: 0x00010000, ABSOLUTE, COMPRESSED[0x000000b8])

    Exec Addr    Load Addr    Size         Type   Attr      Idx    E Section Name        Object

    0x20000000   COMPRESSED   0x00000004   Data   RW         1950    .data               system_gd32f30x.o
    0x20000004   COMPRESSED   0x0000000c   Data   RW         2206    .data               commonlib.o
    0x20000010   COMPRESSED   0x00000002   Data   RW         2346    .data               bsp_systicker.o
    0x20000012   COMPRESSED   0x00000002   PAD
    0x20000014   COMPRESSED   0x00000014   Data   RW         2404    .data               bsp_uart.o
    0x20000028   COMPRESSED   0x00000014   Data   RW         2538    .data               bsp_gpio.o
    0x2000003c   COMPRESSED   0x0000000c   Data   RW         2966    .data               bsp_feep.o
    0x20000048   COMPRESSED   0x00000001   Data   RW         3006    .data               bsp_adc.o
    0x20000049   COMPRESSED   0x00000003   PAD
    0x2000004c   COMPRESSED   0x00000004   Data   RW         3199    .data               system.o
    0x20000050   COMPRESSED   0x00000007   Data   RW         3278    .data               savedata.o
    0x20000057   COMPRESSED   0x00000001   PAD
    0x20000058   COMPRESSED   0x00000005   Data   RW         3477    .data               realtimeinspect.o
    0x2000005d   COMPRESSED   0x00000001   PAD
    0x2000005e   COMPRESSED   0x00000005   Data   RW         3931    .data               sysmode.o
    0x20000063   COMPRESSED   0x00000001   PAD
    0x20000064   COMPRESSED   0x00000002   Data   RW         4040    .data               sysmode_standby.o
    0x20000066   COMPRESSED   0x00000002   PAD
    0x20000068   COMPRESSED   0x00000005   Data   RW         4990    .data               bodyscan.o
    0x2000006d   COMPRESSED   0x00000001   PAD
    0x2000006e   COMPRESSED   0x00000002   Data   RW         5117    .data               funcauto_core.o
    0x20000070   COMPRESSED   0x00000002   Data   RW         5185    .data               funcauto_coregas.o
    0x20000072   COMPRESSED   0x00000002   Data   RW         5216    .data               funcauto_coregasspike.o
    0x20000074   COMPRESSED   0x00000002   Data   RW         5246    .data               funcauto_corespike.o
    0x20000076   COMPRESSED   0x00000002   Data   RW         5276    .data               funcauto_gas.o
    0x20000078   COMPRESSED   0x00000002   Data   RW         5306    .data               funcauto_gasspike.o
    0x2000007a   COMPRESSED   0x00000002   PAD
    0x2000007c   COMPRESSED   0x00000086   Data   RW         5343    .data               funcauto_gridcombo.o
    0x20000102   COMPRESSED   0x00000004   Data   RW         5409    .data               funcauto_spike.o
    0x20000106   COMPRESSED   0x00000002   Data   RW         5446    .data               funclogic.o
    0x20000108   COMPRESSED   0x0000000c   Data   RW         5682    .data               funcmannual_core.o
    0x20000114   COMPRESSED   0x00000005   Data   RW         5840    .data               functabhandle.o
    0x20000119   COMPRESSED   0x00000003   PAD
    0x2000011c   COMPRESSED   0x0000001c   Data   RW         5985    .data               cdp.o
    0x20000138   COMPRESSED   0x00000004   Data   RW         6143    .data               cdp_cenxxx.o
    0x2000013c   COMPRESSED   0x00000005   Data   RW         6244    .data               cdp_cenapp.o
    0x20000141   COMPRESSED   0x00000003   PAD
    0x20000144   COMPRESSED   0x00000004   Data   RW         6335    .data               cdp_censerver.o
    0x20000148   COMPRESSED   0x00000035   Data   RW         6447    .data               core.o
    0x2000017d   COMPRESSED   0x00000003   PAD
    0x20000180   COMPRESSED   0x0000000e   Data   RW         6771    .data               gas.o
    0x2000018e   COMPRESSED   0x00000002   PAD
    0x20000190   COMPRESSED   0x00000006   Data   RW         6897    .data               heat.o
    0x20000196   COMPRESSED   0x00000002   PAD
    0x20000198   COMPRESSED   0x0000000a   Data   RW         7047    .data               led.o
    0x200001a2   COMPRESSED   0x00000002   PAD
    0x200001a4   COMPRESSED   0x0000000d   Data   RW         7133    .data               roller.o
    0x200001b1   COMPRESSED   0x00000003   PAD
    0x200001b4   COMPRESSED   0x00000008   Data   RW         7276    .data               vib.o
    0x200001bc   COMPRESSED   0x00000007   Data   RW         7441    .data               backspike.o
    0x200001c3   COMPRESSED   0x00000001   PAD
    0x200001c4   COMPRESSED   0x00000007   Data   RW         7544    .data               feetspike.o
    0x200001cb   COMPRESSED   0x00000001   PAD
    0x200001cc   COMPRESSED   0x00000008   Data   RW         7649    .data               legflexspike.o
    0x200001d4   COMPRESSED   0x00000008   Data   RW         7779    .data               spike.o
    0x200001dc   COMPRESSED   0x00000009   Data   RW         7967    .data               zerospike.o
    0x200001e5   COMPRESSED   0x00000003   PAD
    0x200001e8   COMPRESSED   0x00000004   Data   RW         8125    .data               server.o
    0x200001ec        -       0x00000014   Zero   RW         2091    .bss                esf_evt.o
    0x20000200        -       0x00000698   Zero   RW         2123    .bss                esf_mem.o
    0x20000898        -       0x00000106   Zero   RW         2204    .bss                commonlib.o
    0x2000099e   COMPRESSED   0x00000002   PAD
    0x200009a0        -       0x00000078   Zero   RW         2403    .bss                bsp_uart.o
    0x20000a18        -       0x00000034   Zero   RW         3005    .bss                bsp_adc.o
    0x20000a4c        -       0x00000150   Zero   RW         3197    .bss                system.o
    0x20000b9c        -       0x00000048   Zero   RW         3276    .bss                savedata.o
    0x20000be4        -       0x0000001a   Zero   RW         3929    .bss                sysmode.o
    0x20000bfe   COMPRESSED   0x00000002   PAD
    0x20000c00        -       0x0000000c   Zero   RW         4989    .bss                bodyscan.o
    0x20000c0c        -       0x00000010   Zero   RW         5115    .bss                funcauto_core.o
    0x20000c1c        -       0x00000010   Zero   RW         5183    .bss                funcauto_coregas.o
    0x20000c2c        -       0x00000010   Zero   RW         5214    .bss                funcauto_coregasspike.o
    0x20000c3c        -       0x00000010   Zero   RW         5244    .bss                funcauto_corespike.o
    0x20000c4c        -       0x00000010   Zero   RW         5274    .bss                funcauto_gas.o
    0x20000c5c        -       0x00000010   Zero   RW         5304    .bss                funcauto_gasspike.o
    0x20000c6c        -       0x00000028   Zero   RW         5341    .bss                funcauto_gridcombo.o
    0x20000c94        -       0x00000010   Zero   RW         5407    .bss                funcauto_spike.o
    0x20000ca4        -       0x00000010   Zero   RW         5577    .bss                funcma_roller.o
    0x20000cb4        -       0x00000040   Zero   RW         5730    .bss                funcmannual_gas.o
    0x20000cf4        -       0x000000d8   Zero   RW         5838    .bss                functabhandle.o
    0x20000dcc        -       0x00000018   Zero   RW         5983    .bss                cdp.o
    0x20000de4        -       0x00000144   Zero   RW         6142    .bss                cdp_cenxxx.o
    0x20000f28        -       0x00000148   Zero   RW         6242    .bss                cdp_cenapp.o
    0x20001070        -       0x000000dc   Zero   RW         6334    .bss                cdp_censerver.o
    0x2000114c        -       0x00000048   Zero   RW         6445    .bss                core.o
    0x20001194        -       0x0000000b   Zero   RW         6769    .bss                gas.o
    0x2000119f   COMPRESSED   0x00000001   PAD
    0x200011a0        -       0x00000010   Zero   RW         6895    .bss                heat.o
    0x200011b0        -       0x00000020   Zero   RW         7131    .bss                roller.o
    0x200011d0        -       0x0000000c   Zero   RW         7274    .bss                vib.o
    0x200011dc        -       0x00000024   Zero   RW         7440    .bss                backspike.o
    0x20001200        -       0x00000024   Zero   RW         7543    .bss                feetspike.o
    0x20001224        -       0x00000038   Zero   RW         7648    .bss                legflexspike.o
    0x2000125c        -       0x00000046   Zero   RW         7777    .bss                spike.o
    0x200012a2   COMPRESSED   0x00000002   PAD
    0x200012a4        -       0x00000020   Zero   RW         7965    .bss                zerospike.o
    0x200012c4        -       0x000000cb   Zero   RW         8123    .bss                server.o
    0x2000138f   COMPRESSED   0x00000001   PAD
    0x20001390        -       0x00000400   Zero   RW            1    STACK               startup_gd32f30x_hd.o


==============================================================================

Image component sizes


      Code (inc. data)   RO Data    RW Data    ZI Data      Debug   Object Name

      1764         80          0          7         36      12752   backspike.o
       716         38          0          5         12      24818   bodyscan.o
        84          6          0          0          0        663   bsp.o
       232         16          0          1         52       1632   bsp_adc.o
        18          0          0          0          0        615   bsp_exti.o
       678         48          0         12          0       4873   bsp_feep.o
       128          0          0          0          0       2222   bsp_flash.o
      1976        128          0         20          0      25616   bsp_gpio.o
       292         18          0          0          0       2238   bsp_pwmtmr.o
       164         26          0          2          0      29517   bsp_systicker.o
       910         62          0         20        120       8084   bsp_uart.o
      2810        116        248         28         24      61096   cdp.o
      4672        124         32          5        328      12052   cdp_cenapp.o
       240         28          0          4        220       6118   cdp_censerver.o
      4736         74          0          4        324      13402   cdp_cenxxx.o
       428         14          0         12        262      10012   commonlib.o
      3760        272       1151         53         72      60130   core.o
         8          0          0          0          0       5995   esf.o
       156         12          0          0         20       2940   esf_evt.o
       152         16          0          0       1688       3699   esf_mem.o
       172          0          0          0          0       2604   esf_tmr.o
      1756         76          0          7         36      12756   feetspike.o
       152         30         48          2         16      36231   funcauto_core.o
       216         28        432          2         16       2702   funcauto_coregas.o
       304         28         48          2         16       2755   funcauto_coregasspike.o
       244         28         48          2         16       2689   funcauto_corespike.o
       188         28         96          2         16       2593   funcauto_gas.o
       256         30         48          2         16       2671   funcauto_gasspike.o
       488         78         48        134         40       4881   funcauto_gridcombo.o
       340         42        120          4         16       3499   funcauto_spike.o
      2212         62        300          2          0       5983   funclogic.o
       716         42         20          0          0       5559   funcma_heat.o
       238         10          0          0          0       2883   funcma_led.o
      1060         62         96          0         16       5929   funcma_roller.o
       600         40         20          0          0       5493   funcma_vib.o
       836         60          0         12          0       5726   funcmannual_core.o
       516         48         96          0         64       2843   funcmannual_gas.o
       706          4          0          0          0       2491   funcmannual_spike.o
         0          0      24560          0          0      14308   functab.o
      4786        122        192          5        216      29238   functabhandle.o
       684         90         24         14         11      15930   gas.o
        54          0          0          0          0      71784   gd32f30x_adc.o
        48         10          0          0          0       1586   gd32f30x_exti.o
       736         66          0          0          0       6999   gd32f30x_fmc.o
       358          6          0          0          0       3678   gd32f30x_gpio.o
       236         28          0          0          0       2496   gd32f30x_misc.o
       440         46          0          0          0       3596   gd32f30x_rcu.o
      1166         48          0          0          0      10512   gd32f30x_timer.o
       456         16          0          0          0       8039   gd32f30x_usart.o
       598         62         12          6         16      19908   heat.o
       332         54         12         10          0       8428   led.o
      1804         74          0          8         56      13785   legflexspike.o
        12          0          0          0          0      72447   main.o
        38          0          0          0          0       1327   motorcommon.o
      1108        146        180          5          0      17868   realtimeinspect.o
      2058        114        600         13         32      17329   roller.o
      1076        122         88          7         72      13037   savedata.o
      2488        234        144          4        203      34889   server.o
      2666        122        132          8         70      32128   spike.o
        36          8        304          0       1024       1036   startup_gd32f30x_hd.o
      1378        236        228          5         26      20469   sysmode.o
      3082        120        152          2          0      22665   sysmode_standby.o
      7066        302        624          0          0      56234   sysmode_userrun.o
      1046         12          0          0          0       2660   sysmode_venderinspectauto.o
       570         20          0          0          0       2446   sysmode_venderinspectmannual.o
       566         20          0          0          0       2458   sysmode_venderinspectother1.o
       850          8          0          0          0       2602   sysmode_venderinspectother2.o
       164          6          0          0          0        757   sysmode_venderpacking.o
       142          8          0          0          0       2146   sysmode_vendertestspike.o
      1224         30         24          4        336      14164   system.o
        16          0          0          4          0       1023   system_gd32f30x.o
       652         54         68          8         12      20144   vib.o
       244         44          0          9         32      11049   zerospike.o

    ----------------------------------------------------------------------
     73190       4002      30228        492       5540     957927   Object Totals
         0          0         32          0          0          0   (incl. Generated)
        86          0          1         36          8          0   (incl. Padding)

    ----------------------------------------------------------------------

      Code (inc. data)   RO Data    RW Data    ZI Data      Debug   Library Member Name

        86          0          0          0          0          0   __dczerorl2.o
         0          0          0          0          0          0   entry.o
         0          0          0          0          0          0   entry10a.o
         0          0          0          0          0          0   entry11a.o
         4          0          0          0          0          0   entry12b.o
         8          4          0          0          0          0   entry2.o
         4          0          0          0          0          0   entry5.o
         0          0          0          0          0          0   entry7b.o
         0          0          0          0          0          0   entry8b.o
         8          4          0          0          0          0   entry9a.o
        30          0          0          0          0          0   handlers.o
        36          8          0          0          0         68   init.o
        26          0          0          0          0         80   memcmp.o
        36          0          0          0          0         68   memcpya.o
        36          0          0          0          0        108   memseta.o

    ----------------------------------------------------------------------
       278         16          0          0          0        324   Library Totals
         4          0          0          0          0          0   (incl. Padding)

    ----------------------------------------------------------------------

      Code (inc. data)   RO Data    RW Data    ZI Data      Debug   Library Name

       274         16          0          0          0        324   mc_w.l

    ----------------------------------------------------------------------
       278         16          0          0          0        324   Library Totals

    ----------------------------------------------------------------------

==============================================================================


      Code (inc. data)   RO Data    RW Data    ZI Data      Debug   

     73468       4018      30228        492       5540     892631   Grand Totals
     73468       4018      30228        184       5540     892631   ELF Image Totals (compressed)
     73468       4018      30228        184          0          0   ROM Totals

==============================================================================

    Total RO  Size (Code + RO Data)               103696 ( 101.27kB)
    Total RW  Size (RW Data + ZI Data)              6032 (   5.89kB)
    Total ROM Size (Code + RO Data + RW Data)     103880 ( 101.45kB)

==============================================================================

