<!doctype html public "-//w3c//dtd html 4.0 transitional//en">
<html><head>
<title>Static Call Graph - [.\Obj_NoBoot\NoBoot.axf]</title></head>
<body><HR>
<H1>Static Call Graph for image .\Obj_NoBoot\NoBoot.axf</H1><HR>
<BR><P>#&#060CALLGRAPH&#062# ARM Linker, 5060960: Last Updated: Thu Feb 18 08:46:49 2021
<BR><P>
<H3>Maximum Stack Usage =        140 bytes + Unknown(Cycles, Untraceable Function Pointers)</H3><H3>
Call chain for Maximum Stack Depth:</H3>
main &rArr; System_Init &rArr; BSP_Init &rArr; BSP_UART_Init &rArr; usart_baudrate_set &rArr; rcu_clock_freq_get
<P>
<H3>
Mutually Recursive functions
</H3> <LI><a href="#[1]">NMI_Handler</a>&nbsp;&nbsp;&nbsp;&rArr;&nbsp;&nbsp;&nbsp;<a href="#[1]">NMI_Handler</a><BR>
 <LI><a href="#[2]">HardFault_Handler</a>&nbsp;&nbsp;&nbsp;&rArr;&nbsp;&nbsp;&nbsp;<a href="#[2]">HardFault_Handler</a><BR>
 <LI><a href="#[3]">MemManage_Handler</a>&nbsp;&nbsp;&nbsp;&rArr;&nbsp;&nbsp;&nbsp;<a href="#[3]">MemManage_Handler</a><BR>
 <LI><a href="#[4]">BusFault_Handler</a>&nbsp;&nbsp;&nbsp;&rArr;&nbsp;&nbsp;&nbsp;<a href="#[4]">BusFault_Handler</a><BR>
 <LI><a href="#[5]">UsageFault_Handler</a>&nbsp;&nbsp;&nbsp;&rArr;&nbsp;&nbsp;&nbsp;<a href="#[5]">UsageFault_Handler</a><BR>
 <LI><a href="#[6]">SVC_Handler</a>&nbsp;&nbsp;&nbsp;&rArr;&nbsp;&nbsp;&nbsp;<a href="#[6]">SVC_Handler</a><BR>
 <LI><a href="#[7]">DebugMon_Handler</a>&nbsp;&nbsp;&nbsp;&rArr;&nbsp;&nbsp;&nbsp;<a href="#[7]">DebugMon_Handler</a><BR>
 <LI><a href="#[8]">PendSV_Handler</a>&nbsp;&nbsp;&nbsp;&rArr;&nbsp;&nbsp;&nbsp;<a href="#[8]">PendSV_Handler</a><BR>
 <LI><a href="#[39]">ADC2_IRQHandler</a>&nbsp;&nbsp;&nbsp;&rArr;&nbsp;&nbsp;&nbsp;<a href="#[39]">ADC2_IRQHandler</a><BR>
</UL>
<P>
<H3>
Function Pointers
</H3><UL>
 <LI><a href="#[1c]">ADC0_1_IRQHandler</a> from bsp_adc.o(i.ADC0_1_IRQHandler) referenced from startup_gd32f30x_hd.o(RESET)
 <LI><a href="#[39]">ADC2_IRQHandler</a> from startup_gd32f30x_hd.o(.text) referenced from startup_gd32f30x_hd.o(RESET)
 <LI><a href="#[4c]">AppDataObjID</a> from cdp_cenapp.o(i.AppDataObjID) referenced from cdp_cenapp.o(i.CDP_AppToCen_AnalyzeApp)
 <LI><a href="#[14e]">BackSpike_ActionHandle</a> from backspike.o(i.BackSpike_ActionHandle) referenced from spike.o(.constdata)
 <LI><a href="#[49]">BackSpike_CountIOCheck_CB</a> from backspike.o(i.BackSpike_CountIOCheck_CB) referenced from backspike.o(i.BackSpike_Init)
 <LI><a href="#[6f]">BackSpike_PauseOff</a> from backspike.o(i.BackSpike_PauseOff) referenced from sysmode.o(i.SysMode_PauseHandle)
 <LI><a href="#[5f]">BackSpike_PauseOn</a> from backspike.o(i.BackSpike_PauseOn) referenced from sysmode.o(i.SysMode_PauseHandle)
 <LI><a href="#[14c]">BackSpike_PositionHandle</a> from backspike.o(i.BackSpike_PositionHandle) referenced from spike.o(.constdata)
 <LI><a href="#[14d]">BackSpike_PositionIOCheck</a> from backspike.o(i.BackSpike_PositionIOCheck) referenced from spike.o(.constdata)
 <LI><a href="#[73]">BodyScan_PauseOff</a> from bodyscan.o(i.BodyScan_PauseOff) referenced from sysmode.o(i.SysMode_PauseHandle)
 <LI><a href="#[63]">BodyScan_PauseOn</a> from bodyscan.o(i.BodyScan_PauseOn) referenced from sysmode.o(i.SysMode_PauseHandle)
 <LI><a href="#[4]">BusFault_Handler</a> from startup_gd32f30x_hd.o(.text) referenced from startup_gd32f30x_hd.o(RESET)
 <LI><a href="#[20]">CAN0_EWMC_IRQHandler</a> from startup_gd32f30x_hd.o(.text) referenced from startup_gd32f30x_hd.o(RESET)
 <LI><a href="#[1f]">CAN0_RX1_IRQHandler</a> from startup_gd32f30x_hd.o(.text) referenced from startup_gd32f30x_hd.o(RESET)
 <LI><a href="#[51]">CDPDataObjID</a> from cdp.o(i.CDPDataObjID) referenced from cdp.o(i.CDP_DataObjRxHandle)
 <LI><a href="#[140]">CDP_AppToCen_CfgNetwork</a> from cdp_cenapp.o(i.CDP_AppToCen_CfgNetwork) referenced from cdp_cenapp.o(.constdata)
 <LI><a href="#[142]">CDP_AppToCen_GetIDCode</a> from cdp_cenapp.o(i.CDP_AppToCen_GetIDCode) referenced from cdp_cenapp.o(.constdata)
 <LI><a href="#[141]">CDP_AppToCen_HeartbeatPacket</a> from cdp_cenapp.o(i.CDP_AppToCen_HeartbeatPacket) referenced from cdp_cenapp.o(.constdata)
 <LI><a href="#[13f]">CDP_AppToCen_KeyValHandle</a> from cdp_cenapp.o(i.CDP_AppToCen_KeyValHandle) referenced from cdp_cenapp.o(.constdata)
 <LI><a href="#[4d]">CDP_CenApp_ByteRx</a> from cdp_cenapp.o(i.CDP_CenApp_ByteRx) referenced from cdp_cenapp.o(i.CDP_CenApp_Init)
 <LI><a href="#[13e]">CDP_CenApp_FaultCheck</a> from cdp_cenapp.o(i.CDP_CenApp_FaultCheck) referenced from cdp.o(.constdata)
 <LI><a href="#[4e]">CDP_CenServer_ByteRx</a> from cdp_censerver.o(i.CDP_CenServer_ByteRx) referenced from cdp_censerver.o(i.CDP_CenServer_Init)
 <LI><a href="#[13d]">CDP_CenServer_FaultCheck</a> from cdp_censerver.o(i.CDP_CenServer_FaultCheck) referenced from cdp.o(.constdata)
 <LI><a href="#[4f]">CDP_CenXxx_ByteRx</a> from cdp_cenxxx.o(i.CDP_CenXxx_ByteRx) referenced from cdp_cenxxx.o(i.CDP_CenXxx_Init)
 <LI><a href="#[13c]">CDP_CenXxx_FaultCheck</a> from cdp_cenxxx.o(i.CDP_CenXxx_FaultCheck) referenced from cdp.o(.constdata)
 <LI><a href="#[13b]">CDP_DataTxTmrHandle</a> from cdp.o(i.CDP_DataTxTmrHandle) referenced from cdp.o(.constdata)
 <LI><a href="#[83]">CDP_PDUTxHandle</a> from cdp.o(i.CDP_PDUTxHandle) referenced from system.o(.constdata)
 <LI><a href="#[4b]">Core_BackScanPauseOff</a> from core.o(i.Core_BackScanPauseOff) referenced from bodyscan.o(i.BodyScan_Handle)
 <LI><a href="#[4a]">Core_BackScanPauseOn</a> from core.o(i.Core_BackScanPauseOn) referenced from bodyscan.o(i.BodyScan_Handle)
 <LI><a href="#[129]">Core_CDPDataObjRx_0x40</a> from core.o(i.Core_CDPDataObjRx_0x40) referenced from cdp.o(.constdata)
 <LI><a href="#[53]">Core_GetTCSActionID</a> from core.o(i.Core_GetTCSActionID) referenced from core.o(i.Core_TCSActionHandle)
 <LI><a href="#[52]">Core_GetXYZActionID</a> from core.o(i.Core_GetXYZActionID) referenced from core.o(i.Core_GetXYZMannualManageAttr)
 <LI><a href="#[52]">Core_GetXYZActionID</a> from core.o(i.Core_GetXYZActionID) referenced from core.o(i.Core_XYZActionHandle)
 <LI><a href="#[56]">Core_PauseOff</a> from core.o(i.Core_PauseOff) referenced from funclogic.o(i.MChair_FuncExe)
 <LI><a href="#[56]">Core_PauseOff</a> from core.o(i.Core_PauseOff) referenced from sysmode.o(i.SysMode_PauseHandle)
 <LI><a href="#[55]">Core_PauseOn</a> from core.o(i.Core_PauseOn) referenced from funclogic.o(i.MChair_FuncExe)
 <LI><a href="#[55]">Core_PauseOn</a> from core.o(i.Core_PauseOn) referenced from sysmode.o(i.SysMode_PauseHandle)
 <LI><a href="#[144]">Core_TCSActionHandle</a> from core.o(i.Core_TCSActionHandle) referenced from core.o(.constdata)
 <LI><a href="#[143]">Core_XYZActionHandle</a> from core.o(i.Core_XYZActionHandle) referenced from core.o(.constdata)
 <LI><a href="#[15]">DMA0_Channel0_IRQHandler</a> from startup_gd32f30x_hd.o(.text) referenced from startup_gd32f30x_hd.o(RESET)
 <LI><a href="#[16]">DMA0_Channel1_IRQHandler</a> from startup_gd32f30x_hd.o(.text) referenced from startup_gd32f30x_hd.o(RESET)
 <LI><a href="#[17]">DMA0_Channel2_IRQHandler</a> from startup_gd32f30x_hd.o(.text) referenced from startup_gd32f30x_hd.o(RESET)
 <LI><a href="#[18]">DMA0_Channel3_IRQHandler</a> from startup_gd32f30x_hd.o(.text) referenced from startup_gd32f30x_hd.o(RESET)
 <LI><a href="#[19]">DMA0_Channel4_IRQHandler</a> from startup_gd32f30x_hd.o(.text) referenced from startup_gd32f30x_hd.o(RESET)
 <LI><a href="#[1a]">DMA0_Channel5_IRQHandler</a> from startup_gd32f30x_hd.o(.text) referenced from startup_gd32f30x_hd.o(RESET)
 <LI><a href="#[1b]">DMA0_Channel6_IRQHandler</a> from startup_gd32f30x_hd.o(.text) referenced from startup_gd32f30x_hd.o(RESET)
 <LI><a href="#[42]">DMA1_Channel0_IRQHandler</a> from startup_gd32f30x_hd.o(.text) referenced from startup_gd32f30x_hd.o(RESET)
 <LI><a href="#[43]">DMA1_Channel1_IRQHandler</a> from startup_gd32f30x_hd.o(.text) referenced from startup_gd32f30x_hd.o(RESET)
 <LI><a href="#[44]">DMA1_Channel2_IRQHandler</a> from startup_gd32f30x_hd.o(.text) referenced from startup_gd32f30x_hd.o(RESET)
 <LI><a href="#[45]">DMA1_Channel3_4_IRQHandler</a> from startup_gd32f30x_hd.o(.text) referenced from startup_gd32f30x_hd.o(RESET)
 <LI><a href="#[7]">DebugMon_Handler</a> from startup_gd32f30x_hd.o(.text) referenced from startup_gd32f30x_hd.o(RESET)
 <LI><a href="#[5c]">Default_GetKeyValID</a> from sysmode.o(i.Default_GetKeyValID) referenced from sysmode.o(i.SysMode_DefaultKeyValHandle)
 <LI><a href="#[5d]">Default_KeyValAdditonOp</a> from sysmode.o(i.Default_KeyValAdditonOp) referenced from sysmode.o(i.SysMode_DefaultKeyValHandle)
 <LI><a href="#[9b]">Default_Key_Power</a> from sysmode.o(i.Default_Key_Power) referenced from sysmode.o(.constdata)
 <LI><a href="#[3a]">EXMC_IRQHandler</a> from startup_gd32f30x_hd.o(.text) referenced from startup_gd32f30x_hd.o(RESET)
 <LI><a href="#[10]">EXTI0_IRQHandler</a> from bsp_exti.o(i.EXTI0_IRQHandler) referenced from startup_gd32f30x_hd.o(RESET)
 <LI><a href="#[32]">EXTI10_15_IRQHandler</a> from startup_gd32f30x_hd.o(.text) referenced from startup_gd32f30x_hd.o(RESET)
 <LI><a href="#[11]">EXTI1_IRQHandler</a> from startup_gd32f30x_hd.o(.text) referenced from startup_gd32f30x_hd.o(RESET)
 <LI><a href="#[12]">EXTI2_IRQHandler</a> from startup_gd32f30x_hd.o(.text) referenced from startup_gd32f30x_hd.o(RESET)
 <LI><a href="#[13]">EXTI3_IRQHandler</a> from startup_gd32f30x_hd.o(.text) referenced from startup_gd32f30x_hd.o(RESET)
 <LI><a href="#[14]">EXTI4_IRQHandler</a> from startup_gd32f30x_hd.o(.text) referenced from startup_gd32f30x_hd.o(RESET)
 <LI><a href="#[21]">EXTI5_9_IRQHandler</a> from startup_gd32f30x_hd.o(.text) referenced from startup_gd32f30x_hd.o(RESET)
 <LI><a href="#[e]">FMC_IRQHandler</a> from startup_gd32f30x_hd.o(.text) referenced from startup_gd32f30x_hd.o(RESET)
 <LI><a href="#[85]">FaultCheck_02</a> from realtimeinspect.o(i.FaultCheck_02) referenced from realtimeinspect.o(.constdata)
 <LI><a href="#[86]">FaultCheck_03</a> from realtimeinspect.o(i.FaultCheck_03) referenced from realtimeinspect.o(.constdata)
 <LI><a href="#[87]">FaultCheck_05</a> from realtimeinspect.o(i.FaultCheck_05) referenced from realtimeinspect.o(.constdata)
 <LI><a href="#[88]">FaultCheck_06</a> from realtimeinspect.o(i.FaultCheck_06) referenced from realtimeinspect.o(.constdata)
 <LI><a href="#[89]">FaultCheck_32</a> from realtimeinspect.o(i.FaultCheck_32) referenced from realtimeinspect.o(.constdata)
 <LI><a href="#[8a]">FaultCheck_40</a> from realtimeinspect.o(i.FaultCheck_40) referenced from realtimeinspect.o(.constdata)
 <LI><a href="#[8b]">FaultCheck_41</a> from realtimeinspect.o(i.FaultCheck_41) referenced from realtimeinspect.o(.constdata)
 <LI><a href="#[8c]">FaultCheck_44</a> from realtimeinspect.o(i.FaultCheck_44) referenced from realtimeinspect.o(.constdata)
 <LI><a href="#[8d]">FaultCheck_46</a> from realtimeinspect.o(i.FaultCheck_46) referenced from realtimeinspect.o(.constdata)
 <LI><a href="#[8e]">FaultCheck_48</a> from realtimeinspect.o(i.FaultCheck_48) referenced from realtimeinspect.o(.constdata)
 <LI><a href="#[8f]">FaultCheck_49</a> from realtimeinspect.o(i.FaultCheck_49) referenced from realtimeinspect.o(.constdata)
 <LI><a href="#[90]">FaultCheck_50</a> from realtimeinspect.o(i.FaultCheck_50) referenced from realtimeinspect.o(.constdata)
 <LI><a href="#[91]">FaultCheck_59</a> from realtimeinspect.o(i.FaultCheck_59) referenced from realtimeinspect.o(.constdata)
 <LI><a href="#[92]">FaultCheck_63</a> from realtimeinspect.o(i.FaultCheck_63) referenced from realtimeinspect.o(.constdata)
 <LI><a href="#[93]">FaultCheck_68</a> from realtimeinspect.o(i.FaultCheck_68) referenced from realtimeinspect.o(.constdata)
 <LI><a href="#[94]">FaultCheck_69</a> from realtimeinspect.o(i.FaultCheck_69) referenced from realtimeinspect.o(.constdata)
 <LI><a href="#[95]">FaultCheck_70</a> from realtimeinspect.o(i.FaultCheck_70) referenced from realtimeinspect.o(.constdata)
 <LI><a href="#[96]">FaultCheck_71</a> from realtimeinspect.o(i.FaultCheck_71) referenced from realtimeinspect.o(.constdata)
 <LI><a href="#[97]">FaultCheck_72</a> from realtimeinspect.o(i.FaultCheck_72) referenced from realtimeinspect.o(.constdata)
 <LI><a href="#[98]">FaultCheck_73</a> from realtimeinspect.o(i.FaultCheck_73) referenced from realtimeinspect.o(.constdata)
 <LI><a href="#[99]">FaultCheck_74</a> from realtimeinspect.o(i.FaultCheck_74) referenced from realtimeinspect.o(.constdata)
 <LI><a href="#[151]">FeetSpike_ActionHandle</a> from feetspike.o(i.FeetSpike_ActionHandle) referenced from spike.o(.constdata)
 <LI><a href="#[54]">FeetSpike_CountIOCheck_CB</a> from feetspike.o(i.FeetSpike_CountIOCheck_CB) referenced from feetspike.o(i.FeetSpike_Init)
 <LI><a href="#[71]">FeetSpike_PauseOff</a> from feetspike.o(i.FeetSpike_PauseOff) referenced from sysmode.o(i.SysMode_PauseHandle)
 <LI><a href="#[61]">FeetSpike_PauseOn</a> from feetspike.o(i.FeetSpike_PauseOn) referenced from sysmode.o(i.SysMode_PauseHandle)
 <LI><a href="#[14f]">FeetSpike_PositionHandle</a> from feetspike.o(i.FeetSpike_PositionHandle) referenced from spike.o(.constdata)
 <LI><a href="#[150]">FeetSpike_PositionIOCheck</a> from feetspike.o(i.FeetSpike_PositionIOCheck) referenced from spike.o(.constdata)
 <LI><a href="#[145]">Gas_ActionHandle</a> from gas.o(i.Gas_ActionHandle) referenced from gas.o(.constdata)
 <LI><a href="#[12b]">Gas_CDPDataObjRx_0x48</a> from gas.o(i.Gas_CDPDataObjRx_0x48) referenced from cdp.o(.constdata)
 <LI><a href="#[6e]">Gas_PauseOff</a> from gas.o(i.Gas_PauseOff) referenced from sysmode.o(i.SysMode_PauseHandle)
 <LI><a href="#[5e]">Gas_PauseOn</a> from gas.o(i.Gas_PauseOn) referenced from sysmode.o(i.SysMode_PauseHandle)
 <LI><a href="#[2]">HardFault_Handler</a> from startup_gd32f30x_hd.o(.text) referenced from startup_gd32f30x_hd.o(RESET)
 <LI><a href="#[147]">Heat_AllPartsHandle</a> from heat.o(i.Heat_AllPartsHandle) referenced from heat.o(.constdata)
 <LI><a href="#[12a]">Heat_CDPDataObjRx_0x41</a> from heat.o(i.Heat_CDPDataObjRx_0x41) referenced from cdp.o(.constdata)
 <LI><a href="#[7a]">Heat_CalvesHeatPauseOff</a> from heat.o(i.Heat_CalvesHeatPauseOff) referenced from sysmode.o(i.SysMode_PauseHandle)
 <LI><a href="#[6a]">Heat_CalvesHeatPauseOn</a> from heat.o(i.Heat_CalvesHeatPauseOn) referenced from sysmode.o(i.SysMode_PauseHandle)
 <LI><a href="#[79]">Heat_FeetHeatPauseOff</a> from heat.o(i.Heat_FeetHeatPauseOff) referenced from sysmode.o(i.SysMode_PauseHandle)
 <LI><a href="#[69]">Heat_FeetHeatPauseOn</a> from heat.o(i.Heat_FeetHeatPauseOn) referenced from sysmode.o(i.SysMode_PauseHandle)
 <LI><a href="#[7c]">Heat_LumbarBackHeatPauseOff</a> from heat.o(i.Heat_LumbarBackHeatPauseOff) referenced from sysmode.o(i.SysMode_PauseHandle)
 <LI><a href="#[6c]">Heat_LumbarBackHeatPauseOn</a> from heat.o(i.Heat_LumbarBackHeatPauseOn) referenced from sysmode.o(i.SysMode_PauseHandle)
 <LI><a href="#[7b]">Heat_SeatHeatPauseOff</a> from heat.o(i.Heat_SeatHeatPauseOff) referenced from sysmode.o(i.SysMode_PauseHandle)
 <LI><a href="#[6b]">Heat_SeatHeatPauseOn</a> from heat.o(i.Heat_SeatHeatPauseOn) referenced from sysmode.o(i.SysMode_PauseHandle)
 <LI><a href="#[2a]">I2C0_ER_IRQHandler</a> from startup_gd32f30x_hd.o(.text) referenced from startup_gd32f30x_hd.o(RESET)
 <LI><a href="#[29]">I2C0_EV_IRQHandler</a> from startup_gd32f30x_hd.o(.text) referenced from startup_gd32f30x_hd.o(RESET)
 <LI><a href="#[2c]">I2C1_ER_IRQHandler</a> from startup_gd32f30x_hd.o(.text) referenced from startup_gd32f30x_hd.o(RESET)
 <LI><a href="#[2b]">I2C1_EV_IRQHandler</a> from startup_gd32f30x_hd.o(.text) referenced from startup_gd32f30x_hd.o(RESET)
 <LI><a href="#[130]">IAP_CDPDataObj_0x01</a> from cdp.o(i.IAP_CDPDataObj_0x01) referenced from cdp.o(.constdata)
 <LI><a href="#[b]">LVD_IRQHandler</a> from startup_gd32f30x_hd.o(.text) referenced from startup_gd32f30x_hd.o(RESET)
 <LI><a href="#[148]">Led_AllPartsHandle</a> from led.o(i.Led_AllPartsHandle) referenced from led.o(.constdata)
 <LI><a href="#[7d]">Led_PauseOff</a> from led.o(i.Led_PauseOff) referenced from sysmode.o(i.SysMode_PauseHandle)
 <LI><a href="#[6d]">Led_PauseOn</a> from led.o(i.Led_PauseOn) referenced from sysmode.o(i.SysMode_PauseHandle)
 <LI><a href="#[154]">LegFlexSpike_ActionHandle</a> from legflexspike.o(i.LegFlexSpike_ActionHandle) referenced from spike.o(.constdata)
 <LI><a href="#[12e]">LegFlexSpike_CDPDataObjRx_0x4B</a> from legflexspike.o(i.LegFlexSpike_CDPDataObjRx_0x4B) referenced from cdp.o(.constdata)
 <LI><a href="#[153]">LegFlexSpike_IOCheck</a> from legflexspike.o(i.LegFlexSpike_IOCheck) referenced from spike.o(.constdata)
 <LI><a href="#[72]">LegFlexSpike_PauseOff</a> from legflexspike.o(i.LegFlexSpike_PauseOff) referenced from sysmode.o(i.SysMode_PauseHandle)
 <LI><a href="#[62]">LegFlexSpike_PauseOn</a> from legflexspike.o(i.LegFlexSpike_PauseOn) referenced from sysmode.o(i.SysMode_PauseHandle)
 <LI><a href="#[152]">LegFlexSpike_PositionHandle</a> from legflexspike.o(i.LegFlexSpike_PositionHandle) referenced from spike.o(.constdata)
 <LI><a href="#[a5]">MChair_FuncExe</a> from funclogic.o(i.MChair_FuncExe) referenced from sysmode.o(.constdata)
 <LI><a href="#[11a]">MChair_FuncExe_CoreAuto</a> from funcauto_core.o(i.MChair_FuncExe_CoreAuto) referenced from funclogic.o(.constdata)
 <LI><a href="#[112]">MChair_FuncExe_CoreGasAuto</a> from funcauto_coregas.o(i.MChair_FuncExe_CoreGasAuto) referenced from funclogic.o(.constdata)
 <LI><a href="#[10e]">MChair_FuncExe_CoreGasSpikeAuto</a> from funcauto_coregasspike.o(i.MChair_FuncExe_CoreGasSpikeAuto) referenced from funclogic.o(.constdata)
 <LI><a href="#[10c]">MChair_FuncExe_CoreMannual</a> from funcmannual_core.o(i.MChair_FuncExe_CoreMannual) referenced from funclogic.o(.constdata)
 <LI><a href="#[110]">MChair_FuncExe_CoreSpikeAuto</a> from funcauto_corespike.o(i.MChair_FuncExe_CoreSpikeAuto) referenced from funclogic.o(.constdata)
 <LI><a href="#[118]">MChair_FuncExe_GasAuto</a> from funcauto_gas.o(i.MChair_FuncExe_GasAuto) referenced from funclogic.o(.constdata)
 <LI><a href="#[108]">MChair_FuncExe_GasMannual</a> from funcmannual_gas.o(i.MChair_FuncExe_GasMannual) referenced from funclogic.o(.constdata)
 <LI><a href="#[114]">MChair_FuncExe_GasSpikeAuto</a> from funcauto_gasspike.o(i.MChair_FuncExe_GasSpikeAuto) referenced from funclogic.o(.constdata)
 <LI><a href="#[11c]">MChair_FuncExe_GridComboAuto</a> from funcauto_gridcombo.o(i.MChair_FuncExe_GridComboAuto) referenced from funclogic.o(.constdata)
 <LI><a href="#[120]">MChair_FuncExe_HeatMA</a> from funcma_heat.o(i.MChair_FuncExe_HeatMA) referenced from funclogic.o(.constdata)
 <LI><a href="#[124]">MChair_FuncExe_LedMA</a> from funcma_led.o(i.MChair_FuncExe_LedMA) referenced from funclogic.o(.constdata)
 <LI><a href="#[11e]">MChair_FuncExe_RollerMA</a> from funcma_roller.o(i.MChair_FuncExe_RollerMA) referenced from funclogic.o(.constdata)
 <LI><a href="#[116]">MChair_FuncExe_SpikeAuto</a> from funcauto_spike.o(i.MChair_FuncExe_SpikeAuto) referenced from funclogic.o(.constdata)
 <LI><a href="#[10a]">MChair_FuncExe_SpikeMannual</a> from funcmannual_spike.o(i.MChair_FuncExe_SpikeMannual) referenced from funclogic.o(.constdata)
 <LI><a href="#[122]">MChair_FuncExe_VibMA</a> from funcma_vib.o(i.MChair_FuncExe_VibMA) referenced from funclogic.o(.constdata)
 <LI><a href="#[119]">MChair_FuncSwitch_CoreAuto</a> from funcauto_core.o(i.MChair_FuncSwitch_CoreAuto) referenced from funclogic.o(.constdata)
 <LI><a href="#[111]">MChair_FuncSwitch_CoreGasAuto</a> from funcauto_coregas.o(i.MChair_FuncSwitch_CoreGasAuto) referenced from funclogic.o(.constdata)
 <LI><a href="#[10d]">MChair_FuncSwitch_CoreGasSpikeAuto</a> from funcauto_coregasspike.o(i.MChair_FuncSwitch_CoreGasSpikeAuto) referenced from funclogic.o(.constdata)
 <LI><a href="#[10b]">MChair_FuncSwitch_CoreMannual</a> from funcmannual_core.o(i.MChair_FuncSwitch_CoreMannual) referenced from funclogic.o(.constdata)
 <LI><a href="#[10f]">MChair_FuncSwitch_CoreSpikeAuto</a> from funcauto_corespike.o(i.MChair_FuncSwitch_CoreSpikeAuto) referenced from funclogic.o(.constdata)
 <LI><a href="#[117]">MChair_FuncSwitch_GasAuto</a> from funcauto_gas.o(i.MChair_FuncSwitch_GasAuto) referenced from funclogic.o(.constdata)
 <LI><a href="#[107]">MChair_FuncSwitch_GasMannual</a> from funcmannual_gas.o(i.MChair_FuncSwitch_GasMannual) referenced from funclogic.o(.constdata)
 <LI><a href="#[113]">MChair_FuncSwitch_GasSpikeAuto</a> from funcauto_gasspike.o(i.MChair_FuncSwitch_GasSpikeAuto) referenced from funclogic.o(.constdata)
 <LI><a href="#[11b]">MChair_FuncSwitch_GridComboAuto</a> from funcauto_gridcombo.o(i.MChair_FuncSwitch_GridComboAuto) referenced from funclogic.o(.constdata)
 <LI><a href="#[11f]">MChair_FuncSwitch_HeatMA</a> from funcma_heat.o(i.MChair_FuncSwitch_HeatMA) referenced from funclogic.o(.constdata)
 <LI><a href="#[123]">MChair_FuncSwitch_LedMA</a> from funcma_led.o(i.MChair_FuncSwitch_LedMA) referenced from funclogic.o(.constdata)
 <LI><a href="#[11d]">MChair_FuncSwitch_RollerMA</a> from funcma_roller.o(i.MChair_FuncSwitch_RollerMA) referenced from funclogic.o(.constdata)
 <LI><a href="#[115]">MChair_FuncSwitch_SpikeAuto</a> from funcauto_spike.o(i.MChair_FuncSwitch_SpikeAuto) referenced from funclogic.o(.constdata)
 <LI><a href="#[109]">MChair_FuncSwitch_SpikeMannual</a> from funcmannual_spike.o(i.MChair_FuncSwitch_SpikeMannual) referenced from funclogic.o(.constdata)
 <LI><a href="#[121]">MChair_FuncSwitch_VibMA</a> from funcma_vib.o(i.MChair_FuncSwitch_VibMA) referenced from funclogic.o(.constdata)
 <LI><a href="#[125]">MChair_KeyValHandle_CDPDataObjRx_0x01</a> from system.o(i.MChair_KeyValHandle_CDPDataObjRx_0x01) referenced from cdp.o(.constdata)
 <LI><a href="#[126]">MChair_TabTry_CDPDataObjRx_0x1A_To_0x1F</a> from functabhandle.o(i.MChair_TabTry_CDPDataObjRx_0x1A_To_0x1F) referenced 2 times from cdp.o(.constdata)
 <LI><a href="#[3]">MemManage_Handler</a> from startup_gd32f30x_hd.o(.text) referenced from startup_gd32f30x_hd.o(RESET)
 <LI><a href="#[1]">NMI_Handler</a> from startup_gd32f30x_hd.o(.text) referenced from startup_gd32f30x_hd.o(RESET)
 <LI><a href="#[8]">PendSV_Handler</a> from startup_gd32f30x_hd.o(.text) referenced from startup_gd32f30x_hd.o(RESET)
 <LI><a href="#[146]">Pump_ActionHandle</a> from gas.o(i.Pump_ActionHandle) referenced from gas.o(.constdata)
 <LI><a href="#[f]">RCU_CTC_IRQHandler</a> from startup_gd32f30x_hd.o(.text) referenced from startup_gd32f30x_hd.o(RESET)
 <LI><a href="#[33]">RTC_Alarm_IRQHandler</a> from startup_gd32f30x_hd.o(.text) referenced from startup_gd32f30x_hd.o(RESET)
 <LI><a href="#[d]">RTC_IRQHandler</a> from startup_gd32f30x_hd.o(.text) referenced from startup_gd32f30x_hd.o(RESET)
 <LI><a href="#[9a]">RealTimeInspect_FaultCheck</a> from realtimeinspect.o(i.RealTimeInspect_FaultCheck) referenced from realtimeinspect.o(.constdata)
 <LI><a href="#[0]">Reset_Handler</a> from startup_gd32f30x_hd.o(.text) referenced from startup_gd32f30x_hd.o(RESET)
 <LI><a href="#[149]">Roller_AllPartsHandle</a> from roller.o(i.Roller_AllPartsHandle) referenced from roller.o(.constdata)
 <LI><a href="#[12c]">Roller_CDPDataObjRx_0x49</a> from roller.o(i.Roller_CDPDataObjRx_0x49) referenced from cdp.o(.constdata)
 <LI><a href="#[58]">Roller_CalvesRollerPauseOff</a> from roller.o(i.Roller_CalvesRollerPauseOff) referenced from funclogic.o(i.MChair_FuncExe)
 <LI><a href="#[58]">Roller_CalvesRollerPauseOff</a> from roller.o(i.Roller_CalvesRollerPauseOff) referenced from sysmode.o(i.SysMode_PauseHandle)
 <LI><a href="#[57]">Roller_CalvesRollerPauseOn</a> from roller.o(i.Roller_CalvesRollerPauseOn) referenced from funclogic.o(i.MChair_FuncExe)
 <LI><a href="#[57]">Roller_CalvesRollerPauseOn</a> from roller.o(i.Roller_CalvesRollerPauseOn) referenced from sysmode.o(i.SysMode_PauseHandle)
 <LI><a href="#[78]">Roller_FeetRollerPauseOff</a> from roller.o(i.Roller_FeetRollerPauseOff) referenced from sysmode.o(i.SysMode_PauseHandle)
 <LI><a href="#[68]">Roller_FeetRollerPauseOn</a> from roller.o(i.Roller_FeetRollerPauseOn) referenced from sysmode.o(i.SysMode_PauseHandle)
 <LI><a href="#[3b]">SDIO_IRQHandler</a> from startup_gd32f30x_hd.o(.text) referenced from startup_gd32f30x_hd.o(RESET)
 <LI><a href="#[2d]">SPI0_IRQHandler</a> from startup_gd32f30x_hd.o(.text) referenced from startup_gd32f30x_hd.o(RESET)
 <LI><a href="#[2e]">SPI1_IRQHandler</a> from startup_gd32f30x_hd.o(.text) referenced from startup_gd32f30x_hd.o(RESET)
 <LI><a href="#[3d]">SPI2_IRQHandler</a> from startup_gd32f30x_hd.o(.text) referenced from startup_gd32f30x_hd.o(RESET)
 <LI><a href="#[6]">SVC_Handler</a> from startup_gd32f30x_hd.o(.text) referenced from startup_gd32f30x_hd.o(RESET)
 <LI><a href="#[127]">SaveData_CDPDataObjRx_0x3D</a> from savedata.o(i.SaveData_CDPDataObjRx_0x3D) referenced from cdp.o(.constdata)
 <LI><a href="#[128]">SaveData_CDPDataObjRx_0x3E</a> from savedata.o(i.SaveData_CDPDataObjRx_0x3E) referenced from cdp.o(.constdata)
 <LI><a href="#[84]">SaveData_Update</a> from savedata.o(i.SaveData_Update) referenced from savedata.o(.constdata)
 <LI><a href="#[50]">ServerCDPDataObjID</a> from cdp.o(i.ServerCDPDataObjID) referenced from cdp.o(i.CDP_DataObjRxHandle)
 <LI><a href="#[131]">Server_CDPDataObjRX_0x0040</a> from server.o(i.Server_CDPDataObjRX_0x0040) referenced from cdp.o(.constdata)
 <LI><a href="#[132]">Server_CDPDataObjRX_0x0042</a> from server.o(i.Server_CDPDataObjRX_0x0042) referenced from cdp.o(.constdata)
 <LI><a href="#[133]">Server_CDPDataObjRX_0x0043</a> from server.o(i.Server_CDPDataObjRX_0x0043) referenced from cdp.o(.constdata)
 <LI><a href="#[134]">Server_CDPDataObjRX_0x0702</a> from server.o(i.Server_CDPDataObjRX_0x0702) referenced from cdp.o(.constdata)
 <LI><a href="#[135]">Server_CDPDataObjRX_0x0901</a> from server.o(i.Server_CDPDataObjRX_0x0901) referenced from cdp.o(.constdata)
 <LI><a href="#[136]">Server_CDPDataObjRX_0x0912</a> from server.o(i.Server_CDPDataObjRX_0x0912) referenced from cdp.o(.constdata)
 <LI><a href="#[137]">Server_CDPDataObjRX_0x0913</a> from server.o(i.Server_CDPDataObjRX_0x0913) referenced from cdp.o(.constdata)
 <LI><a href="#[138]">Server_CDPDataObjRX_0x0C60</a> from server.o(i.Server_CDPDataObjRX_0x0C60) referenced from cdp.o(.constdata)
 <LI><a href="#[139]">Server_CDPDataObjRX_0x0D01</a> from server.o(i.Server_CDPDataObjRX_0x0D01) referenced from cdp.o(.constdata)
 <LI><a href="#[13a]">Server_CDPDataObjRX_0x0D02</a> from server.o(i.Server_CDPDataObjRX_0x0D02) referenced from cdp.o(.constdata)
 <LI><a href="#[12f]">SideCtrl_CDPDataObjRx_0x50</a> from cdp.o(i.SideCtrl_CDPDataObjRx_0x50) referenced from cdp.o(.constdata)
 <LI><a href="#[5a]">Spike_LegLenDetectPauseOff</a> from spike.o(i.Spike_LegLenDetectPauseOff) referenced from funclogic.o(i.MChair_FuncExe)
 <LI><a href="#[59]">Spike_LegLenDetectPauseOn</a> from spike.o(i.Spike_LegLenDetectPauseOn) referenced from funclogic.o(i.MChair_FuncExe)
 <LI><a href="#[14b]">Spike_MoveActionHandle</a> from spike.o(i.Spike_MoveActionHandle) referenced from spike.o(.constdata)
 <LI><a href="#[155]">Spike_ResetHandle</a> from spike.o(i.Spike_ResetHandle) referenced from spike.o(.constdata)
 <LI><a href="#[7e]">StandBy_GetKeyValID</a> from sysmode_standby.o(i.StandBy_GetKeyValID) referenced from sysmode_standby.o(i.SysMode_Standby_Handle)
 <LI><a href="#[bf]">StandBy_Key_EngiModeSelect</a> from sysmode_standby.o(i.StandBy_Key_EngiModeSelect) referenced from sysmode_standby.o(.constdata)
 <LI><a href="#[b8]">StandBy_Key_InspectAuto</a> from sysmode_standby.o(i.StandBy_Key_InspectAuto) referenced from sysmode_standby.o(.constdata)
 <LI><a href="#[b9]">StandBy_Key_InspectManual</a> from sysmode_standby.o(i.StandBy_Key_InspectManual) referenced from sysmode_standby.o(.constdata)
 <LI><a href="#[af]">StandBy_Key_NoKeyPress</a> from sysmode_standby.o(i.StandBy_Key_NoKeyPress) referenced from sysmode_standby.o(.constdata)
 <LI><a href="#[ba]">StandBy_Key_PackingAngle</a> from sysmode_standby.o(i.StandBy_Key_PackingAngle) referenced from sysmode_standby.o(.constdata)
 <LI><a href="#[b1]">StandBy_Key_Pause</a> from sysmode_standby.o(i.StandBy_Key_Pause) referenced from sysmode_standby.o(.constdata)
 <LI><a href="#[b0]">StandBy_Key_Power</a> from sysmode_standby.o(i.StandBy_Key_Power) referenced from sysmode_standby.o(.constdata)
 <LI><a href="#[b5]">StandBy_Key_SpikeBackDownFeetUp</a> from sysmode_standby.o(i.StandBy_Key_SpikeBackDownFeetUp) referenced 2 times from sysmode_standby.o(.constdata)
 <LI><a href="#[b4]">StandBy_Key_SpikeBackUpFeetDown</a> from sysmode_standby.o(i.StandBy_Key_SpikeBackUpFeetDown) referenced 3 times from sysmode_standby.o(.constdata)
 <LI><a href="#[b3]">StandBy_Key_SpikeFeetDown</a> from sysmode_standby.o(i.StandBy_Key_SpikeFeetDown) referenced 2 times from sysmode_standby.o(.constdata)
 <LI><a href="#[b2]">StandBy_Key_SpikeFeetUp</a> from sysmode_standby.o(i.StandBy_Key_SpikeFeetUp) referenced 2 times from sysmode_standby.o(.constdata)
 <LI><a href="#[c9]">StandBy_Key_SpikeHomeReset</a> from sysmode_standby.o(i.StandBy_Key_SpikeHomeReset) referenced from sysmode_userrun.o(.constdata)
 <LI><a href="#[c6]">StandBy_Key_SpikeLegExtend</a> from sysmode_standby.o(i.StandBy_Key_SpikeLegExtend) referenced from sysmode_userrun.o(.constdata)
 <LI><a href="#[c7]">StandBy_Key_SpikeLegShorten</a> from sysmode_standby.o(i.StandBy_Key_SpikeLegShorten) referenced from sysmode_userrun.o(.constdata)
 <LI><a href="#[c8]">StandBy_Key_SpikeZeroGravity</a> from sysmode_standby.o(i.StandBy_Key_SpikeZeroGravity) referenced from sysmode_userrun.o(.constdata)
 <LI><a href="#[b6]">StandBy_Key_SpikeZeroGravity1</a> from sysmode_standby.o(i.StandBy_Key_SpikeZeroGravity1) referenced 2 times from sysmode_standby.o(.constdata)
 <LI><a href="#[b7]">StandBy_Key_SpikeZeroGravity2</a> from sysmode_standby.o(i.StandBy_Key_SpikeZeroGravity2) referenced from sysmode_standby.o(.constdata)
 <LI><a href="#[bd]">StandBy_Key_TestAge</a> from sysmode_standby.o(i.StandBy_Key_TestAge) referenced from sysmode_standby.o(.constdata)
 <LI><a href="#[bb]">StandBy_Key_TestNoTimer</a> from sysmode_standby.o(i.StandBy_Key_TestNoTimer) referenced from sysmode_standby.o(.constdata)
 <LI><a href="#[be]">StandBy_Key_TestOther1</a> from sysmode_standby.o(i.StandBy_Key_TestOther1) referenced from sysmode_standby.o(.constdata)
 <LI><a href="#[bc]">StandBy_Key_TestSpike</a> from sysmode_standby.o(i.StandBy_Key_TestSpike) referenced from sysmode_standby.o(.constdata)
 <LI><a href="#[7f]">Standby_KeyValAdditonOp</a> from sysmode_standby.o(i.Standby_KeyValAdditonOp) referenced from sysmode_standby.o(i.SysMode_Standby_Handle)
 <LI><a href="#[9d]">SysMode_ERPPowerHandle</a> from sysmode.o(i.SysMode_ERPPowerHandle) referenced from sysmode.o(.constdata)
 <LI><a href="#[a9]">SysMode_InspectAuto_Handle</a> from sysmode_venderinspectauto.o(i.SysMode_InspectAuto_Handle) referenced from sysmode.o(.constdata)
 <LI><a href="#[9f]">SysMode_InspectAuto_Timer</a> from sysmode_venderinspectauto.o(i.SysMode_InspectAuto_Timer) referenced from sysmode.o(.constdata)
 <LI><a href="#[aa]">SysMode_InspectManual_Handle</a> from sysmode_venderinspectmannual.o(i.SysMode_InspectManual_Handle) referenced from sysmode.o(.constdata)
 <LI><a href="#[a0]">SysMode_InspectManual_Timer</a> from sysmode_venderinspectmannual.o(i.SysMode_InspectManual_Timer) referenced from sysmode.o(.constdata)
 <LI><a href="#[ad]">SysMode_InspectOther1_Handle</a> from sysmode_venderinspectother1.o(i.SysMode_InspectOther1_Handle) referenced from sysmode.o(.constdata)
 <LI><a href="#[a2]">SysMode_InspectOther1_Timer</a> from sysmode_venderinspectother1.o(i.SysMode_InspectOther1_Timer) referenced from sysmode.o(.constdata)
 <LI><a href="#[ae]">SysMode_InspectOther2_Handle</a> from sysmode_venderinspectother2.o(i.SysMode_InspectOther2_Handle) referenced from sysmode.o(.constdata)
 <LI><a href="#[a3]">SysMode_InspectOther2_Timer</a> from sysmode_venderinspectother2.o(i.SysMode_InspectOther2_Timer) referenced from sysmode.o(.constdata)
 <LI><a href="#[a4]">SysMode_OnOffKeyCheck</a> from sysmode.o(i.SysMode_OnOffKeyCheck) referenced from sysmode.o(.constdata)
 <LI><a href="#[ac]">SysMode_Packing_Handle</a> from sysmode_venderpacking.o(i.SysMode_Packing_Handle) referenced from sysmode.o(.constdata)
 <LI><a href="#[9c]">SysMode_PauseHandle</a> from sysmode.o(i.SysMode_PauseHandle) referenced from sysmode.o(.constdata)
 <LI><a href="#[a6]">SysMode_StandBy_EngiModeSelcetTLHandle</a> from sysmode_standby.o(i.SysMode_StandBy_EngiModeSelcetTLHandle) referenced from sysmode.o(.constdata)
 <LI><a href="#[a7]">SysMode_Standby_Handle</a> from sysmode_standby.o(i.SysMode_Standby_Handle) referenced from sysmode.o(.constdata)
 <LI><a href="#[ab]">SysMode_TestSpike_Handle</a> from sysmode_vendertestspike.o(i.SysMode_TestSpike_Handle) referenced from sysmode.o(.constdata)
 <LI><a href="#[a1]">SysMode_TestSpike_Timer</a> from sysmode_vendertestspike.o(i.SysMode_TestSpike_Timer) referenced from sysmode.o(.constdata)
 <LI><a href="#[a8]">SysMode_UserRun_Handle</a> from sysmode_userrun.o(i.SysMode_UserRun_Handle) referenced 3 times from sysmode.o(.constdata)
 <LI><a href="#[9e]">SysMode_UserRun_Timer</a> from sysmode_userrun.o(i.SysMode_UserRun_Timer) referenced from sysmode.o(.constdata)
 <LI><a href="#[9]">SysTick_Handler</a> from bsp_systicker.o(i.SysTick_Handler) referenced from startup_gd32f30x_hd.o(RESET)
 <LI><a href="#[47]">SystemInit</a> from system_gd32f30x.o(i.SystemInit) referenced from startup_gd32f30x_hd.o(.text)
 <LI><a href="#[82]">System_EvtHandle_CDPRx</a> from system.o(i.System_EvtHandle_CDPRx) referenced from system.o(.constdata)
 <LI><a href="#[c]">TAMPER_IRQHandler</a> from startup_gd32f30x_hd.o(.text) referenced from startup_gd32f30x_hd.o(RESET)
 <LI><a href="#[22]">TIMER0_BRK_IRQHandler</a> from startup_gd32f30x_hd.o(.text) referenced from startup_gd32f30x_hd.o(RESET)
 <LI><a href="#[25]">TIMER0_Channel_IRQHandler</a> from startup_gd32f30x_hd.o(.text) referenced from startup_gd32f30x_hd.o(RESET)
 <LI><a href="#[24]">TIMER0_TRG_CMT_IRQHandler</a> from startup_gd32f30x_hd.o(.text) referenced from startup_gd32f30x_hd.o(RESET)
 <LI><a href="#[23]">TIMER0_UP_IRQHandler</a> from startup_gd32f30x_hd.o(.text) referenced from startup_gd32f30x_hd.o(RESET)
 <LI><a href="#[26]">TIMER1_IRQHandler</a> from startup_gd32f30x_hd.o(.text) referenced from startup_gd32f30x_hd.o(RESET)
 <LI><a href="#[27]">TIMER2_IRQHandler</a> from startup_gd32f30x_hd.o(.text) referenced from startup_gd32f30x_hd.o(RESET)
 <LI><a href="#[28]">TIMER3_IRQHandler</a> from startup_gd32f30x_hd.o(.text) referenced from startup_gd32f30x_hd.o(RESET)
 <LI><a href="#[3c]">TIMER4_IRQHandler</a> from startup_gd32f30x_hd.o(.text) referenced from startup_gd32f30x_hd.o(RESET)
 <LI><a href="#[40]">TIMER5_IRQHandler</a> from startup_gd32f30x_hd.o(.text) referenced from startup_gd32f30x_hd.o(RESET)
 <LI><a href="#[41]">TIMER6_IRQHandler</a> from bsp_gpio.o(i.TIMER6_IRQHandler) referenced from startup_gd32f30x_hd.o(RESET)
 <LI><a href="#[35]">TIMER7_BRK_IRQHandler</a> from startup_gd32f30x_hd.o(.text) referenced from startup_gd32f30x_hd.o(RESET)
 <LI><a href="#[38]">TIMER7_Channel_IRQHandler</a> from startup_gd32f30x_hd.o(.text) referenced from startup_gd32f30x_hd.o(RESET)
 <LI><a href="#[37]">TIMER7_TRG_CMT_IRQHandler</a> from startup_gd32f30x_hd.o(.text) referenced from startup_gd32f30x_hd.o(RESET)
 <LI><a href="#[36]">TIMER7_UP_IRQHandler</a> from startup_gd32f30x_hd.o(.text) referenced from startup_gd32f30x_hd.o(RESET)
 <LI><a href="#[3e]">UART3_IRQHandler</a> from bsp_uart.o(i.UART3_IRQHandler) referenced from startup_gd32f30x_hd.o(RESET)
 <LI><a href="#[3f]">UART4_IRQHandler</a> from bsp_uart.o(i.UART4_IRQHandler) referenced from startup_gd32f30x_hd.o(RESET)
 <LI><a href="#[2f]">USART0_IRQHandler</a> from bsp_uart.o(i.USART0_IRQHandler) referenced from startup_gd32f30x_hd.o(RESET)
 <LI><a href="#[30]">USART1_IRQHandler</a> from bsp_uart.o(i.USART1_IRQHandler) referenced from startup_gd32f30x_hd.o(RESET)
 <LI><a href="#[31]">USART2_IRQHandler</a> from bsp_uart.o(i.USART2_IRQHandler) referenced from startup_gd32f30x_hd.o(RESET)
 <LI><a href="#[1d]">USBD_HP_CAN0_TX_IRQHandler</a> from startup_gd32f30x_hd.o(.text) referenced from startup_gd32f30x_hd.o(RESET)
 <LI><a href="#[1e]">USBD_LP_CAN0_RX0_IRQHandler</a> from startup_gd32f30x_hd.o(.text) referenced from startup_gd32f30x_hd.o(RESET)
 <LI><a href="#[34]">USBD_WKUP_IRQHandler</a> from startup_gd32f30x_hd.o(.text) referenced from startup_gd32f30x_hd.o(RESET)
 <LI><a href="#[5]">UsageFault_Handler</a> from startup_gd32f30x_hd.o(.text) referenced from startup_gd32f30x_hd.o(RESET)
 <LI><a href="#[80]">UserRun_GetKeyValID</a> from sysmode_userrun.o(i.UserRun_GetKeyValID) referenced from sysmode_userrun.o(i.SysMode_UserRun_Handle)
 <LI><a href="#[81]">UserRun_KeyValAdditonOp</a> from sysmode_userrun.o(i.UserRun_KeyValAdditonOp) referenced from sysmode_userrun.o(i.SysMode_UserRun_Handle)
 <LI><a href="#[fe]">UserRun_Key_AutoGridCombo</a> from sysmode_userrun.o(i.UserRun_Key_AutoGridCombo) referenced from sysmode_userrun.o(.constdata)
 <LI><a href="#[f4]">UserRun_Key_AutoLady</a> from sysmode_userrun.o(i.UserRun_Key_AutoLady) referenced from sysmode_userrun.o(.constdata)
 <LI><a href="#[fc]">UserRun_Key_AutoLumbarButtockPress</a> from sysmode_userrun.o(i.UserRun_Key_AutoLumbarButtockPress) referenced from sysmode_userrun.o(.constdata)
 <LI><a href="#[fb]">UserRun_Key_AutoLumbarButtockRecovery</a> from sysmode_userrun.o(i.UserRun_Key_AutoLumbarButtockRecovery) referenced from sysmode_userrun.o(.constdata)
 <LI><a href="#[fa]">UserRun_Key_AutoLumbarButtockRelax</a> from sysmode_userrun.o(i.UserRun_Key_AutoLumbarButtockRelax) referenced from sysmode_userrun.o(.constdata)
 <LI><a href="#[fd]">UserRun_Key_AutoLumbarKidneyCare</a> from sysmode_userrun.o(i.UserRun_Key_AutoLumbarKidneyCare) referenced from sysmode_userrun.o(.constdata)
 <LI><a href="#[f5]">UserRun_Key_AutoMan</a> from sysmode_userrun.o(i.UserRun_Key_AutoMan) referenced from sysmode_userrun.o(.constdata)
 <LI><a href="#[f0]">UserRun_Key_AutoMoveSleep</a> from sysmode_userrun.o(i.UserRun_Key_AutoMoveSleep) referenced from sysmode_userrun.o(.constdata)
 <LI><a href="#[ee]">UserRun_Key_AutoQuick</a> from sysmode_userrun.o(i.UserRun_Key_AutoQuick) referenced from sysmode_userrun.o(.constdata)
 <LI><a href="#[ef]">UserRun_Key_AutoRelax</a> from sysmode_userrun.o(i.UserRun_Key_AutoRelax) referenced from sysmode_userrun.o(.constdata)
 <LI><a href="#[f2]">UserRun_Key_AutoScraping</a> from sysmode_userrun.o(i.UserRun_Key_AutoScraping) referenced from sysmode_userrun.o(.constdata)
 <LI><a href="#[f3]">UserRun_Key_AutoShiatsu</a> from sysmode_userrun.o(i.UserRun_Key_AutoShiatsu) referenced from sysmode_userrun.o(.constdata)
 <LI><a href="#[f7]">UserRun_Key_AutoShoulderRecovery</a> from sysmode_userrun.o(i.UserRun_Key_AutoShoulderRecovery) referenced from sysmode_userrun.o(.constdata)
 <LI><a href="#[f6]">UserRun_Key_AutoShoulderRelax</a> from sysmode_userrun.o(i.UserRun_Key_AutoShoulderRelax) referenced from sysmode_userrun.o(.constdata)
 <LI><a href="#[f9]">UserRun_Key_AutoShoulderShiatsu</a> from sysmode_userrun.o(i.UserRun_Key_AutoShoulderShiatsu) referenced from sysmode_userrun.o(.constdata)
 <LI><a href="#[f8]">UserRun_Key_AutoShoulderTuina</a> from sysmode_userrun.o(i.UserRun_Key_AutoShoulderTuina) referenced from sysmode_userrun.o(.constdata)
 <LI><a href="#[f1]">UserRun_Key_AutoStretch</a> from sysmode_userrun.o(i.UserRun_Key_AutoStretch) referenced from sysmode_userrun.o(.constdata)
 <LI><a href="#[c5]">UserRun_Key_BluetoothSwitch</a> from sysmode_userrun.o(i.UserRun_Key_BluetoothSwitch) referenced from sysmode_userrun.o(.constdata)
 <LI><a href="#[c4]">UserRun_Key_BodyCheckOk</a> from sysmode_userrun.o(i.UserRun_Key_BodyCheckOk) referenced from sysmode_userrun.o(.constdata)
 <LI><a href="#[dd]">UserRun_Key_CoreClap</a> from sysmode_userrun.o(i.UserRun_Key_CoreClap) referenced from sysmode_userrun.o(.constdata)
 <LI><a href="#[d7]">UserRun_Key_CoreFlexLevel</a> from sysmode_userrun.o(i.UserRun_Key_CoreFlexLevel) referenced from sysmode_userrun.o(.constdata)
 <LI><a href="#[db]">UserRun_Key_CoreKnead</a> from sysmode_userrun.o(i.UserRun_Key_CoreKnead) referenced from sysmode_userrun.o(.constdata)
 <LI><a href="#[d6]">UserRun_Key_CoreMannualBack</a> from sysmode_userrun.o(i.UserRun_Key_CoreMannualBack) referenced from sysmode_userrun.o(.constdata)
 <LI><a href="#[d4]">UserRun_Key_CoreMannualDown</a> from sysmode_userrun.o(i.UserRun_Key_CoreMannualDown) referenced from sysmode_userrun.o(.constdata)
 <LI><a href="#[d5]">UserRun_Key_CoreMannualFront</a> from sysmode_userrun.o(i.UserRun_Key_CoreMannualFront) referenced from sysmode_userrun.o(.constdata)
 <LI><a href="#[d3]">UserRun_Key_CoreMannualUp</a> from sysmode_userrun.o(i.UserRun_Key_CoreMannualUp) referenced from sysmode_userrun.o(.constdata)
 <LI><a href="#[d9]">UserRun_Key_CorePart</a> from sysmode_userrun.o(i.UserRun_Key_CorePart) referenced from sysmode_userrun.o(.constdata)
 <LI><a href="#[da]">UserRun_Key_CoreRoll</a> from sysmode_userrun.o(i.UserRun_Key_CoreRoll) referenced from sysmode_userrun.o(.constdata)
 <LI><a href="#[de]">UserRun_Key_CoreShiatsu</a> from sysmode_userrun.o(i.UserRun_Key_CoreShiatsu) referenced from sysmode_userrun.o(.constdata)
 <LI><a href="#[d8]">UserRun_Key_CoreSpot</a> from sysmode_userrun.o(i.UserRun_Key_CoreSpot) referenced from sysmode_userrun.o(.constdata)
 <LI><a href="#[cf]">UserRun_Key_CoreTCSSpeed</a> from sysmode_userrun.o(i.UserRun_Key_CoreTCSSpeed) referenced from sysmode_userrun.o(.constdata)
 <LI><a href="#[cd]">UserRun_Key_CoreTCSSpeedAdd</a> from sysmode_userrun.o(i.UserRun_Key_CoreTCSSpeedAdd) referenced from sysmode_userrun.o(.constdata)
 <LI><a href="#[ce]">UserRun_Key_CoreTCSSpeedDec</a> from sysmode_userrun.o(i.UserRun_Key_CoreTCSSpeedDec) referenced from sysmode_userrun.o(.constdata)
 <LI><a href="#[dc]">UserRun_Key_CoreTap</a> from sysmode_userrun.o(i.UserRun_Key_CoreTap) referenced from sysmode_userrun.o(.constdata)
 <LI><a href="#[d2]">UserRun_Key_CoreWidth</a> from sysmode_userrun.o(i.UserRun_Key_CoreWidth) referenced from sysmode_userrun.o(.constdata)
 <LI><a href="#[d0]">UserRun_Key_CoreWidthAdd</a> from sysmode_userrun.o(i.UserRun_Key_CoreWidthAdd) referenced from sysmode_userrun.o(.constdata)
 <LI><a href="#[d1]">UserRun_Key_CoreWidthDec</a> from sysmode_userrun.o(i.UserRun_Key_CoreWidthDec) referenced from sysmode_userrun.o(.constdata)
 <LI><a href="#[df]">UserRun_Key_CoreXYZAction</a> from sysmode_userrun.o(i.UserRun_Key_CoreXYZAction) referenced from sysmode_userrun.o(.constdata)
 <LI><a href="#[cc]">UserRun_Key_CoreXYZSpeed</a> from sysmode_userrun.o(i.UserRun_Key_CoreXYZSpeed) referenced from sysmode_userrun.o(.constdata)
 <LI><a href="#[ca]">UserRun_Key_CoreXYZSpeedAdd</a> from sysmode_userrun.o(i.UserRun_Key_CoreXYZSpeedAdd) referenced from sysmode_userrun.o(.constdata)
 <LI><a href="#[cb]">UserRun_Key_CoreXYZSpeedDec</a> from sysmode_userrun.o(i.UserRun_Key_CoreXYZSpeedDec) referenced from sysmode_userrun.o(.constdata)
 <LI><a href="#[e4]">UserRun_Key_GasArms</a> from sysmode_userrun.o(i.UserRun_Key_GasArms) referenced from sysmode_userrun.o(.constdata)
 <LI><a href="#[e6]">UserRun_Key_GasCalves</a> from sysmode_userrun.o(i.UserRun_Key_GasCalves) referenced from sysmode_userrun.o(.constdata)
 <LI><a href="#[e7]">UserRun_Key_GasFullGas</a> from sysmode_userrun.o(i.UserRun_Key_GasFullGas) referenced from sysmode_userrun.o(.constdata)
 <LI><a href="#[e2]">UserRun_Key_GasIntensity</a> from sysmode_userrun.o(i.UserRun_Key_GasIntensity) referenced from sysmode_userrun.o(.constdata)
 <LI><a href="#[e0]">UserRun_Key_GasIntensityAdd</a> from sysmode_userrun.o(i.UserRun_Key_GasIntensityAdd) referenced from sysmode_userrun.o(.constdata)
 <LI><a href="#[e1]">UserRun_Key_GasIntensityDec</a> from sysmode_userrun.o(i.UserRun_Key_GasIntensityDec) referenced from sysmode_userrun.o(.constdata)
 <LI><a href="#[e5]">UserRun_Key_GasLumbarSeat</a> from sysmode_userrun.o(i.UserRun_Key_GasLumbarSeat) referenced from sysmode_userrun.o(.constdata)
 <LI><a href="#[e8]">UserRun_Key_GasPartSelcet</a> from sysmode_userrun.o(i.UserRun_Key_GasPartSelcet) referenced from sysmode_userrun.o(.constdata)
 <LI><a href="#[e9]">UserRun_Key_GasQuickGas</a> from sysmode_userrun.o(i.UserRun_Key_GasQuickGas) referenced from sysmode_userrun.o(.constdata)
 <LI><a href="#[e3]">UserRun_Key_GasShoulder</a> from sysmode_userrun.o(i.UserRun_Key_GasShoulder) referenced from sysmode_userrun.o(.constdata)
 <LI><a href="#[ea]">UserRun_Key_HeatLumbarBack</a> from sysmode_userrun.o(i.UserRun_Key_HeatLumbarBack) referenced 2 times from sysmode_userrun.o(.constdata)
 <LI><a href="#[ff]">UserRun_Key_InspectAuto</a> from sysmode_userrun.o(i.UserRun_Key_InspectAuto) referenced from sysmode_userrun.o(.constdata)
 <LI><a href="#[100]">UserRun_Key_InspectManual</a> from sysmode_userrun.o(i.UserRun_Key_InspectManual) referenced from sysmode_userrun.o(.constdata)
 <LI><a href="#[102]">UserRun_Key_InspectOther1</a> from sysmode_userrun.o(i.UserRun_Key_InspectOther1) referenced from sysmode_userrun.o(.constdata)
 <LI><a href="#[103]">UserRun_Key_InspectOther2</a> from sysmode_userrun.o(i.UserRun_Key_InspectOther2) referenced from sysmode_userrun.o(.constdata)
 <LI><a href="#[c0]">UserRun_Key_NoKeyPress</a> from sysmode_userrun.o(i.UserRun_Key_NoKeyPress) referenced from sysmode_userrun.o(.constdata)
 <LI><a href="#[101]">UserRun_Key_PackingAngle</a> from sysmode_userrun.o(i.UserRun_Key_PackingAngle) referenced from sysmode_userrun.o(.constdata)
 <LI><a href="#[c2]">UserRun_Key_Pause</a> from sysmode_userrun.o(i.UserRun_Key_Pause) referenced from sysmode_userrun.o(.constdata)
 <LI><a href="#[c1]">UserRun_Key_Power</a> from sysmode_userrun.o(i.UserRun_Key_Power) referenced from sysmode_userrun.o(.constdata)
 <LI><a href="#[eb]">UserRun_Key_RollerCalves</a> from sysmode_userrun.o(i.UserRun_Key_RollerCalves) referenced from sysmode_userrun.o(.constdata)
 <LI><a href="#[ec]">UserRun_Key_RollerFeet</a> from sysmode_userrun.o(i.UserRun_Key_RollerFeet) referenced from sysmode_userrun.o(.constdata)
 <LI><a href="#[ed]">UserRun_Key_SleepLed</a> from sysmode_userrun.o(i.UserRun_Key_SleepLed) referenced from sysmode_userrun.o(.constdata)
 <LI><a href="#[106]">UserRun_Key_TestAge</a> from sysmode_userrun.o(i.UserRun_Key_TestAge) referenced from sysmode_userrun.o(.constdata)
 <LI><a href="#[104]">UserRun_Key_TestNoTimer</a> from sysmode_userrun.o(i.UserRun_Key_TestNoTimer) referenced from sysmode_userrun.o(.constdata)
 <LI><a href="#[105]">UserRun_Key_TestSpike</a> from sysmode_userrun.o(i.UserRun_Key_TestSpike) referenced from sysmode_userrun.o(.constdata)
 <LI><a href="#[c3]">UserRun_Key_Timer</a> from sysmode_userrun.o(i.UserRun_Key_Timer) referenced from sysmode_userrun.o(.constdata)
 <LI><a href="#[14a]">Vib_AllPartsHandle</a> from vib.o(i.Vib_AllPartsHandle) referenced from vib.o(.constdata)
 <LI><a href="#[12d]">Vib_CDPDataObjRx_0x4A</a> from vib.o(i.Vib_CDPDataObjRx_0x4A) referenced from cdp.o(.constdata)
 <LI><a href="#[75]">Vib_CalvesVibPauseOff</a> from vib.o(i.Vib_CalvesVibPauseOff) referenced from sysmode.o(i.SysMode_PauseHandle)
 <LI><a href="#[65]">Vib_CalvesVibPauseOn</a> from vib.o(i.Vib_CalvesVibPauseOn) referenced from sysmode.o(i.SysMode_PauseHandle)
 <LI><a href="#[74]">Vib_FeetVibPauseOff</a> from vib.o(i.Vib_FeetVibPauseOff) referenced from sysmode.o(i.SysMode_PauseHandle)
 <LI><a href="#[64]">Vib_FeetVibPauseOn</a> from vib.o(i.Vib_FeetVibPauseOn) referenced from sysmode.o(i.SysMode_PauseHandle)
 <LI><a href="#[77]">Vib_LumbarBackVibPauseOff</a> from vib.o(i.Vib_LumbarBackVibPauseOff) referenced from sysmode.o(i.SysMode_PauseHandle)
 <LI><a href="#[67]">Vib_LumbarBackVibPauseOn</a> from vib.o(i.Vib_LumbarBackVibPauseOn) referenced from sysmode.o(i.SysMode_PauseHandle)
 <LI><a href="#[76]">Vib_SeatVibPauseOff</a> from vib.o(i.Vib_SeatVibPauseOff) referenced from sysmode.o(i.SysMode_PauseHandle)
 <LI><a href="#[66]">Vib_SeatVibPauseOn</a> from vib.o(i.Vib_SeatVibPauseOn) referenced from sysmode.o(i.SysMode_PauseHandle)
 <LI><a href="#[163]">VoiceKey_AutoLadyOn</a> from server.o(i.VoiceKey_AutoLadyOn) referenced from server.o(.constdata)
 <LI><a href="#[164]">VoiceKey_AutoManOn</a> from server.o(i.VoiceKey_AutoManOn) referenced from server.o(.constdata)
 <LI><a href="#[15f]">VoiceKey_AutoMoveSleepOn</a> from server.o(i.VoiceKey_AutoMoveSleepOn) referenced from server.o(.constdata)
 <LI><a href="#[15d]">VoiceKey_AutoQuickOn</a> from server.o(i.VoiceKey_AutoQuickOn) referenced from server.o(.constdata)
 <LI><a href="#[15e]">VoiceKey_AutoRelaxOn</a> from server.o(i.VoiceKey_AutoRelaxOn) referenced from server.o(.constdata)
 <LI><a href="#[161]">VoiceKey_AutoScrapingOn</a> from server.o(i.VoiceKey_AutoScrapingOn) referenced from server.o(.constdata)
 <LI><a href="#[162]">VoiceKey_AutoShiatsuOn</a> from server.o(i.VoiceKey_AutoShiatsuOn) referenced from server.o(.constdata)
 <LI><a href="#[160]">VoiceKey_AutoStretchOn</a> from server.o(i.VoiceKey_AutoStretchOn) referenced from server.o(.constdata)
 <LI><a href="#[15a]">VoiceKey_Default</a> from server.o(i.VoiceKey_Default) referenced 4 times from server.o(.constdata)
 <LI><a href="#[15c]">VoiceKey_HeatLumbarBackOff</a> from server.o(i.VoiceKey_HeatLumbarBackOff) referenced from server.o(.constdata)
 <LI><a href="#[15b]">VoiceKey_HeatLumbarBackOn</a> from server.o(i.VoiceKey_HeatLumbarBackOn) referenced from server.o(.constdata)
 <LI><a href="#[159]">VoiceKey_PauseOff</a> from server.o(i.VoiceKey_PauseOff) referenced from server.o(.constdata)
 <LI><a href="#[158]">VoiceKey_PauseOn</a> from server.o(i.VoiceKey_PauseOn) referenced from server.o(.constdata)
 <LI><a href="#[157]">VoiceKey_PowerOff</a> from server.o(i.VoiceKey_PowerOff) referenced from server.o(.constdata)
 <LI><a href="#[156]">VoiceKey_PowerOn</a> from server.o(i.VoiceKey_PowerOn) referenced from server.o(.constdata)
 <LI><a href="#[5b]">VoiceLogicID</a> from server.o(i.VoiceLogicID) referenced from server.o(i.Server_CDPDataObjRX_0x0702)
 <LI><a href="#[a]">WWDGT_IRQHandler</a> from startup_gd32f30x_hd.o(.text) referenced from startup_gd32f30x_hd.o(RESET)
 <LI><a href="#[70]">ZeroSpike_PauseOff</a> from zerospike.o(i.ZeroSpike_PauseOff) referenced from sysmode.o(i.SysMode_PauseHandle)
 <LI><a href="#[60]">ZeroSpike_PauseOn</a> from zerospike.o(i.ZeroSpike_PauseOn) referenced from sysmode.o(i.SysMode_PauseHandle)
 <LI><a href="#[48]">__main</a> from entry.o(.ARM.Collect$$$$00000000) referenced from startup_gd32f30x_hd.o(.text)
 <LI><a href="#[46]">main</a> from main.o(i.main) referenced from entry9a.o(.ARM.Collect$$$$0000000B)
</UL>
<P>
<H3>
Global Symbols
</H3>
<P><STRONG><a name="[48]"></a>__main</STRONG> (Thumb, 0 bytes, Stack size unknown bytes, entry.o(.ARM.Collect$$$$00000000))
<BR>[Address Reference Count : 1]<UL><LI> startup_gd32f30x_hd.o(.text)
</UL>
<P><STRONG><a name="[2e2]"></a>_main_stk</STRONG> (Thumb, 0 bytes, Stack size unknown bytes, entry2.o(.ARM.Collect$$$$00000001))

<P><STRONG><a name="[165]"></a>_main_scatterload</STRONG> (Thumb, 0 bytes, Stack size unknown bytes, entry5.o(.ARM.Collect$$$$00000004))
<BR><BR>[Calls]<UL><LI><a href="#[166]">&gt;&gt;</a>&nbsp;&nbsp;&nbsp;__scatterload
</UL>

<P><STRONG><a name="[16a]"></a>__main_after_scatterload</STRONG> (Thumb, 0 bytes, Stack size unknown bytes, entry5.o(.ARM.Collect$$$$00000004))
<BR><BR>[Called By]<UL><LI><a href="#[166]">&gt;&gt;</a>&nbsp;&nbsp;&nbsp;__scatterload
</UL>

<P><STRONG><a name="[2e3]"></a>_main_clock</STRONG> (Thumb, 0 bytes, Stack size unknown bytes, entry7b.o(.ARM.Collect$$$$00000008))

<P><STRONG><a name="[2e4]"></a>_main_cpp_init</STRONG> (Thumb, 0 bytes, Stack size unknown bytes, entry8b.o(.ARM.Collect$$$$0000000A))

<P><STRONG><a name="[2e5]"></a>_main_init</STRONG> (Thumb, 0 bytes, Stack size unknown bytes, entry9a.o(.ARM.Collect$$$$0000000B))

<P><STRONG><a name="[2e6]"></a>__rt_lib_shutdown_fini</STRONG> (Thumb, 0 bytes, Stack size unknown bytes, entry12b.o(.ARM.Collect$$$$0000000E))

<P><STRONG><a name="[2e7]"></a>__rt_final_cpp</STRONG> (Thumb, 0 bytes, Stack size unknown bytes, entry10a.o(.ARM.Collect$$$$0000000F))

<P><STRONG><a name="[2e8]"></a>__rt_final_exit</STRONG> (Thumb, 0 bytes, Stack size unknown bytes, entry11a.o(.ARM.Collect$$$$00000011))

<P><STRONG><a name="[0]"></a>Reset_Handler</STRONG> (Thumb, 8 bytes, Stack size 0 bytes, startup_gd32f30x_hd.o(.text))
<BR>[Address Reference Count : 1]<UL><LI> startup_gd32f30x_hd.o(RESET)
</UL>
<P><STRONG><a name="[1]"></a>NMI_Handler</STRONG> (Thumb, 2 bytes, Stack size 0 bytes, startup_gd32f30x_hd.o(.text))
<BR><BR>[Calls]<UL><LI><a href="#[1]">&gt;&gt;</a>&nbsp;&nbsp;&nbsp;NMI_Handler
</UL>
<BR>[Called By]<UL><LI><a href="#[1]">&gt;&gt;</a>&nbsp;&nbsp;&nbsp;NMI_Handler
</UL>
<BR>[Address Reference Count : 1]<UL><LI> startup_gd32f30x_hd.o(RESET)
</UL>
<P><STRONG><a name="[2]"></a>HardFault_Handler</STRONG> (Thumb, 2 bytes, Stack size 0 bytes, startup_gd32f30x_hd.o(.text))
<BR><BR>[Calls]<UL><LI><a href="#[2]">&gt;&gt;</a>&nbsp;&nbsp;&nbsp;HardFault_Handler
</UL>
<BR>[Called By]<UL><LI><a href="#[2]">&gt;&gt;</a>&nbsp;&nbsp;&nbsp;HardFault_Handler
</UL>
<BR>[Address Reference Count : 1]<UL><LI> startup_gd32f30x_hd.o(RESET)
</UL>
<P><STRONG><a name="[3]"></a>MemManage_Handler</STRONG> (Thumb, 2 bytes, Stack size 0 bytes, startup_gd32f30x_hd.o(.text))
<BR><BR>[Calls]<UL><LI><a href="#[3]">&gt;&gt;</a>&nbsp;&nbsp;&nbsp;MemManage_Handler
</UL>
<BR>[Called By]<UL><LI><a href="#[3]">&gt;&gt;</a>&nbsp;&nbsp;&nbsp;MemManage_Handler
</UL>
<BR>[Address Reference Count : 1]<UL><LI> startup_gd32f30x_hd.o(RESET)
</UL>
<P><STRONG><a name="[4]"></a>BusFault_Handler</STRONG> (Thumb, 2 bytes, Stack size 0 bytes, startup_gd32f30x_hd.o(.text))
<BR><BR>[Calls]<UL><LI><a href="#[4]">&gt;&gt;</a>&nbsp;&nbsp;&nbsp;BusFault_Handler
</UL>
<BR>[Called By]<UL><LI><a href="#[4]">&gt;&gt;</a>&nbsp;&nbsp;&nbsp;BusFault_Handler
</UL>
<BR>[Address Reference Count : 1]<UL><LI> startup_gd32f30x_hd.o(RESET)
</UL>
<P><STRONG><a name="[5]"></a>UsageFault_Handler</STRONG> (Thumb, 2 bytes, Stack size 0 bytes, startup_gd32f30x_hd.o(.text))
<BR><BR>[Calls]<UL><LI><a href="#[5]">&gt;&gt;</a>&nbsp;&nbsp;&nbsp;UsageFault_Handler
</UL>
<BR>[Called By]<UL><LI><a href="#[5]">&gt;&gt;</a>&nbsp;&nbsp;&nbsp;UsageFault_Handler
</UL>
<BR>[Address Reference Count : 1]<UL><LI> startup_gd32f30x_hd.o(RESET)
</UL>
<P><STRONG><a name="[6]"></a>SVC_Handler</STRONG> (Thumb, 2 bytes, Stack size 0 bytes, startup_gd32f30x_hd.o(.text))
<BR><BR>[Calls]<UL><LI><a href="#[6]">&gt;&gt;</a>&nbsp;&nbsp;&nbsp;SVC_Handler
</UL>
<BR>[Called By]<UL><LI><a href="#[6]">&gt;&gt;</a>&nbsp;&nbsp;&nbsp;SVC_Handler
</UL>
<BR>[Address Reference Count : 1]<UL><LI> startup_gd32f30x_hd.o(RESET)
</UL>
<P><STRONG><a name="[7]"></a>DebugMon_Handler</STRONG> (Thumb, 2 bytes, Stack size 0 bytes, startup_gd32f30x_hd.o(.text))
<BR><BR>[Calls]<UL><LI><a href="#[7]">&gt;&gt;</a>&nbsp;&nbsp;&nbsp;DebugMon_Handler
</UL>
<BR>[Called By]<UL><LI><a href="#[7]">&gt;&gt;</a>&nbsp;&nbsp;&nbsp;DebugMon_Handler
</UL>
<BR>[Address Reference Count : 1]<UL><LI> startup_gd32f30x_hd.o(RESET)
</UL>
<P><STRONG><a name="[8]"></a>PendSV_Handler</STRONG> (Thumb, 2 bytes, Stack size 0 bytes, startup_gd32f30x_hd.o(.text))
<BR><BR>[Calls]<UL><LI><a href="#[8]">&gt;&gt;</a>&nbsp;&nbsp;&nbsp;PendSV_Handler
</UL>
<BR>[Called By]<UL><LI><a href="#[8]">&gt;&gt;</a>&nbsp;&nbsp;&nbsp;PendSV_Handler
</UL>
<BR>[Address Reference Count : 1]<UL><LI> startup_gd32f30x_hd.o(RESET)
</UL>
<P><STRONG><a name="[39]"></a>ADC2_IRQHandler</STRONG> (Thumb, 0 bytes, Stack size 0 bytes, startup_gd32f30x_hd.o(.text))
<BR><BR>[Calls]<UL><LI><a href="#[39]">&gt;&gt;</a>&nbsp;&nbsp;&nbsp;ADC2_IRQHandler
</UL>
<BR>[Called By]<UL><LI><a href="#[39]">&gt;&gt;</a>&nbsp;&nbsp;&nbsp;ADC2_IRQHandler
</UL>
<BR>[Address Reference Count : 1]<UL><LI> startup_gd32f30x_hd.o(RESET)
</UL>
<P><STRONG><a name="[20]"></a>CAN0_EWMC_IRQHandler</STRONG> (Thumb, 0 bytes, Stack size 0 bytes, startup_gd32f30x_hd.o(.text))
<BR>[Address Reference Count : 1]<UL><LI> startup_gd32f30x_hd.o(RESET)
</UL>
<P><STRONG><a name="[1f]"></a>CAN0_RX1_IRQHandler</STRONG> (Thumb, 0 bytes, Stack size 0 bytes, startup_gd32f30x_hd.o(.text))
<BR>[Address Reference Count : 1]<UL><LI> startup_gd32f30x_hd.o(RESET)
</UL>
<P><STRONG><a name="[15]"></a>DMA0_Channel0_IRQHandler</STRONG> (Thumb, 0 bytes, Stack size 0 bytes, startup_gd32f30x_hd.o(.text))
<BR>[Address Reference Count : 1]<UL><LI> startup_gd32f30x_hd.o(RESET)
</UL>
<P><STRONG><a name="[16]"></a>DMA0_Channel1_IRQHandler</STRONG> (Thumb, 0 bytes, Stack size 0 bytes, startup_gd32f30x_hd.o(.text))
<BR>[Address Reference Count : 1]<UL><LI> startup_gd32f30x_hd.o(RESET)
</UL>
<P><STRONG><a name="[17]"></a>DMA0_Channel2_IRQHandler</STRONG> (Thumb, 0 bytes, Stack size 0 bytes, startup_gd32f30x_hd.o(.text))
<BR>[Address Reference Count : 1]<UL><LI> startup_gd32f30x_hd.o(RESET)
</UL>
<P><STRONG><a name="[18]"></a>DMA0_Channel3_IRQHandler</STRONG> (Thumb, 0 bytes, Stack size 0 bytes, startup_gd32f30x_hd.o(.text))
<BR>[Address Reference Count : 1]<UL><LI> startup_gd32f30x_hd.o(RESET)
</UL>
<P><STRONG><a name="[19]"></a>DMA0_Channel4_IRQHandler</STRONG> (Thumb, 0 bytes, Stack size 0 bytes, startup_gd32f30x_hd.o(.text))
<BR>[Address Reference Count : 1]<UL><LI> startup_gd32f30x_hd.o(RESET)
</UL>
<P><STRONG><a name="[1a]"></a>DMA0_Channel5_IRQHandler</STRONG> (Thumb, 0 bytes, Stack size 0 bytes, startup_gd32f30x_hd.o(.text))
<BR>[Address Reference Count : 1]<UL><LI> startup_gd32f30x_hd.o(RESET)
</UL>
<P><STRONG><a name="[1b]"></a>DMA0_Channel6_IRQHandler</STRONG> (Thumb, 0 bytes, Stack size 0 bytes, startup_gd32f30x_hd.o(.text))
<BR>[Address Reference Count : 1]<UL><LI> startup_gd32f30x_hd.o(RESET)
</UL>
<P><STRONG><a name="[42]"></a>DMA1_Channel0_IRQHandler</STRONG> (Thumb, 0 bytes, Stack size 0 bytes, startup_gd32f30x_hd.o(.text))
<BR>[Address Reference Count : 1]<UL><LI> startup_gd32f30x_hd.o(RESET)
</UL>
<P><STRONG><a name="[43]"></a>DMA1_Channel1_IRQHandler</STRONG> (Thumb, 0 bytes, Stack size 0 bytes, startup_gd32f30x_hd.o(.text))
<BR>[Address Reference Count : 1]<UL><LI> startup_gd32f30x_hd.o(RESET)
</UL>
<P><STRONG><a name="[44]"></a>DMA1_Channel2_IRQHandler</STRONG> (Thumb, 0 bytes, Stack size 0 bytes, startup_gd32f30x_hd.o(.text))
<BR>[Address Reference Count : 1]<UL><LI> startup_gd32f30x_hd.o(RESET)
</UL>
<P><STRONG><a name="[45]"></a>DMA1_Channel3_4_IRQHandler</STRONG> (Thumb, 0 bytes, Stack size 0 bytes, startup_gd32f30x_hd.o(.text))
<BR>[Address Reference Count : 1]<UL><LI> startup_gd32f30x_hd.o(RESET)
</UL>
<P><STRONG><a name="[3a]"></a>EXMC_IRQHandler</STRONG> (Thumb, 0 bytes, Stack size 0 bytes, startup_gd32f30x_hd.o(.text))
<BR>[Address Reference Count : 1]<UL><LI> startup_gd32f30x_hd.o(RESET)
</UL>
<P><STRONG><a name="[32]"></a>EXTI10_15_IRQHandler</STRONG> (Thumb, 0 bytes, Stack size 0 bytes, startup_gd32f30x_hd.o(.text))
<BR>[Address Reference Count : 1]<UL><LI> startup_gd32f30x_hd.o(RESET)
</UL>
<P><STRONG><a name="[11]"></a>EXTI1_IRQHandler</STRONG> (Thumb, 0 bytes, Stack size 0 bytes, startup_gd32f30x_hd.o(.text))
<BR>[Address Reference Count : 1]<UL><LI> startup_gd32f30x_hd.o(RESET)
</UL>
<P><STRONG><a name="[12]"></a>EXTI2_IRQHandler</STRONG> (Thumb, 0 bytes, Stack size 0 bytes, startup_gd32f30x_hd.o(.text))
<BR>[Address Reference Count : 1]<UL><LI> startup_gd32f30x_hd.o(RESET)
</UL>
<P><STRONG><a name="[13]"></a>EXTI3_IRQHandler</STRONG> (Thumb, 0 bytes, Stack size 0 bytes, startup_gd32f30x_hd.o(.text))
<BR>[Address Reference Count : 1]<UL><LI> startup_gd32f30x_hd.o(RESET)
</UL>
<P><STRONG><a name="[14]"></a>EXTI4_IRQHandler</STRONG> (Thumb, 0 bytes, Stack size 0 bytes, startup_gd32f30x_hd.o(.text))
<BR>[Address Reference Count : 1]<UL><LI> startup_gd32f30x_hd.o(RESET)
</UL>
<P><STRONG><a name="[21]"></a>EXTI5_9_IRQHandler</STRONG> (Thumb, 0 bytes, Stack size 0 bytes, startup_gd32f30x_hd.o(.text))
<BR>[Address Reference Count : 1]<UL><LI> startup_gd32f30x_hd.o(RESET)
</UL>
<P><STRONG><a name="[e]"></a>FMC_IRQHandler</STRONG> (Thumb, 0 bytes, Stack size 0 bytes, startup_gd32f30x_hd.o(.text))
<BR>[Address Reference Count : 1]<UL><LI> startup_gd32f30x_hd.o(RESET)
</UL>
<P><STRONG><a name="[2a]"></a>I2C0_ER_IRQHandler</STRONG> (Thumb, 0 bytes, Stack size 0 bytes, startup_gd32f30x_hd.o(.text))
<BR>[Address Reference Count : 1]<UL><LI> startup_gd32f30x_hd.o(RESET)
</UL>
<P><STRONG><a name="[29]"></a>I2C0_EV_IRQHandler</STRONG> (Thumb, 0 bytes, Stack size 0 bytes, startup_gd32f30x_hd.o(.text))
<BR>[Address Reference Count : 1]<UL><LI> startup_gd32f30x_hd.o(RESET)
</UL>
<P><STRONG><a name="[2c]"></a>I2C1_ER_IRQHandler</STRONG> (Thumb, 0 bytes, Stack size 0 bytes, startup_gd32f30x_hd.o(.text))
<BR>[Address Reference Count : 1]<UL><LI> startup_gd32f30x_hd.o(RESET)
</UL>
<P><STRONG><a name="[2b]"></a>I2C1_EV_IRQHandler</STRONG> (Thumb, 0 bytes, Stack size 0 bytes, startup_gd32f30x_hd.o(.text))
<BR>[Address Reference Count : 1]<UL><LI> startup_gd32f30x_hd.o(RESET)
</UL>
<P><STRONG><a name="[b]"></a>LVD_IRQHandler</STRONG> (Thumb, 0 bytes, Stack size 0 bytes, startup_gd32f30x_hd.o(.text))
<BR>[Address Reference Count : 1]<UL><LI> startup_gd32f30x_hd.o(RESET)
</UL>
<P><STRONG><a name="[f]"></a>RCU_CTC_IRQHandler</STRONG> (Thumb, 0 bytes, Stack size 0 bytes, startup_gd32f30x_hd.o(.text))
<BR>[Address Reference Count : 1]<UL><LI> startup_gd32f30x_hd.o(RESET)
</UL>
<P><STRONG><a name="[33]"></a>RTC_Alarm_IRQHandler</STRONG> (Thumb, 0 bytes, Stack size 0 bytes, startup_gd32f30x_hd.o(.text))
<BR>[Address Reference Count : 1]<UL><LI> startup_gd32f30x_hd.o(RESET)
</UL>
<P><STRONG><a name="[d]"></a>RTC_IRQHandler</STRONG> (Thumb, 0 bytes, Stack size 0 bytes, startup_gd32f30x_hd.o(.text))
<BR>[Address Reference Count : 1]<UL><LI> startup_gd32f30x_hd.o(RESET)
</UL>
<P><STRONG><a name="[3b]"></a>SDIO_IRQHandler</STRONG> (Thumb, 0 bytes, Stack size 0 bytes, startup_gd32f30x_hd.o(.text))
<BR>[Address Reference Count : 1]<UL><LI> startup_gd32f30x_hd.o(RESET)
</UL>
<P><STRONG><a name="[2d]"></a>SPI0_IRQHandler</STRONG> (Thumb, 0 bytes, Stack size 0 bytes, startup_gd32f30x_hd.o(.text))
<BR>[Address Reference Count : 1]<UL><LI> startup_gd32f30x_hd.o(RESET)
</UL>
<P><STRONG><a name="[2e]"></a>SPI1_IRQHandler</STRONG> (Thumb, 0 bytes, Stack size 0 bytes, startup_gd32f30x_hd.o(.text))
<BR>[Address Reference Count : 1]<UL><LI> startup_gd32f30x_hd.o(RESET)
</UL>
<P><STRONG><a name="[3d]"></a>SPI2_IRQHandler</STRONG> (Thumb, 0 bytes, Stack size 0 bytes, startup_gd32f30x_hd.o(.text))
<BR>[Address Reference Count : 1]<UL><LI> startup_gd32f30x_hd.o(RESET)
</UL>
<P><STRONG><a name="[c]"></a>TAMPER_IRQHandler</STRONG> (Thumb, 0 bytes, Stack size 0 bytes, startup_gd32f30x_hd.o(.text))
<BR>[Address Reference Count : 1]<UL><LI> startup_gd32f30x_hd.o(RESET)
</UL>
<P><STRONG><a name="[22]"></a>TIMER0_BRK_IRQHandler</STRONG> (Thumb, 0 bytes, Stack size 0 bytes, startup_gd32f30x_hd.o(.text))
<BR>[Address Reference Count : 1]<UL><LI> startup_gd32f30x_hd.o(RESET)
</UL>
<P><STRONG><a name="[25]"></a>TIMER0_Channel_IRQHandler</STRONG> (Thumb, 0 bytes, Stack size 0 bytes, startup_gd32f30x_hd.o(.text))
<BR>[Address Reference Count : 1]<UL><LI> startup_gd32f30x_hd.o(RESET)
</UL>
<P><STRONG><a name="[24]"></a>TIMER0_TRG_CMT_IRQHandler</STRONG> (Thumb, 0 bytes, Stack size 0 bytes, startup_gd32f30x_hd.o(.text))
<BR>[Address Reference Count : 1]<UL><LI> startup_gd32f30x_hd.o(RESET)
</UL>
<P><STRONG><a name="[23]"></a>TIMER0_UP_IRQHandler</STRONG> (Thumb, 0 bytes, Stack size 0 bytes, startup_gd32f30x_hd.o(.text))
<BR>[Address Reference Count : 1]<UL><LI> startup_gd32f30x_hd.o(RESET)
</UL>
<P><STRONG><a name="[26]"></a>TIMER1_IRQHandler</STRONG> (Thumb, 0 bytes, Stack size 0 bytes, startup_gd32f30x_hd.o(.text))
<BR>[Address Reference Count : 1]<UL><LI> startup_gd32f30x_hd.o(RESET)
</UL>
<P><STRONG><a name="[27]"></a>TIMER2_IRQHandler</STRONG> (Thumb, 0 bytes, Stack size 0 bytes, startup_gd32f30x_hd.o(.text))
<BR>[Address Reference Count : 1]<UL><LI> startup_gd32f30x_hd.o(RESET)
</UL>
<P><STRONG><a name="[28]"></a>TIMER3_IRQHandler</STRONG> (Thumb, 0 bytes, Stack size 0 bytes, startup_gd32f30x_hd.o(.text))
<BR>[Address Reference Count : 1]<UL><LI> startup_gd32f30x_hd.o(RESET)
</UL>
<P><STRONG><a name="[3c]"></a>TIMER4_IRQHandler</STRONG> (Thumb, 0 bytes, Stack size 0 bytes, startup_gd32f30x_hd.o(.text))
<BR>[Address Reference Count : 1]<UL><LI> startup_gd32f30x_hd.o(RESET)
</UL>
<P><STRONG><a name="[40]"></a>TIMER5_IRQHandler</STRONG> (Thumb, 0 bytes, Stack size 0 bytes, startup_gd32f30x_hd.o(.text))
<BR>[Address Reference Count : 1]<UL><LI> startup_gd32f30x_hd.o(RESET)
</UL>
<P><STRONG><a name="[35]"></a>TIMER7_BRK_IRQHandler</STRONG> (Thumb, 0 bytes, Stack size 0 bytes, startup_gd32f30x_hd.o(.text))
<BR>[Address Reference Count : 1]<UL><LI> startup_gd32f30x_hd.o(RESET)
</UL>
<P><STRONG><a name="[38]"></a>TIMER7_Channel_IRQHandler</STRONG> (Thumb, 0 bytes, Stack size 0 bytes, startup_gd32f30x_hd.o(.text))
<BR>[Address Reference Count : 1]<UL><LI> startup_gd32f30x_hd.o(RESET)
</UL>
<P><STRONG><a name="[37]"></a>TIMER7_TRG_CMT_IRQHandler</STRONG> (Thumb, 0 bytes, Stack size 0 bytes, startup_gd32f30x_hd.o(.text))
<BR>[Address Reference Count : 1]<UL><LI> startup_gd32f30x_hd.o(RESET)
</UL>
<P><STRONG><a name="[36]"></a>TIMER7_UP_IRQHandler</STRONG> (Thumb, 0 bytes, Stack size 0 bytes, startup_gd32f30x_hd.o(.text))
<BR>[Address Reference Count : 1]<UL><LI> startup_gd32f30x_hd.o(RESET)
</UL>
<P><STRONG><a name="[1d]"></a>USBD_HP_CAN0_TX_IRQHandler</STRONG> (Thumb, 0 bytes, Stack size 0 bytes, startup_gd32f30x_hd.o(.text))
<BR>[Address Reference Count : 1]<UL><LI> startup_gd32f30x_hd.o(RESET)
</UL>
<P><STRONG><a name="[1e]"></a>USBD_LP_CAN0_RX0_IRQHandler</STRONG> (Thumb, 0 bytes, Stack size 0 bytes, startup_gd32f30x_hd.o(.text))
<BR>[Address Reference Count : 1]<UL><LI> startup_gd32f30x_hd.o(RESET)
</UL>
<P><STRONG><a name="[34]"></a>USBD_WKUP_IRQHandler</STRONG> (Thumb, 0 bytes, Stack size 0 bytes, startup_gd32f30x_hd.o(.text))
<BR>[Address Reference Count : 1]<UL><LI> startup_gd32f30x_hd.o(RESET)
</UL>
<P><STRONG><a name="[a]"></a>WWDGT_IRQHandler</STRONG> (Thumb, 0 bytes, Stack size 0 bytes, startup_gd32f30x_hd.o(.text))
<BR>[Address Reference Count : 1]<UL><LI> startup_gd32f30x_hd.o(RESET)
</UL>
<P><STRONG><a name="[20c]"></a>__aeabi_memcpy</STRONG> (Thumb, 36 bytes, Stack size 0 bytes, memcpya.o(.text))
<BR><BR>[Called By]<UL><LI><a href="#[281]">&gt;&gt;</a>&nbsp;&nbsp;&nbsp;SaveData_WriteIDCode
<LI><a href="#[1da]">&gt;&gt;</a>&nbsp;&nbsp;&nbsp;SaveData_GetIDCode
<LI><a href="#[128]">&gt;&gt;</a>&nbsp;&nbsp;&nbsp;SaveData_CDPDataObjRx_0x3E
<LI><a href="#[127]">&gt;&gt;</a>&nbsp;&nbsp;&nbsp;SaveData_CDPDataObjRx_0x3D
<LI><a href="#[20b]">&gt;&gt;</a>&nbsp;&nbsp;&nbsp;CDP_PDURxHandle
<LI><a href="#[12d]">&gt;&gt;</a>&nbsp;&nbsp;&nbsp;Vib_CDPDataObjRx_0x4A
<LI><a href="#[202]">&gt;&gt;</a>&nbsp;&nbsp;&nbsp;Server_CDPDataObjTx_0x0D01
<LI><a href="#[1fc]">&gt;&gt;</a>&nbsp;&nbsp;&nbsp;Server_CDPDataObjTx_0x0042
<LI><a href="#[138]">&gt;&gt;</a>&nbsp;&nbsp;&nbsp;Server_CDPDataObjRX_0x0C60
<LI><a href="#[137]">&gt;&gt;</a>&nbsp;&nbsp;&nbsp;Server_CDPDataObjRX_0x0913
<LI><a href="#[136]">&gt;&gt;</a>&nbsp;&nbsp;&nbsp;Server_CDPDataObjRX_0x0912
<LI><a href="#[134]">&gt;&gt;</a>&nbsp;&nbsp;&nbsp;Server_CDPDataObjRX_0x0702
<LI><a href="#[12c]">&gt;&gt;</a>&nbsp;&nbsp;&nbsp;Roller_CDPDataObjRx_0x49
<LI><a href="#[12e]">&gt;&gt;</a>&nbsp;&nbsp;&nbsp;LegFlexSpike_CDPDataObjRx_0x4B
<LI><a href="#[12a]">&gt;&gt;</a>&nbsp;&nbsp;&nbsp;Heat_CDPDataObjRx_0x41
<LI><a href="#[12b]">&gt;&gt;</a>&nbsp;&nbsp;&nbsp;Gas_CDPDataObjRx_0x48
<LI><a href="#[129]">&gt;&gt;</a>&nbsp;&nbsp;&nbsp;Core_CDPDataObjRx_0x40
<LI><a href="#[12f]">&gt;&gt;</a>&nbsp;&nbsp;&nbsp;SideCtrl_CDPDataObjRx_0x50
<LI><a href="#[26d]">&gt;&gt;</a>&nbsp;&nbsp;&nbsp;MChair_TabTry_GetExeStepData
<LI><a href="#[126]">&gt;&gt;</a>&nbsp;&nbsp;&nbsp;MChair_TabTry_CDPDataObjRx_0x1A_To_0x1F
</UL>

<P><STRONG><a name="[244]"></a>__aeabi_memcpy4</STRONG> (Thumb, 0 bytes, Stack size 0 bytes, memcpya.o(.text))
<BR><BR>[Called By]<UL><LI><a href="#[11c]">&gt;&gt;</a>&nbsp;&nbsp;&nbsp;MChair_FuncExe_GridComboAuto
<LI><a href="#[23e]">&gt;&gt;</a>&nbsp;&nbsp;&nbsp;MChair_TabHandle_CoreMixOtherAuto
</UL>

<P><STRONG><a name="[2e9]"></a>__aeabi_memcpy8</STRONG> (Thumb, 0 bytes, Stack size 0 bytes, memcpya.o(.text), UNUSED)

<P><STRONG><a name="[168]"></a>__aeabi_memset</STRONG> (Thumb, 14 bytes, Stack size 0 bytes, memseta.o(.text))
<BR><BR>[Called By]<UL><LI><a href="#[169]">&gt;&gt;</a>&nbsp;&nbsp;&nbsp;_memset$wrapper
<LI><a href="#[167]">&gt;&gt;</a>&nbsp;&nbsp;&nbsp;__aeabi_memclr
</UL>

<P><STRONG><a name="[2ea]"></a>__aeabi_memset4</STRONG> (Thumb, 0 bytes, Stack size 0 bytes, memseta.o(.text), UNUSED)

<P><STRONG><a name="[2eb]"></a>__aeabi_memset8</STRONG> (Thumb, 0 bytes, Stack size 0 bytes, memseta.o(.text), UNUSED)

<P><STRONG><a name="[167]"></a>__aeabi_memclr</STRONG> (Thumb, 4 bytes, Stack size 0 bytes, memseta.o(.text))
<BR><BR>[Calls]<UL><LI><a href="#[168]">&gt;&gt;</a>&nbsp;&nbsp;&nbsp;__aeabi_memset
</UL>
<BR>[Called By]<UL><LI><a href="#[27f]">&gt;&gt;</a>&nbsp;&nbsp;&nbsp;Roller_Init
<LI><a href="#[a7]">&gt;&gt;</a>&nbsp;&nbsp;&nbsp;SysMode_Standby_Handle
<LI><a href="#[1ed]">&gt;&gt;</a>&nbsp;&nbsp;&nbsp;CDP_CenStateTmrToCtrl_DataTx
<LI><a href="#[273]">&gt;&gt;</a>&nbsp;&nbsp;&nbsp;MChair_TabTry_ChInit
<LI><a href="#[1e5]">&gt;&gt;</a>&nbsp;&nbsp;&nbsp;CDP_CenStateTmrToApp_DataTx
</UL>

<P><STRONG><a name="[1c4]"></a>__aeabi_memclr4</STRONG> (Thumb, 0 bytes, Stack size 0 bytes, memseta.o(.text))
<BR><BR>[Called By]<UL><LI><a href="#[21a]">&gt;&gt;</a>&nbsp;&nbsp;&nbsp;ESF_MemBuf_Init
<LI><a href="#[2c5]">&gt;&gt;</a>&nbsp;&nbsp;&nbsp;System_Init
<LI><a href="#[291]">&gt;&gt;</a>&nbsp;&nbsp;&nbsp;Spike_Init
<LI><a href="#[283]">&gt;&gt;</a>&nbsp;&nbsp;&nbsp;SaveData_Load
<LI><a href="#[210]">&gt;&gt;</a>&nbsp;&nbsp;&nbsp;Core_Init
<LI><a href="#[209]">&gt;&gt;</a>&nbsp;&nbsp;&nbsp;CDP_Init
<LI><a href="#[202]">&gt;&gt;</a>&nbsp;&nbsp;&nbsp;Server_CDPDataObjTx_0x0D01
<LI><a href="#[1f1]">&gt;&gt;</a>&nbsp;&nbsp;&nbsp;CDP_CenXxx_Init
<LI><a href="#[1e4]">&gt;&gt;</a>&nbsp;&nbsp;&nbsp;CDP_CenServer_Init
<LI><a href="#[1e1]">&gt;&gt;</a>&nbsp;&nbsp;&nbsp;CDP_CenApp_Init
<LI><a href="#[231]">&gt;&gt;</a>&nbsp;&nbsp;&nbsp;LegFlexSpike_Init
<LI><a href="#[21f]">&gt;&gt;</a>&nbsp;&nbsp;&nbsp;FeetSpike_Init
<LI><a href="#[1c3]">&gt;&gt;</a>&nbsp;&nbsp;&nbsp;BackSpike_Init
<LI><a href="#[292]">&gt;&gt;</a>&nbsp;&nbsp;&nbsp;ZeroSpike_Init
</UL>

<P><STRONG><a name="[2ec]"></a>__aeabi_memclr8</STRONG> (Thumb, 0 bytes, Stack size 0 bytes, memseta.o(.text), UNUSED)

<P><STRONG><a name="[169]"></a>_memset$wrapper</STRONG> (Thumb, 18 bytes, Stack size 8 bytes, memseta.o(.text), UNUSED)
<BR><BR>[Calls]<UL><LI><a href="#[168]">&gt;&gt;</a>&nbsp;&nbsp;&nbsp;__aeabi_memset
</UL>

<P><STRONG><a name="[28c]"></a>memcmp</STRONG> (Thumb, 26 bytes, Stack size 12 bytes, memcmp.o(.text))
<BR><BR>[Stack]<UL><LI>Max Depth = 12<LI>Call Chain = memcmp
</UL>
<BR>[Called By]<UL><LI><a href="#[201]">&gt;&gt;</a>&nbsp;&nbsp;&nbsp;Server_CDPDataObjTx_0x0D02
<LI><a href="#[202]">&gt;&gt;</a>&nbsp;&nbsp;&nbsp;Server_CDPDataObjTx_0x0D01
</UL>

<P><STRONG><a name="[166]"></a>__scatterload</STRONG> (Thumb, 28 bytes, Stack size 0 bytes, init.o(.text))
<BR><BR>[Calls]<UL><LI><a href="#[16a]">&gt;&gt;</a>&nbsp;&nbsp;&nbsp;__main_after_scatterload
</UL>
<BR>[Called By]<UL><LI><a href="#[165]">&gt;&gt;</a>&nbsp;&nbsp;&nbsp;_main_scatterload
</UL>

<P><STRONG><a name="[2ed]"></a>__scatterload_rt2</STRONG> (Thumb, 0 bytes, Stack size 0 bytes, init.o(.text), UNUSED)

<P><STRONG><a name="[2ee]"></a>__decompress</STRONG> (Thumb, 0 bytes, Stack size unknown bytes, __dczerorl2.o(.text), UNUSED)

<P><STRONG><a name="[2ef]"></a>__decompress1</STRONG> (Thumb, 86 bytes, Stack size unknown bytes, __dczerorl2.o(.text), UNUSED)

<P><STRONG><a name="[1c]"></a>ADC0_1_IRQHandler</STRONG> (Thumb, 216 bytes, Stack size 8 bytes, bsp_adc.o(i.ADC0_1_IRQHandler))
<BR><BR>[Stack]<UL><LI>Max Depth = 8<LI>Call Chain = ADC0_1_IRQHandler
</UL>
<BR>[Calls]<UL><LI><a href="#[16c]">&gt;&gt;</a>&nbsp;&nbsp;&nbsp;adc_interrupt_flag_clear
<LI><a href="#[16d]">&gt;&gt;</a>&nbsp;&nbsp;&nbsp;adc_inserted_data_read
<LI><a href="#[16b]">&gt;&gt;</a>&nbsp;&nbsp;&nbsp;gpio_bit_write
</UL>
<BR>[Address Reference Count : 1]<UL><LI> startup_gd32f30x_hd.o(RESET)
</UL>
<P><STRONG><a name="[26e]"></a>ActionObjHandle_AccompanyFunc</STRONG> (Thumb, 386 bytes, Stack size 12 bytes, functabhandle.o(i.ActionObjHandle_AccompanyFunc))
<BR><BR>[Stack]<UL><LI>Max Depth = 12<LI>Call Chain = ActionObjHandle_AccompanyFunc
</UL>
<BR>[Called By]<UL><LI><a href="#[243]">&gt;&gt;</a>&nbsp;&nbsp;&nbsp;MChair_TabHandle_GasSpikeAuto
<LI><a href="#[242]">&gt;&gt;</a>&nbsp;&nbsp;&nbsp;MChair_TabHandle_GasAuto
<LI><a href="#[241]">&gt;&gt;</a>&nbsp;&nbsp;&nbsp;MChair_TabHandle_CoreSpikeAuto
<LI><a href="#[240]">&gt;&gt;</a>&nbsp;&nbsp;&nbsp;MChair_TabHandle_CoreGasSpikeAuto
<LI><a href="#[23f]">&gt;&gt;</a>&nbsp;&nbsp;&nbsp;MChair_TabHandle_CoreGasAuto
<LI><a href="#[23d]">&gt;&gt;</a>&nbsp;&nbsp;&nbsp;MChair_TabHandle_CoreAuto
</UL>

<P><STRONG><a name="[16e]"></a>ActionObjHandle_CoreAuto</STRONG> (Thumb, 314 bytes, Stack size 24 bytes, functabhandle.o(i.ActionObjHandle_CoreAuto))
<BR><BR>[Stack]<UL><LI>Max Depth = 24<LI>Call Chain = ActionObjHandle_CoreAuto
</UL>
<BR>[Calls]<UL><LI><a href="#[171]">&gt;&gt;</a>&nbsp;&nbsp;&nbsp;Core_SetZPosition
<LI><a href="#[170]">&gt;&gt;</a>&nbsp;&nbsp;&nbsp;Core_SetYPosition
<LI><a href="#[16f]">&gt;&gt;</a>&nbsp;&nbsp;&nbsp;Core_SetXPosition
<LI><a href="#[175]">&gt;&gt;</a>&nbsp;&nbsp;&nbsp;Core_SetTCSAction
<LI><a href="#[172]">&gt;&gt;</a>&nbsp;&nbsp;&nbsp;Core_SetXYZActionSpeed
<LI><a href="#[173]">&gt;&gt;</a>&nbsp;&nbsp;&nbsp;Core_SetTCSActionSpeed
<LI><a href="#[174]">&gt;&gt;</a>&nbsp;&nbsp;&nbsp;Core_SetXYZAction
<LI><a href="#[176]">&gt;&gt;</a>&nbsp;&nbsp;&nbsp;Core_GetXYZActionCompleteRepeat
</UL>
<BR>[Called By]<UL><LI><a href="#[241]">&gt;&gt;</a>&nbsp;&nbsp;&nbsp;MChair_TabHandle_CoreSpikeAuto
<LI><a href="#[240]">&gt;&gt;</a>&nbsp;&nbsp;&nbsp;MChair_TabHandle_CoreGasSpikeAuto
<LI><a href="#[23f]">&gt;&gt;</a>&nbsp;&nbsp;&nbsp;MChair_TabHandle_CoreGasAuto
<LI><a href="#[23d]">&gt;&gt;</a>&nbsp;&nbsp;&nbsp;MChair_TabHandle_CoreAuto
</UL>

<P><STRONG><a name="[177]"></a>ActionObjHandle_Gas</STRONG> (Thumb, 84 bytes, Stack size 16 bytes, functabhandle.o(i.ActionObjHandle_Gas))
<BR><BR>[Stack]<UL><LI>Max Depth = 28<LI>Call Chain = ActionObjHandle_Gas &rArr; Gas_SetGasPart
</UL>
<BR>[Calls]<UL><LI><a href="#[178]">&gt;&gt;</a>&nbsp;&nbsp;&nbsp;Gas_SetPumpSw
<LI><a href="#[179]">&gt;&gt;</a>&nbsp;&nbsp;&nbsp;Gas_SetGasPart
</UL>
<BR>[Called By]<UL><LI><a href="#[243]">&gt;&gt;</a>&nbsp;&nbsp;&nbsp;MChair_TabHandle_GasSpikeAuto
<LI><a href="#[242]">&gt;&gt;</a>&nbsp;&nbsp;&nbsp;MChair_TabHandle_GasAuto
<LI><a href="#[240]">&gt;&gt;</a>&nbsp;&nbsp;&nbsp;MChair_TabHandle_CoreGasSpikeAuto
<LI><a href="#[23f]">&gt;&gt;</a>&nbsp;&nbsp;&nbsp;MChair_TabHandle_CoreGasAuto
</UL>

<P><STRONG><a name="[17a]"></a>ActionObjHandle_SpikeAuto</STRONG> (Thumb, 538 bytes, Stack size 24 bytes, functabhandle.o(i.ActionObjHandle_SpikeAuto))
<BR><BR>[Stack]<UL><LI>Max Depth = 24<LI>Call Chain = ActionObjHandle_SpikeAuto
</UL>
<BR>[Calls]<UL><LI><a href="#[180]">&gt;&gt;</a>&nbsp;&nbsp;&nbsp;FeetSpike_GetPosition
<LI><a href="#[17e]">&gt;&gt;</a>&nbsp;&nbsp;&nbsp;BackSpike_GetPosition
<LI><a href="#[181]">&gt;&gt;</a>&nbsp;&nbsp;&nbsp;Spike_SetLegFlexMove
<LI><a href="#[17d]">&gt;&gt;</a>&nbsp;&nbsp;&nbsp;Spike_SetFeetAngle
<LI><a href="#[17b]">&gt;&gt;</a>&nbsp;&nbsp;&nbsp;Spike_SetBackAngle
<LI><a href="#[17f]">&gt;&gt;</a>&nbsp;&nbsp;&nbsp;ZeroSpike_GetPosition
<LI><a href="#[17c]">&gt;&gt;</a>&nbsp;&nbsp;&nbsp;Spike_SetZeroAngle
<LI><a href="#[182]">&gt;&gt;</a>&nbsp;&nbsp;&nbsp;Spike_SetULegFlexMove
</UL>
<BR>[Called By]<UL><LI><a href="#[251]">&gt;&gt;</a>&nbsp;&nbsp;&nbsp;MChair_TabHandle_SpikeAuto
<LI><a href="#[243]">&gt;&gt;</a>&nbsp;&nbsp;&nbsp;MChair_TabHandle_GasSpikeAuto
<LI><a href="#[241]">&gt;&gt;</a>&nbsp;&nbsp;&nbsp;MChair_TabHandle_CoreSpikeAuto
<LI><a href="#[240]">&gt;&gt;</a>&nbsp;&nbsp;&nbsp;MChair_TabHandle_CoreGasSpikeAuto
</UL>

<P><STRONG><a name="[183]"></a>ActionTabStep_IterateHandle</STRONG> (Thumb, 348 bytes, Stack size 16 bytes, functabhandle.o(i.ActionTabStep_IterateHandle))
<BR><BR>[Stack]<UL><LI>Max Depth = 16<LI>Call Chain = ActionTabStep_IterateHandle
</UL>
<BR>[Calls]<UL><LI><a href="#[184]">&gt;&gt;</a>&nbsp;&nbsp;&nbsp;Core_ResetXYZActionStep
</UL>
<BR>[Called By]<UL><LI><a href="#[251]">&gt;&gt;</a>&nbsp;&nbsp;&nbsp;MChair_TabHandle_SpikeAuto
<LI><a href="#[243]">&gt;&gt;</a>&nbsp;&nbsp;&nbsp;MChair_TabHandle_GasSpikeAuto
<LI><a href="#[242]">&gt;&gt;</a>&nbsp;&nbsp;&nbsp;MChair_TabHandle_GasAuto
<LI><a href="#[241]">&gt;&gt;</a>&nbsp;&nbsp;&nbsp;MChair_TabHandle_CoreSpikeAuto
<LI><a href="#[240]">&gt;&gt;</a>&nbsp;&nbsp;&nbsp;MChair_TabHandle_CoreGasSpikeAuto
<LI><a href="#[23f]">&gt;&gt;</a>&nbsp;&nbsp;&nbsp;MChair_TabHandle_CoreGasAuto
<LI><a href="#[23d]">&gt;&gt;</a>&nbsp;&nbsp;&nbsp;MChair_TabHandle_CoreAuto
</UL>

<P><STRONG><a name="[26f]"></a>ActionTabStep_TimeHandle</STRONG> (Thumb, 182 bytes, Stack size 16 bytes, functabhandle.o(i.ActionTabStep_TimeHandle))
<BR><BR>[Stack]<UL><LI>Max Depth = 16<LI>Call Chain = ActionTabStep_TimeHandle
</UL>
<BR>[Called By]<UL><LI><a href="#[251]">&gt;&gt;</a>&nbsp;&nbsp;&nbsp;MChair_TabHandle_SpikeAuto
<LI><a href="#[243]">&gt;&gt;</a>&nbsp;&nbsp;&nbsp;MChair_TabHandle_GasSpikeAuto
<LI><a href="#[242]">&gt;&gt;</a>&nbsp;&nbsp;&nbsp;MChair_TabHandle_GasAuto
<LI><a href="#[241]">&gt;&gt;</a>&nbsp;&nbsp;&nbsp;MChair_TabHandle_CoreSpikeAuto
<LI><a href="#[240]">&gt;&gt;</a>&nbsp;&nbsp;&nbsp;MChair_TabHandle_CoreGasSpikeAuto
<LI><a href="#[23f]">&gt;&gt;</a>&nbsp;&nbsp;&nbsp;MChair_TabHandle_CoreGasAuto
<LI><a href="#[23d]">&gt;&gt;</a>&nbsp;&nbsp;&nbsp;MChair_TabHandle_CoreAuto
</UL>

<P><STRONG><a name="[185]"></a>BSP_FEEP_Init</STRONG> (Thumb, 208 bytes, Stack size 8 bytes, bsp_feep.o(i.BSP_FEEP_Init))
<BR><BR>[Stack]<UL><LI>Max Depth = 44<LI>Call Chain = BSP_FEEP_Init &rArr; BSP_FLASH_ProgramWord &rArr; fmc_word_program &rArr; fmc_bank1_ready_wait
</UL>
<BR>[Calls]<UL><LI><a href="#[186]">&gt;&gt;</a>&nbsp;&nbsp;&nbsp;__set_PRIMASK
<LI><a href="#[188]">&gt;&gt;</a>&nbsp;&nbsp;&nbsp;BSP_FLASH_ProgramWord
<LI><a href="#[187]">&gt;&gt;</a>&nbsp;&nbsp;&nbsp;BSP_FLASH_Erase
</UL>
<BR>[Called By]<UL><LI><a href="#[1b0]">&gt;&gt;</a>&nbsp;&nbsp;&nbsp;BSP_Init
</UL>

<P><STRONG><a name="[284]"></a>BSP_FEEP_Read</STRONG> (Thumb, 86 bytes, Stack size 20 bytes, bsp_feep.o(i.BSP_FEEP_Read))
<BR><BR>[Stack]<UL><LI>Max Depth = 20<LI>Call Chain = BSP_FEEP_Read
</UL>
<BR>[Called By]<UL><LI><a href="#[283]">&gt;&gt;</a>&nbsp;&nbsp;&nbsp;SaveData_Load
</UL>

<P><STRONG><a name="[189]"></a>BSP_FEEP_Write</STRONG> (Thumb, 330 bytes, Stack size 48 bytes, bsp_feep.o(i.BSP_FEEP_Write))
<BR><BR>[Stack]<UL><LI>Max Depth = 84<LI>Call Chain = BSP_FEEP_Write &rArr; BSP_FLASH_ProgramWord &rArr; fmc_word_program &rArr; fmc_bank1_ready_wait
</UL>
<BR>[Calls]<UL><LI><a href="#[186]">&gt;&gt;</a>&nbsp;&nbsp;&nbsp;__set_PRIMASK
<LI><a href="#[188]">&gt;&gt;</a>&nbsp;&nbsp;&nbsp;BSP_FLASH_ProgramWord
<LI><a href="#[187]">&gt;&gt;</a>&nbsp;&nbsp;&nbsp;BSP_FLASH_Erase
</UL>
<BR>[Called By]<UL><LI><a href="#[281]">&gt;&gt;</a>&nbsp;&nbsp;&nbsp;SaveData_WriteIDCode
<LI><a href="#[84]">&gt;&gt;</a>&nbsp;&nbsp;&nbsp;SaveData_Update
<LI><a href="#[283]">&gt;&gt;</a>&nbsp;&nbsp;&nbsp;SaveData_Load
</UL>

<P><STRONG><a name="[187]"></a>BSP_FLASH_Erase</STRONG> (Thumb, 68 bytes, Stack size 16 bytes, bsp_flash.o(i.BSP_FLASH_Erase))
<BR><BR>[Stack]<UL><LI>Max Depth = 32<LI>Call Chain = BSP_FLASH_Erase &rArr; fmc_page_erase &rArr; fmc_bank1_ready_wait
</UL>
<BR>[Calls]<UL><LI><a href="#[18b]">&gt;&gt;</a>&nbsp;&nbsp;&nbsp;fmc_unlock
<LI><a href="#[18d]">&gt;&gt;</a>&nbsp;&nbsp;&nbsp;fmc_page_erase
[...]
<BR><BR>[Stack]<UL><LI>Max Depth = 8<LI>Call Chain = UserRun_Key_CorePart
</UL>
<BR>[Calls]<UL><LI><a href="#[213]">&gt;&gt;</a>&nbsp;&nbsp;&nbsp;Core_SetRollRange
<LI><a href="#[267]">&gt;&gt;</a>&nbsp;&nbsp;&nbsp;Core_GetRollRange
</UL>
<BR>[Address Reference Count : 1]<UL><LI> sysmode_userrun.o(.constdata)
</UL>
<P><STRONG><a name="[da]"></a>UserRun_Key_CoreRoll</STRONG> (Thumb, 40 bytes, Stack size 0 bytes, sysmode_userrun.o(i.UserRun_Key_CoreRoll))
<BR>[Address Reference Count : 1]<UL><LI> sysmode_userrun.o(.constdata)
</UL>
<P><STRONG><a name="[de]"></a>UserRun_Key_CoreShiatsu</STRONG> (Thumb, 110 bytes, Stack size 0 bytes, sysmode_userrun.o(i.UserRun_Key_CoreShiatsu))
<BR>[Address Reference Count : 1]<UL><LI> sysmode_userrun.o(.constdata)
</UL>
<P><STRONG><a name="[d8]"></a>UserRun_Key_CoreSpot</STRONG> (Thumb, 78 bytes, Stack size 8 bytes, sysmode_userrun.o(i.UserRun_Key_CoreSpot))
<BR><BR>[Stack]<UL><LI>Max Depth = 8<LI>Call Chain = UserRun_Key_CoreSpot
</UL>
<BR>[Calls]<UL><LI><a href="#[213]">&gt;&gt;</a>&nbsp;&nbsp;&nbsp;Core_SetRollRange
<LI><a href="#[267]">&gt;&gt;</a>&nbsp;&nbsp;&nbsp;Core_GetRollRange
</UL>
<BR>[Address Reference Count : 1]<UL><LI> sysmode_userrun.o(.constdata)
</UL>
<P><STRONG><a name="[cf]"></a>UserRun_Key_CoreTCSSpeed</STRONG> (Thumb, 94 bytes, Stack size 0 bytes, sysmode_userrun.o(i.UserRun_Key_CoreTCSSpeed))
<BR>[Address Reference Count : 1]<UL><LI> sysmode_userrun.o(.constdata)
</UL>
<P><STRONG><a name="[cd]"></a>UserRun_Key_CoreTCSSpeedAdd</STRONG> (Thumb, 88 bytes, Stack size 0 bytes, sysmode_userrun.o(i.UserRun_Key_CoreTCSSpeedAdd))
<BR>[Address Reference Count : 1]<UL><LI> sysmode_userrun.o(.constdata)
</UL>
<P><STRONG><a name="[ce]"></a>UserRun_Key_CoreTCSSpeedDec</STRONG> (Thumb, 88 bytes, Stack size 0 bytes, sysmode_userrun.o(i.UserRun_Key_CoreTCSSpeedDec))
<BR>[Address Reference Count : 1]<UL><LI> sysmode_userrun.o(.constdata)
</UL>
<P><STRONG><a name="[dc]"></a>UserRun_Key_CoreTap</STRONG> (Thumb, 110 bytes, Stack size 0 bytes, sysmode_userrun.o(i.UserRun_Key_CoreTap))
<BR>[Address Reference Count : 1]<UL><LI> sysmode_userrun.o(.constdata)
</UL>
<P><STRONG><a name="[d2]"></a>UserRun_Key_CoreWidth</STRONG> (Thumb, 102 bytes, Stack size 8 bytes, sysmode_userrun.o(i.UserRun_Key_CoreWidth))
<BR><BR>[Stack]<UL><LI>Max Depth = 8<LI>Call Chain = UserRun_Key_CoreWidth
</UL>
<BR>[Calls]<UL><LI><a href="#[2d1]">&gt;&gt;</a>&nbsp;&nbsp;&nbsp;MChair_GetFuncCoreMannualWidthMax
</UL>
<BR>[Address Reference Count : 1]<UL><LI> sysmode_userrun.o(.constdata)
</UL>
<P><STRONG><a name="[d0]"></a>UserRun_Key_CoreWidthAdd</STRONG> (Thumb, 96 bytes, Stack size 8 bytes, sysmode_userrun.o(i.UserRun_Key_CoreWidthAdd))
<BR><BR>[Stack]<UL><LI>Max Depth = 8<LI>Call Chain = UserRun_Key_CoreWidthAdd
</UL>
<BR>[Calls]<UL><LI><a href="#[2d1]">&gt;&gt;</a>&nbsp;&nbsp;&nbsp;MChair_GetFuncCoreMannualWidthMax
</UL>
<BR>[Address Reference Count : 1]<UL><LI> sysmode_userrun.o(.constdata)
</UL>
<P><STRONG><a name="[d1]"></a>UserRun_Key_CoreWidthDec</STRONG> (Thumb, 92 bytes, Stack size 8 bytes, sysmode_userrun.o(i.UserRun_Key_CoreWidthDec))
<BR><BR>[Stack]<UL><LI>Max Depth = 8<LI>Call Chain = UserRun_Key_CoreWidthDec
</UL>
<BR>[Calls]<UL><LI><a href="#[2d1]">&gt;&gt;</a>&nbsp;&nbsp;&nbsp;MChair_GetFuncCoreMannualWidthMax
</UL>
<BR>[Address Reference Count : 1]<UL><LI> sysmode_userrun.o(.constdata)
</UL>
<P><STRONG><a name="[df]"></a>UserRun_Key_CoreXYZAction</STRONG> (Thumb, 42 bytes, Stack size 0 bytes, sysmode_userrun.o(i.UserRun_Key_CoreXYZAction))
<BR>[Address Reference Count : 1]<UL><LI> sysmode_userrun.o(.constdata)
</UL>
<P><STRONG><a name="[cc]"></a>UserRun_Key_CoreXYZSpeed</STRONG> (Thumb, 128 bytes, Stack size 8 bytes, sysmode_userrun.o(i.UserRun_Key_CoreXYZSpeed))
<BR><BR>[Stack]<UL><LI>Max Depth = 8<LI>Call Chain = UserRun_Key_CoreXYZSpeed
</UL>
<BR>[Calls]<UL><LI><a href="#[2d2]">&gt;&gt;</a>&nbsp;&nbsp;&nbsp;MChair_GetFuncCoreMannualXYZSpeedMax
</UL>
<BR>[Address Reference Count : 1]<UL><LI> sysmode_userrun.o(.constdata)
</UL>
<P><STRONG><a name="[ca]"></a>UserRun_Key_CoreXYZSpeedAdd</STRONG> (Thumb, 110 bytes, Stack size 8 bytes, sysmode_userrun.o(i.UserRun_Key_CoreXYZSpeedAdd))
<BR><BR>[Stack]<UL><LI>Max Depth = 8<LI>Call Chain = UserRun_Key_CoreXYZSpeedAdd
</UL>
<BR>[Calls]<UL><LI><a href="#[2d2]">&gt;&gt;</a>&nbsp;&nbsp;&nbsp;MChair_GetFuncCoreMannualXYZSpeedMax
</UL>
<BR>[Address Reference Count : 1]<UL><LI> sysmode_userrun.o(.constdata)
</UL>
<P><STRONG><a name="[cb]"></a>UserRun_Key_CoreXYZSpeedDec</STRONG> (Thumb, 104 bytes, Stack size 0 bytes, sysmode_userrun.o(i.UserRun_Key_CoreXYZSpeedDec))
<BR>[Address Reference Count : 1]<UL><LI> sysmode_userrun.o(.constdata)
</UL>
<P><STRONG><a name="[e4]"></a>UserRun_Key_GasArms</STRONG> (Thumb, 64 bytes, Stack size 0 bytes, sysmode_userrun.o(i.UserRun_Key_GasArms))
<BR>[Address Reference Count : 1]<UL><LI> sysmode_userrun.o(.constdata)
</UL>
<P><STRONG><a name="[e6]"></a>UserRun_Key_GasCalves</STRONG> (Thumb, 64 bytes, Stack size 0 bytes, sysmode_userrun.o(i.UserRun_Key_GasCalves))
<BR>[Address Reference Count : 1]<UL><LI> sysmode_userrun.o(.constdata)
</UL>
<P><STRONG><a name="[e7]"></a>UserRun_Key_GasFullGas</STRONG> (Thumb, 40 bytes, Stack size 0 bytes, sysmode_userrun.o(i.UserRun_Key_GasFullGas))
<BR>[Address Reference Count : 1]<UL><LI> sysmode_userrun.o(.constdata)
</UL>
<P><STRONG><a name="[e2]"></a>UserRun_Key_GasIntensity</STRONG> (Thumb, 112 bytes, Stack size 0 bytes, sysmode_userrun.o(i.UserRun_Key_GasIntensity))
<BR>[Address Reference Count : 1]<UL><LI> sysmode_userrun.o(.constdata)
</UL>
<P><STRONG><a name="[e0]"></a>UserRun_Key_GasIntensityAdd</STRONG> (Thumb, 106 bytes, Stack size 0 bytes, sysmode_userrun.o(i.UserRun_Key_GasIntensityAdd))
<BR>[Address Reference Count : 1]<UL><LI> sysmode_userrun.o(.constdata)
</UL>
<P><STRONG><a name="[e1]"></a>UserRun_Key_GasIntensityDec</STRONG> (Thumb, 106 bytes, Stack size 0 bytes, sysmode_userrun.o(i.UserRun_Key_GasIntensityDec))
<BR>[Address Reference Count : 1]<UL><LI> sysmode_userrun.o(.constdata)
</UL>
<P><STRONG><a name="[e5]"></a>UserRun_Key_GasLumbarSeat</STRONG> (Thumb, 64 bytes, Stack size 0 bytes, sysmode_userrun.o(i.UserRun_Key_GasLumbarSeat))
<BR>[Address Reference Count : 1]<UL><LI> sysmode_userrun.o(.constdata)
</UL>
<P><STRONG><a name="[e8]"></a>UserRun_Key_GasPartSelcet</STRONG> (Thumb, 192 bytes, Stack size 0 bytes, sysmode_userrun.o(i.UserRun_Key_GasPartSelcet))
<BR>[Address Reference Count : 1]<UL><LI> sysmode_userrun.o(.constdata)
</UL>
<P><STRONG><a name="[e9]"></a>UserRun_Key_GasQuickGas</STRONG> (Thumb, 40 bytes, Stack size 0 bytes, sysmode_userrun.o(i.UserRun_Key_GasQuickGas))
<BR>[Address Reference Count : 1]<UL><LI> sysmode_userrun.o(.constdata)
</UL>
<P><STRONG><a name="[e3]"></a>UserRun_Key_GasShoulder</STRONG> (Thumb, 64 bytes, Stack size 0 bytes, sysmode_userrun.o(i.UserRun_Key_GasShoulder))
<BR>[Address Reference Count : 1]<UL><LI> sysmode_userrun.o(.constdata)
</UL>
<P><STRONG><a name="[ea]"></a>UserRun_Key_HeatLumbarBack</STRONG> (Thumb, 168 bytes, Stack size 0 bytes, sysmode_userrun.o(i.UserRun_Key_HeatLumbarBack))
<BR>[Address Reference Count : 1]<UL><LI> sysmode_userrun.o(.constdata)
</UL>
<P><STRONG><a name="[ff]"></a>UserRun_Key_InspectAuto</STRONG> (Thumb, 14 bytes, Stack size 8 bytes, sysmode_userrun.o(i.UserRun_Key_InspectAuto))
<BR><BR>[Stack]<UL><LI>Max Depth = 8<LI>Call Chain = UserRun_Key_InspectAuto
</UL>
<BR>[Calls]<UL><LI><a href="#[2d3]">&gt;&gt;</a>&nbsp;&nbsp;&nbsp;UserRun_EnterSysModeVender
</UL>
<BR>[Address Reference Count : 1]<UL><LI> sysmode_userrun.o(.constdata)
</UL>
<P><STRONG><a name="[100]"></a>UserRun_Key_InspectManual</STRONG> (Thumb, 14 bytes, Stack size 8 bytes, sysmode_userrun.o(i.UserRun_Key_InspectManual))
<BR><BR>[Stack]<UL><LI>Max Depth = 8<LI>Call Chain = UserRun_Key_InspectManual
</UL>
<BR>[Calls]<UL><LI><a href="#[2d3]">&gt;&gt;</a>&nbsp;&nbsp;&nbsp;UserRun_EnterSysModeVender
</UL>
<BR>[Address Reference Count : 1]<UL><LI> sysmode_userrun.o(.constdata)
</UL>
<P><STRONG><a name="[102]"></a>UserRun_Key_InspectOther1</STRONG> (Thumb, 14 bytes, Stack size 8 bytes, sysmode_userrun.o(i.UserRun_Key_InspectOther1))
<BR><BR>[Stack]<UL><LI>Max Depth = 8<LI>Call Chain = UserRun_Key_InspectOther1
</UL>
<BR>[Calls]<UL><LI><a href="#[2d3]">&gt;&gt;</a>&nbsp;&nbsp;&nbsp;UserRun_EnterSysModeVender
</UL>
<BR>[Address Reference Count : 1]<UL><LI> sysmode_userrun.o(.constdata)
</UL>
<P><STRONG><a name="[103]"></a>UserRun_Key_InspectOther2</STRONG> (Thumb, 14 bytes, Stack size 8 bytes, sysmode_userrun.o(i.UserRun_Key_InspectOther2))
<BR><BR>[Stack]<UL><LI>Max Depth = 8<LI>Call Chain = UserRun_Key_InspectOther2
</UL>
<BR>[Calls]<UL><LI><a href="#[2d3]">&gt;&gt;</a>&nbsp;&nbsp;&nbsp;UserRun_EnterSysModeVender
</UL>
<BR>[Address Reference Count : 1]<UL><LI> sysmode_userrun.o(.constdata)
</UL>
<P><STRONG><a name="[c0]"></a>UserRun_Key_NoKeyPress</STRONG> (Thumb, 22 bytes, Stack size 8 bytes, sysmode_userrun.o(i.UserRun_Key_NoKeyPress))
<BR><BR>[Stack]<UL><LI>Max Depth = 8<LI>Call Chain = UserRun_Key_NoKeyPress
</UL>
<BR>[Calls]<UL><LI><a href="#[2cf]">&gt;&gt;</a>&nbsp;&nbsp;&nbsp;Core_BackScanSetShoulderAdjustOp
<LI><a href="#[29e]">&gt;&gt;</a>&nbsp;&nbsp;&nbsp;Core_SetMoveAdjustRoll
</UL>
<BR>[Address Reference Count : 1]<UL><LI> sysmode_userrun.o(.constdata)
</UL>
<P><STRONG><a name="[101]"></a>UserRun_Key_PackingAngle</STRONG> (Thumb, 14 bytes, Stack size 8 bytes, sysmode_userrun.o(i.UserRun_Key_PackingAngle))
<BR><BR>[Stack]<UL><LI>Max Depth = 8<LI>Call Chain = UserRun_Key_PackingAngle
</UL>
<BR>[Calls]<UL><LI><a href="#[2d3]">&gt;&gt;</a>&nbsp;&nbsp;&nbsp;UserRun_EnterSysModeVender
</UL>
<BR>[Address Reference Count : 1]<UL><LI> sysmode_userrun.o(.constdata)
</UL>
<P><STRONG><a name="[c2]"></a>UserRun_Key_Pause</STRONG> (Thumb, 54 bytes, Stack size 0 bytes, sysmode_userrun.o(i.UserRun_Key_Pause))
<BR>[Address Reference Count : 1]<UL><LI> sysmode_userrun.o(.constdata)
</UL>
<P><STRONG><a name="[c1]"></a>UserRun_Key_Power</STRONG> (Thumb, 14 bytes, Stack size 8 bytes, sysmode_userrun.o(i.UserRun_Key_Power))
<BR><BR>[Stack]<UL><LI>Max Depth = 36<LI>Call Chain = UserRun_Key_Power &rArr; SysMode_Standby_Enter &rArr; Spike_SetAngle
</UL>
<BR>[Calls]<UL><LI><a href="#[214]">&gt;&gt;</a>&nbsp;&nbsp;&nbsp;SysMode_Standby_Enter
</UL>
<BR>[Address Reference Count : 1]<UL><LI> sysmode_userrun.o(.constdata)
</UL>
<P><STRONG><a name="[eb]"></a>UserRun_Key_RollerCalves</STRONG> (Thumb, 152 bytes, Stack size 0 bytes, sysmode_userrun.o(i.UserRun_Key_RollerCalves))
<BR>[Address Reference Count : 1]<UL><LI> sysmode_userrun.o(.constdata)
</UL>
<P><STRONG><a name="[ec]"></a>UserRun_Key_RollerFeet</STRONG> (Thumb, 152 bytes, Stack size 0 bytes, sysmode_userrun.o(i.UserRun_Key_RollerFeet))
<BR>[Address Reference Count : 1]<UL><LI> sysmode_userrun.o(.constdata)
</UL>
<P><STRONG><a name="[ed]"></a>UserRun_Key_SleepLed</STRONG> (Thumb, 44 bytes, Stack size 0 bytes, sysmode_userrun.o(i.UserRun_Key_SleepLed))
<BR>[Address Reference Count : 1]<UL><LI> sysmode_userrun.o(.constdata)
</UL>
<P><STRONG><a name="[106]"></a>UserRun_Key_TestAge</STRONG> (Thumb, 14 bytes, Stack size 8 bytes, sysmode_userrun.o(i.UserRun_Key_TestAge))
<BR><BR>[Stack]<UL><LI>Max Depth = 8<LI>Call Chain = UserRun_Key_TestAge
</UL>
<BR>[Calls]<UL><LI><a href="#[2d3]">&gt;&gt;</a>&nbsp;&nbsp;&nbsp;UserRun_EnterSysModeVender
</UL>
<BR>[Address Reference Count : 1]<UL><LI> sysmode_userrun.o(.constdata)
</UL>
<P><STRONG><a name="[104]"></a>UserRun_Key_TestNoTimer</STRONG> (Thumb, 14 bytes, Stack size 8 bytes, sysmode_userrun.o(i.UserRun_Key_TestNoTimer))
<BR><BR>[Stack]<UL><LI>Max Depth = 8<LI>Call Chain = UserRun_Key_TestNoTimer
</UL>
<BR>[Calls]<UL><LI><a href="#[2d3]">&gt;&gt;</a>&nbsp;&nbsp;&nbsp;UserRun_EnterSysModeVender
</UL>
<BR>[Address Reference Count : 1]<UL><LI> sysmode_userrun.o(.constdata)
</UL>
<P><STRONG><a name="[105]"></a>UserRun_Key_TestSpike</STRONG> (Thumb, 14 bytes, Stack size 8 bytes, sysmode_userrun.o(i.UserRun_Key_TestSpike))
<BR><BR>[Stack]<UL><LI>Max Depth = 8<LI>Call Chain = UserRun_Key_TestSpike
</UL>
<BR>[Calls]<UL><LI><a href="#[2d3]">&gt;&gt;</a>&nbsp;&nbsp;&nbsp;UserRun_EnterSysModeVender
</UL>
<BR>[Address Reference Count : 1]<UL><LI> sysmode_userrun.o(.constdata)
</UL>
<P><STRONG><a name="[c3]"></a>UserRun_Key_Timer</STRONG> (Thumb, 166 bytes, Stack size 8 bytes, sysmode_userrun.o(i.UserRun_Key_Timer))
<BR><BR>[Stack]<UL><LI>Max Depth = 8<LI>Call Chain = UserRun_Key_Timer
</UL>
<BR>[Calls]<UL><LI><a href="#[2d4]">&gt;&gt;</a>&nbsp;&nbsp;&nbsp;MChair_CoreMannualVenderTest3DSwSet
</UL>
<BR>[Address Reference Count : 1]<UL><LI> sysmode_userrun.o(.constdata)
</UL>
<P><STRONG><a name="[51]"></a>CDPDataObjID</STRONG> (Thumb, 20 bytes, Stack size 0 bytes, cdp.o(i.CDPDataObjID))
<BR>[Address Reference Count : 1]<UL><LI> cdp.o(i.CDP_DataObjRxHandle)
</UL>
<P><STRONG><a name="[50]"></a>ServerCDPDataObjID</STRONG> (Thumb, 20 bytes, Stack size 0 bytes, cdp.o(i.ServerCDPDataObjID))
<BR>[Address Reference Count : 1]<UL><LI> cdp.o(i.CDP_DataObjRxHandle)
</UL>
<P><STRONG><a name="[4f]"></a>CDP_CenXxx_ByteRx</STRONG> (Thumb, 126 bytes, Stack size 16 bytes, cdp_cenxxx.o(i.CDP_CenXxx_ByteRx))
<BR><BR>[Stack]<UL><LI>Max Depth = 64<LI>Call Chain = CDP_CenXxx_ByteRx &rArr; CDP_FrameRxHandle &rArr; CumulativeSum_Check &rArr; CumulativeSum_Cal
</UL>
<BR>[Calls]<UL><LI><a href="#[1dd]">&gt;&gt;</a>&nbsp;&nbsp;&nbsp;CDP_FrameRxHandle
<LI><a href="#[1ef]">&gt;&gt;</a>&nbsp;&nbsp;&nbsp;CDP_CtrlToCen_AnalyzeCtrl
</UL>
<BR>[Address Reference Count : 1]<UL><LI> cdp_cenxxx.o(i.CDP_CenXxx_Init)
</UL>
<P><STRONG><a name="[4c]"></a>AppDataObjID</STRONG> (Thumb, 20 bytes, Stack size 0 bytes, cdp_cenapp.o(i.AppDataObjID))
<BR>[Address Reference Count : 1]<UL><LI> cdp_cenapp.o(i.CDP_AppToCen_AnalyzeApp)
</UL>
<P><STRONG><a name="[4d]"></a>CDP_CenApp_ByteRx</STRONG> (Thumb, 38 bytes, Stack size 16 bytes, cdp_cenapp.o(i.CDP_CenApp_ByteRx))
<BR><BR>[Stack]<UL><LI>Max Depth = 72<LI>Call Chain = CDP_CenApp_ByteRx &rArr; CDP_AppToCen_AnalyzeApp &rArr; BinarySearch
</UL>
<BR>[Calls]<UL><LI><a href="#[1dd]">&gt;&gt;</a>&nbsp;&nbsp;&nbsp;CDP_FrameRxHandle
<LI><a href="#[1d5]">&gt;&gt;</a>&nbsp;&nbsp;&nbsp;CDP_AppToCen_AnalyzeApp
</UL>
<BR>[Address Reference Count : 1]<UL><LI> cdp_cenapp.o(i.CDP_CenApp_Init)
</UL>
<P><STRONG><a name="[4e]"></a>CDP_CenServer_ByteRx</STRONG> (Thumb, 56 bytes, Stack size 16 bytes, cdp_censerver.o(i.CDP_CenServer_ByteRx))
<BR><BR>[Stack]<UL><LI>Max Depth = 64<LI>Call Chain = CDP_CenServer_ByteRx &rArr; CDP_FrameRxHandle &rArr; CumulativeSum_Check &rArr; CumulativeSum_Cal
</UL>
<BR>[Calls]<UL><LI><a href="#[1dd]">&gt;&gt;</a>&nbsp;&nbsp;&nbsp;CDP_FrameRxHandle
</UL>
<BR>[Address Reference Count : 1]<UL><LI> cdp_censerver.o(i.CDP_CenServer_Init)
</UL>
<P><STRONG><a name="[53]"></a>Core_GetTCSActionID</STRONG> (Thumb, 20 bytes, Stack size 0 bytes, core.o(i.Core_GetTCSActionID))
<BR>[Address Reference Count : 1]<UL><LI> core.o(i.Core_TCSActionHandle)
</UL>
<P><STRONG><a name="[52]"></a>Core_GetXYZActionID</STRONG> (Thumb, 24 bytes, Stack size 0 bytes, core.o(i.Core_GetXYZActionID))
<BR>[Address Reference Count : 2]<UL><LI> core.o(i.Core_GetXYZMannualManageAttr)
<LI> core.o(i.Core_XYZActionHandle)
</UL>
<P><STRONG><a name="[49]"></a>BackSpike_CountIOCheck_CB</STRONG> (Thumb, 26 bytes, Stack size 8 bytes, backspike.o(i.BackSpike_CountIOCheck_CB))
<BR><BR>[Stack]<UL><LI>Max Depth = 16<LI>Call Chain = BackSpike_CountIOCheck_CB &rArr; MotorCountUpdata
</UL>
<BR>[Calls]<UL><LI><a href="#[1c2]">&gt;&gt;</a>&nbsp;&nbsp;&nbsp;MotorCountUpdata
</UL>
<BR>[Address Reference Count : 1]<UL><LI> backspike.o(i.BackSpike_Init)
</UL>
<P><STRONG><a name="[1c7]"></a>BackSpike_SetAction</STRONG> (Thumb, 112 bytes, Stack size 0 bytes, backspike.o(i.BackSpike_SetAction))
<BR><BR>[Called By]<UL><LI><a href="#[14d]">&gt;&gt;</a>&nbsp;&nbsp;&nbsp;BackSpike_PositionIOCheck
<LI><a href="#[14c]">&gt;&gt;</a>&nbsp;&nbsp;&nbsp;BackSpike_PositionHandle
</UL>

<P><STRONG><a name="[54]"></a>FeetSpike_CountIOCheck_CB</STRONG> (Thumb, 26 bytes, Stack size 8 bytes, feetspike.o(i.FeetSpike_CountIOCheck_CB))
<BR><BR>[Stack]<UL><LI>Max Depth = 16<LI>Call Chain = FeetSpike_CountIOCheck_CB &rArr; MotorCountUpdata
</UL>
<BR>[Calls]<UL><LI><a href="#[1c2]">&gt;&gt;</a>&nbsp;&nbsp;&nbsp;MotorCountUpdata
</UL>
<BR>[Address Reference Count : 1]<UL><LI> feetspike.o(i.FeetSpike_Init)
</UL>
<P><STRONG><a name="[222]"></a>FeetSpike_SetAction</STRONG> (Thumb, 112 bytes, Stack size 0 bytes, feetspike.o(i.FeetSpike_SetAction))
<BR><BR>[Called By]<UL><LI><a href="#[150]">&gt;&gt;</a>&nbsp;&nbsp;&nbsp;FeetSpike_PositionIOCheck
<LI><a href="#[14f]">&gt;&gt;</a>&nbsp;&nbsp;&nbsp;FeetSpike_PositionHandle
</UL>

<P><STRONG><a name="[163]"></a>VoiceKey_AutoLadyOn</STRONG> (Thumb, 22 bytes, Stack size 0 bytes, server.o(i.VoiceKey_AutoLadyOn))
<BR>[Address Reference Count : 1]<UL><LI> server.o(.constdata)
</UL>
<P><STRONG><a name="[164]"></a>VoiceKey_AutoManOn</STRONG> (Thumb, 22 bytes, Stack size 0 bytes, server.o(i.VoiceKey_AutoManOn))
<BR>[Address Reference Count : 1]<UL><LI> server.o(.constdata)
</UL>
<P><STRONG><a name="[15f]"></a>VoiceKey_AutoMoveSleepOn</STRONG> (Thumb, 22 bytes, Stack size 0 bytes, server.o(i.VoiceKey_AutoMoveSleepOn))
<BR>[Address Reference Count : 1]<UL><LI> server.o(.constdata)
</UL>
<P><STRONG><a name="[15d]"></a>VoiceKey_AutoQuickOn</STRONG> (Thumb, 22 bytes, Stack size 0 bytes, server.o(i.VoiceKey_AutoQuickOn))
<BR>[Address Reference Count : 1]<UL><LI> server.o(.constdata)
</UL>
<P><STRONG><a name="[15e]"></a>VoiceKey_AutoRelaxOn</STRONG> (Thumb, 22 bytes, Stack size 0 bytes, server.o(i.VoiceKey_AutoRelaxOn))
<BR>[Address Reference Count : 1]<UL><LI> server.o(.constdata)
</UL>
<P><STRONG><a name="[161]"></a>VoiceKey_AutoScrapingOn</STRONG> (Thumb, 22 bytes, Stack size 0 bytes, server.o(i.VoiceKey_AutoScrapingOn))
<BR>[Address Reference Count : 1]<UL><LI> server.o(.constdata)
</UL>
<P><STRONG><a name="[162]"></a>VoiceKey_AutoShiatsuOn</STRONG> (Thumb, 22 bytes, Stack size 0 bytes, server.o(i.VoiceKey_AutoShiatsuOn))
<BR>[Address Reference Count : 1]<UL><LI> server.o(.constdata)
</UL>
<P><STRONG><a name="[160]"></a>VoiceKey_AutoStretchOn</STRONG> (Thumb, 22 bytes, Stack size 0 bytes, server.o(i.VoiceKey_AutoStretchOn))
<BR>[Address Reference Count : 1]<UL><LI> server.o(.constdata)
</UL>
<P><STRONG><a name="[15a]"></a>VoiceKey_Default</STRONG> (Thumb, 6 bytes, Stack size 0 bytes, server.o(i.VoiceKey_Default))
<BR>[Address Reference Count : 1]<UL><LI> server.o(.constdata)
</UL>
<P><STRONG><a name="[15c]"></a>VoiceKey_HeatLumbarBackOff</STRONG> (Thumb, 22 bytes, Stack size 0 bytes, server.o(i.VoiceKey_HeatLumbarBackOff))
<BR>[Address Reference Count : 1]<UL><LI> server.o(.constdata)
</UL>
<P><STRONG><a name="[15b]"></a>VoiceKey_HeatLumbarBackOn</STRONG> (Thumb, 20 bytes, Stack size 0 bytes, server.o(i.VoiceKey_HeatLumbarBackOn))
<BR>[Address Reference Count : 1]<UL><LI> server.o(.constdata)
</UL>
<P><STRONG><a name="[159]"></a>VoiceKey_PauseOff</STRONG> (Thumb, 22 bytes, Stack size 0 bytes, server.o(i.VoiceKey_PauseOff))
<BR>[Address Reference Count : 1]<UL><LI> server.o(.constdata)
</UL>
<P><STRONG><a name="[158]"></a>VoiceKey_PauseOn</STRONG> (Thumb, 22 bytes, Stack size 0 bytes, server.o(i.VoiceKey_PauseOn))
<BR>[Address Reference Count : 1]<UL><LI> server.o(.constdata)
</UL>
<P><STRONG><a name="[157]"></a>VoiceKey_PowerOff</STRONG> (Thumb, 22 bytes, Stack size 0 bytes, server.o(i.VoiceKey_PowerOff))
<BR>[Address Reference Count : 1]<UL><LI> server.o(.constdata)
</UL>
<P><STRONG><a name="[156]"></a>VoiceKey_PowerOn</STRONG> (Thumb, 22 bytes, Stack size 0 bytes, server.o(i.VoiceKey_PowerOn))
<BR>[Address Reference Count : 1]<UL><LI> server.o(.constdata)
</UL>
<P><STRONG><a name="[5b]"></a>VoiceLogicID</STRONG> (Thumb, 20 bytes, Stack size 0 bytes, server.o(i.VoiceLogicID))
<BR>[Address Reference Count : 1]<UL><LI> server.o(i.Server_CDPDataObjRX_0x0702)
</UL><P>
<H3>
Undefined Global Symbols
</H3><HR></body></html>
