<html>
<body>
<pre>
<h1>礦ision Build Log</h1>
<h2>Tool Versions:</h2>
IDE-Version: μVision V5.32.0.0
Copyright (C) 2020 ARM Ltd and ARM Germany GmbH. All rights reserved.
License Information: wjw User, china, LIC=NQQMA-18DRE-VE5HA-1SFA9-9AMND-R5DKE
 
Tool Versions:
Toolchain:       MDK-ARM Plus  Version: 5.32.0.0
Toolchain Path:  C:\Keil_v5\ARM\ARMCC\Bin
C Compiler:      Armcc.exe V5.06 update 7 (build 960)
Assembler:       Armasm.exe V5.06 update 7 (build 960)
Linker/Locator:  ArmLink.exe V5.06 update 7 (build 960)
Library Manager: ArmAr.exe V5.06 update 7 (build 960)
Hex Converter:   FromElf.exe V5.06 update 7 (build 960)
CPU DLL:         SARMCM3.DLL V5.32.0.0
Dialog DLL:      DCM.DLL V1.17.3.0
Target DLL:      Segger\JL2CM3.dll V2.99.38.0
Dialog DLL:      TCM.DLL V1.46.0.0
 
<h2>Project:</h2>
E:\wjw\project\GD\UART broad Code\EC6263B\EC6263B_UART_V1.0(源代码)\AppProject\Project_Keil\GD32F303_App.uvprojx
Project File Date:  11/18/2021

<h2>Output:</h2>
*** Using Compiler 'V5.06 update 7 (build 960)', folder: 'C:\Keil_v5\ARM\ARMCC\Bin'
Build Project 'GD32F303_App' - Target 'GD32F30X_HD_UseBoot'
Before Build - User command #1: ".\UpdateSystem.bat"
E:\wjw\project\GD\UART broad Code\EC6263B\EC6263B_UART_V1.0(源代码)\AppProject\Project_Keil>echo off 
assembling startup_gd32f30x_hd.s...
compiling gd32f30x_adc.c...
compiling gd32f30x_dma.c...
compiling gd32f30x_exti.c...
compiling gd32f30x_fmc.c...
compiling gd32f30x_fwdgt.c...
compiling gd32f30x_gpio.c...
compiling gd32f30x_misc.c...
compiling gd32f30x_rcu.c...
compiling gd32f30x_timer.c...
compiling gd32f30x_usart.c...
compiling gd32f30x_wwdgt.c...
compiling system_gd32f30x.c...
E:\wjw\project\GD\UART broad Code\EC6263B\EC6263B_UART_V1.0(源代码)\AppProject\SourceFile\BSP\Firmware\CMSIS\GD\GD32F30x\Source\system_gd32f30x.c(151): warning:  #177-D: function "system_clock_config"  was declared but never referenced
  static void system_clock_config(void)
..\SourceFile\BSP\Firmware\CMSIS\GD\GD32F30x\Source\system_gd32f30x.c: 1 warning, 0 errors
compiling bsp.c...
compiling bsp_systicker.c...
compiling bsp_uart.c...
compiling bsp_gpio.c...
compiling bsp_pwmtmr.c...
compiling bsp_watchdog.c...
compiling bsp_flash.c...
compiling bsp_feep.c...
compiling bsp_adc.c...
compiling bsp_exti.c...
compiling main.c...
compiling System.c...
E:\wjw\project\GD\UART broad Code\EC6263B\EC6263B_UART_V1.0(源代码)\AppProject\SourceFile\UserApp\System.c(90): warning:  #1215-D: #warning directive: "下发软件时请在 UserApp/SaveData.c（如果有）文件的 SoftIdentifyInfo[] 数组修改软件版本信息"  
  #warning  "下发软件时请在 UserApp/SaveData.c（如果有）文件的 SoftIdentifyInfo[] 数组修改软件版本信息"  
E:\wjw\project\GD\UART broad Code\EC6263B\EC6263B_UART_V1.0(源代码)\AppProject\SourceFile\UserApp\System.c(91): warning:  #1215-D: #warning directive: "如果使用BootLoader串口升级功能，请选择UseBoot工程，否则使用NoBoot工程"  
  #warning  "如果使用BootLoader串口升级功能，请选择UseBoot工程，否则使用NoBoot工程"  
..\SourceFile\UserApp\System.c: 2 warnings, 0 errors
compiling Clib.c...
compiling Glob.c...
compiling SysRun.c...
compiling Init.c...
compiling Event.c...
linking...
Program Size: Code=5364 RO-data=336 RW-data=72 ZI-data=1736  
FromELF: creating hex file...
After Build - User command #1: ".\..\..\烧写文件_带Boot\BatTools\axftobin_KeilUser.bat"
".\Obj_UseBoot\AppUseBoot.axf" - 0 Error(s), 3 Warning(s).

<h2>Software Packages used:</h2>

Package Vendor: GigaDevice
                http://www.keil.com/pack/GigaDevice.GD32F10x_DFP.2.0.1.pack
                GigaDevice.GD32F10x_DFP.2.0.1
                GigaDevice GD32F10x Series Device Support and Examples

<h2>Collection of Component include folders:</h2>
  C:\Users\wjw.wu\AppData\Local\Arm\Packs\GigaDevice\GD32F10x_DFP\2.0.1\Device\Include

<h2>Collection of Component Files used:</h2>
Build Time Elapsed:  00:00:42
</pre>
</body>
</html>
